Archive member included to satisfy reference by file (symbol)

/opt/st/stm32cubeide_1.9.0/plugins/com.st.stm32cube.ide.mcu.externaltools.gnu-tools-for-stm32.10.3-2021.10.linux64_1.0.0.202111181127/tools/bin/../lib/gcc/arm-none-eabi/10.3.1/../../../../arm-none-eabi/lib/thumb/v7e-m+fp/hard/libc_nano.a(lib_a-errno.o)
                              ./Src/syscalls.o (__errno)
/opt/st/stm32cubeide_1.9.0/plugins/com.st.stm32cube.ide.mcu.externaltools.gnu-tools-for-stm32.10.3-2021.10.linux64_1.0.0.202111181127/tools/bin/../lib/gcc/arm-none-eabi/10.3.1/../../../../arm-none-eabi/lib/thumb/v7e-m+fp/hard/libc_nano.a(lib_a-exit.o)
                              /opt/st/stm32cubeide_1.9.0/plugins/com.st.stm32cube.ide.mcu.externaltools.gnu-tools-for-stm32.10.3-2021.10.linux64_1.0.0.202111181127/tools/bin/../lib/gcc/arm-none-eabi/10.3.1/../../../../arm-none-eabi/lib/thumb/v7e-m+fp/hard/crt0.o (exit)
/opt/st/stm32cubeide_1.9.0/plugins/com.st.stm32cube.ide.mcu.externaltools.gnu-tools-for-stm32.10.3-2021.10.linux64_1.0.0.202111181127/tools/bin/../lib/gcc/arm-none-eabi/10.3.1/../../../../arm-none-eabi/lib/thumb/v7e-m+fp/hard/libc_nano.a(lib_a-impure.o)
                              /opt/st/stm32cubeide_1.9.0/plugins/com.st.stm32cube.ide.mcu.externaltools.gnu-tools-for-stm32.10.3-2021.10.linux64_1.0.0.202111181127/tools/bin/../lib/gcc/arm-none-eabi/10.3.1/../../../../arm-none-eabi/lib/thumb/v7e-m+fp/hard/libc_nano.a(lib_a-exit.o) (_global_impure_ptr)
/opt/st/stm32cubeide_1.9.0/plugins/com.st.stm32cube.ide.mcu.externaltools.gnu-tools-for-stm32.10.3-2021.10.linux64_1.0.0.202111181127/tools/bin/../lib/gcc/arm-none-eabi/10.3.1/../../../../arm-none-eabi/lib/thumb/v7e-m+fp/hard/libc_nano.a(lib_a-init.o)
                              /opt/st/stm32cubeide_1.9.0/plugins/com.st.stm32cube.ide.mcu.externaltools.gnu-tools-for-stm32.10.3-2021.10.linux64_1.0.0.202111181127/tools/bin/../lib/gcc/arm-none-eabi/10.3.1/../../../../arm-none-eabi/lib/thumb/v7e-m+fp/hard/crt0.o (__libc_init_array)
/opt/st/stm32cubeide_1.9.0/plugins/com.st.stm32cube.ide.mcu.externaltools.gnu-tools-for-stm32.10.3-2021.10.linux64_1.0.0.202111181127/tools/bin/../lib/gcc/arm-none-eabi/10.3.1/../../../../arm-none-eabi/lib/thumb/v7e-m+fp/hard/libc_nano.a(lib_a-memset.o)
                              /opt/st/stm32cubeide_1.9.0/plugins/com.st.stm32cube.ide.mcu.externaltools.gnu-tools-for-stm32.10.3-2021.10.linux64_1.0.0.202111181127/tools/bin/../lib/gcc/arm-none-eabi/10.3.1/../../../../arm-none-eabi/lib/thumb/v7e-m+fp/hard/crt0.o (memset)

Discarded input sections

 .text          0x0000000000000000        0x0 /opt/st/stm32cubeide_1.9.0/plugins/com.st.stm32cube.ide.mcu.externaltools.gnu-tools-for-stm32.10.3-2021.10.linux64_1.0.0.202111181127/tools/bin/../lib/gcc/arm-none-eabi/10.3.1/thumb/v7e-m+fp/hard/crti.o
 .data          0x0000000000000000        0x0 /opt/st/stm32cubeide_1.9.0/plugins/com.st.stm32cube.ide.mcu.externaltools.gnu-tools-for-stm32.10.3-2021.10.linux64_1.0.0.202111181127/tools/bin/../lib/gcc/arm-none-eabi/10.3.1/thumb/v7e-m+fp/hard/crti.o
 .bss           0x0000000000000000        0x0 /opt/st/stm32cubeide_1.9.0/plugins/com.st.stm32cube.ide.mcu.externaltools.gnu-tools-for-stm32.10.3-2021.10.linux64_1.0.0.202111181127/tools/bin/../lib/gcc/arm-none-eabi/10.3.1/thumb/v7e-m+fp/hard/crti.o
 .data          0x0000000000000000        0x4 /opt/st/stm32cubeide_1.9.0/plugins/com.st.stm32cube.ide.mcu.externaltools.gnu-tools-for-stm32.10.3-2021.10.linux64_1.0.0.202111181127/tools/bin/../lib/gcc/arm-none-eabi/10.3.1/thumb/v7e-m+fp/hard/crtbegin.o
 .rodata        0x0000000000000000       0x24 /opt/st/stm32cubeide_1.9.0/plugins/com.st.stm32cube.ide.mcu.externaltools.gnu-tools-for-stm32.10.3-2021.10.linux64_1.0.0.202111181127/tools/bin/../lib/gcc/arm-none-eabi/10.3.1/thumb/v7e-m+fp/hard/crtbegin.o
 .text          0x0000000000000000       0x7c /opt/st/stm32cubeide_1.9.0/plugins/com.st.stm32cube.ide.mcu.externaltools.gnu-tools-for-stm32.10.3-2021.10.linux64_1.0.0.202111181127/tools/bin/../lib/gcc/arm-none-eabi/10.3.1/../../../../arm-none-eabi/lib/thumb/v7e-m+fp/hard/crt0.o
 .data          0x0000000000000000        0x0 /opt/st/stm32cubeide_1.9.0/plugins/com.st.stm32cube.ide.mcu.externaltools.gnu-tools-for-stm32.10.3-2021.10.linux64_1.0.0.202111181127/tools/bin/../lib/gcc/arm-none-eabi/10.3.1/../../../../arm-none-eabi/lib/thumb/v7e-m+fp/hard/crt0.o
 .bss           0x0000000000000000        0x0 /opt/st/stm32cubeide_1.9.0/plugins/com.st.stm32cube.ide.mcu.externaltools.gnu-tools-for-stm32.10.3-2021.10.linux64_1.0.0.202111181127/tools/bin/../lib/gcc/arm-none-eabi/10.3.1/../../../../arm-none-eabi/lib/thumb/v7e-m+fp/hard/crt0.o
 .ARM.extab     0x0000000000000000        0x0 /opt/st/stm32cubeide_1.9.0/plugins/com.st.stm32cube.ide.mcu.externaltools.gnu-tools-for-stm32.10.3-2021.10.linux64_1.0.0.202111181127/tools/bin/../lib/gcc/arm-none-eabi/10.3.1/../../../../arm-none-eabi/lib/thumb/v7e-m+fp/hard/crt0.o
[...]
Memory Configuration

Name             Origin             Length             Attributes
CCMRAM           0x0000000010000000 0x0000000000001000 xrw
RAM              0x0000000020000000 0x0000000000003000 xrw
FLASH            0x0000000008000000 0x0000000000010000 xr
*default*        0x0000000000000000 0xffffffffffffffff

Linker script and memory map

LOAD /opt/st/stm32cubeide_1.9.0/plugins/com.st.stm32cube.ide.mcu.externaltools.gnu-tools-for-stm32.10.3-2021.10.linux64_1.0.0.202111181127/tools/bin/../lib/gcc/arm-none-eabi/10.3.1/thumb/v7e-m+fp/hard/crti.o
LOAD /opt/st/stm32cubeide_1.9.0/plugins/com.st.stm32cube.ide.mcu.externaltools.gnu-tools-for-stm32.10.3-2021.10.linux64_1.0.0.202111181127/tools/bin/../lib/gcc/arm-none-eabi/10.3.1/thumb/v7e-m+fp/hard/crtbegin.o
LOAD /opt/st/stm32cubeide_1.9.0/plugins/com.st.stm32cube.ide.mcu.externaltools.gnu-tools-for-stm32.10.3-2021.10.linux64_1.0.0.202111181127/tools/bin/../lib/gcc/arm-none-eabi/10.3.1/../../../../arm-none-eabi/lib/thumb/v7e-m+fp/hard/crt0.o
LOAD ./Application/Src/gpio_app.o
LOAD ./Application/Src/main_app.o
LOAD ./Application/Src/tim_app.o
LOAD ./Application/Src/uart_app.o
LOAD ./Drivers/STM32F3xx_HAL_Driver/Src/Legacy/stm32f3xx_hal_can.o
LOAD ./Drivers/STM32F3xx_HAL_Driver/Src/stm32f3xx_hal.o
LOAD ./Drivers/STM32F3xx_HAL_Driver/Src/stm32f3xx_hal_adc.o
LOAD ./Drivers/STM32F3xx_HAL_Driver/Src/stm32f3xx_hal_adc_ex.o
LOAD ./Drivers/STM32F3xx_HAL_Driver/Src/stm32f3xx_hal_can.o
LOAD ./Drivers/STM32F3xx_HAL_Driver/Src/stm32f3xx_hal_cec.o
LOAD ./Drivers/STM32F3xx_HAL_Driver/Src/stm32f3xx_hal_comp.o
LOAD ./Drivers/STM32F3xx_HAL_Driver/Src/stm32f3xx_hal_cortex.o
LOAD ./Drivers/STM32F3xx_HAL_Driver/Src/stm32f3xx_hal_crc.o
LOAD ./Drivers/STM32F3xx_HAL_Driver/Src/stm32f3xx_hal_crc_ex.o
LOAD ./Drivers/STM32F3xx_HAL_Driver/Src/stm32f3xx_hal_dac.o
LOAD ./Drivers/STM32F3xx_HAL_Driver/Src/stm32f3xx_hal_dac_ex.o
LOAD ./Drivers/STM32F3xx_HAL_Driver/Src/stm32f3xx_hal_dma.o
LOAD ./Drivers/STM32F3xx_HAL_Driver/Src/stm32f3xx_hal_exti.o
LOAD ./Drivers/STM32F3xx_HAL_Driver/Src/stm32f3xx_hal_flash.o
LOAD ./Drivers/STM32F3xx_HAL_Driver/Src/stm32f3xx_hal_flash_ex.o
LOAD ./Drivers/STM32F3xx_HAL_Driver/Src/stm32f3xx_hal_gpio.o
LOAD ./Drivers/STM32F3xx_HAL_Driver/Src/stm32f3xx_hal_hrtim.o
LOAD ./Drivers/STM32F3xx_HAL_Driver/Src/stm32f3xx_hal_i2c.o
LOAD ./Drivers/STM32F3xx_HAL_Driver/Src/stm32f3xx_hal_i2c_ex.o
LOAD ./Drivers/STM32F3xx_HAL_Driver/Src/stm32f3xx_hal_i2s.o
LOAD ./Drivers/STM32F3xx_HAL_Driver/Src/stm32f3xx_hal_i2s_ex.o
LOAD ./Drivers/STM32F3xx_HAL_Driver/Src/stm32f3xx_hal_irda.o
LOAD ./Drivers/STM32F3xx_HAL_Driver/Src/stm32f3xx_hal_iwdg.o
LOAD ./Drivers/STM32F3xx_HAL_Driver/Src/stm32f3xx_hal_nand.o
LOAD ./Drivers/STM32F3xx_HAL_Driver/Src/stm32f3xx_hal_nor.o
LOAD ./Drivers/STM32F3xx_HAL_Driver/Src/stm32f3xx_hal_opamp.o
LOAD ./Drivers/STM32F3xx_HAL_Driver/Src/stm32f3xx_hal_opamp_ex.o
LOAD ./Drivers/STM32F3xx_HAL_Driver/Src/stm32f3xx_hal_pccard.o
LOAD ./Drivers/STM32F3xx_HAL_Driver/Src/stm32f3xx_hal_pcd.o
LOAD ./Drivers/STM32F3xx_HAL_Driver/Src/stm32f3xx_hal_pcd_ex.o
LOAD ./Drivers/STM32F3xx_HAL_Driver/Src/stm32f3xx_hal_pwr.o
LOAD ./Drivers/STM32F3xx_HAL_Driver/Src/stm32f3xx_hal_pwr_ex.o
LOAD ./Drivers/STM32F3xx_HAL_Driver/Src/stm32f3xx_hal_rcc.o
LOAD ./Drivers/STM32F3xx_HAL_Driver/Src/stm32f3xx_hal_rcc_ex.o
LOAD ./Drivers/STM32F3xx_HAL_Driver/Src/stm32f3xx_hal_rtc.o
LOAD ./Drivers/STM32F3xx_HAL_Driver/Src/stm32f3xx_hal_rtc_ex.o
LOAD ./Drivers/STM32F3xx_HAL_Driver/Src/stm32f3xx_hal_sdadc.o
LOAD ./Drivers/STM32F3xx_HAL_Driver/Src/stm32f3xx_hal_smartcard.o
LOAD ./Drivers/STM32F3xx_HAL_Driver/Src/stm32f3xx_hal_smartcard_ex.o
LOAD ./Drivers/STM32F3xx_HAL_Driver/Src/stm32f3xx_hal_smbus.o
LOAD ./Drivers/STM32F3xx_HAL_Driver/Src/stm32f3xx_hal_spi.o
LOAD ./Drivers/STM32F3xx_HAL_Driver/Src/stm32f3xx_hal_spi_ex.o
LOAD ./Drivers/STM32F3xx_HAL_Driver/Src/stm32f3xx_hal_sram.o
LOAD ./Drivers/STM32F3xx_HAL_Driver/Src/stm32f3xx_hal_tim.o
LOAD ./Drivers/STM32F3xx_HAL_Driver/Src/stm32f3xx_hal_tim_ex.o
LOAD ./Drivers/STM32F3xx_HAL_Driver/Src/stm32f3xx_hal_tsc.o
LOAD ./Drivers/STM32F3xx_HAL_Driver/Src/stm32f3xx_hal_uart.o
LOAD ./Drivers/STM32F3xx_HAL_Driver/Src/stm32f3xx_hal_uart_ex.o
LOAD ./Drivers/STM32F3xx_HAL_Driver/Src/stm32f3xx_hal_usart.o
LOAD ./Drivers/STM32F3xx_HAL_Driver/Src/stm32f3xx_hal_usart_ex.o
LOAD ./Drivers/STM32F3xx_HAL_Driver/Src/stm32f3xx_hal_wwdg.o
LOAD ./Drivers/STM32F3xx_HAL_Driver/Src/stm32f3xx_ll_adc.o
LOAD ./Drivers/STM32F3xx_HAL_Driver/Src/stm32f3xx_ll_comp.o
LOAD ./Drivers/STM32F3xx_HAL_Driver/Src/stm32f3xx_ll_crc.o
LOAD ./Drivers/STM32F3xx_HAL_Driver/Src/stm32f3xx_ll_dac.o
LOAD ./Drivers/STM32F3xx_HAL_Driver/Src/stm32f3xx_ll_dma.o
LOAD ./Drivers/STM32F3xx_HAL_Driver/Src/stm32f3xx_ll_exti.o
LOAD ./Drivers/STM32F3xx_HAL_Driver/Src/stm32f3xx_ll_fmc.o
LOAD ./Drivers/STM32F3xx_HAL_Driver/Src/stm32f3xx_ll_gpio.o
LOAD ./Drivers/STM32F3xx_HAL_Driver/Src/stm32f3xx_ll_hrtim.o
LOAD ./Drivers/STM32F3xx_HAL_Driver/Src/stm32f3xx_ll_i2c.o
LOAD ./Drivers/STM32F3xx_HAL_Driver/Src/stm32f3xx_ll_opamp.o
LOAD ./Drivers/STM32F3xx_HAL_Driver/Src/stm32f3xx_ll_pwr.o
LOAD ./Drivers/STM32F3xx_HAL_Driver/Src/stm32f3xx_ll_rcc.o
LOAD ./Drivers/STM32F3xx_HAL_Driver/Src/stm32f3xx_ll_rtc.o
LOAD ./Drivers/STM32F3xx_HAL_Driver/Src/stm32f3xx_ll_spi.o
LOAD ./Drivers/STM32F3xx_HAL_Driver/Src/stm32f3xx_ll_tim.o
LOAD ./Drivers/STM32F3xx_HAL_Driver/Src/stm32f3xx_ll_usart.o
LOAD ./Drivers/STM32F3xx_HAL_Driver/Src/stm32f3xx_ll_usb.o
LOAD ./Drivers/STM32F3xx_HAL_Driver/Src/stm32f3xx_ll_utils.o
LOAD ./Src/main.o
LOAD ./Src/stm32f3xx_hal_msp.o
LOAD ./Src/stm32f3xx_it.o
LOAD ./Src/syscalls.o
LOAD ./Src/sysmem.o
LOAD ./Src/system_stm32f3xx.o
LOAD ./Startup/startup_stm32f303k8tx.o
START GROUP
LOAD /opt/st/stm32cubeide_1.9.0/plugins/com.st.stm32cube.ide.mcu.externaltools.gnu-tools-for-stm32.10.3-2021.10.linux64_1.0.0.202111181127/tools/bin/../lib/gcc/arm-none-eabi/10.3.1/../../../../arm-none-eabi/lib/thumb/v7e-m+fp/hard/libc_nano.a
LOAD /opt/st/stm32cubeide_1.9.0/plugins/com.st.stm32cube.ide.mcu.externaltools.gnu-tools-for-stm32.10.3-2021.10.linux64_1.0.0.202111181127/tools/bin/../lib/gcc/arm-none-eabi/10.3.1/../../../../arm-none-eabi/lib/thumb/v7e-m+fp/hard/libm.a
END GROUP
START GROUP
LOAD /opt/st/stm32cubeide_1.9.0/plugins/com.st.stm32cube.ide.mcu.externaltools.gnu-tools-for-stm32.10.3-2021.10.linux64_1.0.0.202111181127/tools/bin/../lib/gcc/arm-none-eabi/10.3.1/thumb/v7e-m+fp/hard/libgcc.a
LOAD /opt/st/stm32cubeide_1.9.0/plugins/com.st.stm32cube.ide.mcu.externaltools.gnu-tools-for-stm32.10.3-2021.10.linux64_1.0.0.202111181127/tools/bin/../lib/gcc/arm-none-eabi/10.3.1/../../../../arm-none-eabi/lib/thumb/v7e-m+fp/hard/libc_nano.a
END GROUP
START GROUP
LOAD /opt/st/stm32cubeide_1.9.0/plugins/com.st.stm32cube.ide.mcu.externaltools.gnu-tools-for-stm32.10.3-2021.10.linux64_1.0.0.202111181127/tools/bin/../lib/gcc/arm-none-eabi/10.3.1/thumb/v7e-m+fp/hard/libgcc.a
LOAD /opt/st/stm32cubeide_1.9.0/plugins/com.st.stm32cube.ide.mcu.externaltools.gnu-tools-for-stm32.10.3-2021.10.linux64_1.0.0.202111181127/tools/bin/../lib/gcc/arm-none-eabi/10.3.1/../../../../arm-none-eabi/lib/thumb/v7e-m+fp/hard/libc_nano.a
LOAD /opt/st/stm32cubeide_1.9.0/plugins/com.st.stm32cube.ide.mcu.externaltools.gnu-tools-for-stm32.10.3-2021.10.linux64_1.0.0.202111181127/tools/bin/../lib/gcc/arm-none-eabi/10.3.1/../../../../arm-none-eabi/lib/thumb/v7e-m+fp/hard/libnosys.a
END GROUP
START GROUP
LOAD /opt/st/stm32cubeide_1.9.0/plugins/com.st.stm32cube.ide.mcu.externaltools.gnu-tools-for-stm32.10.3-2021.10.linux64_1.0.0.202111181127/tools/bin/../lib/gcc/arm-none-eabi/10.3.1/thumb/v7e-m+fp/hard/libgcc.a
LOAD /opt/st/stm32cubeide_1.9.0/plugins/com.st.stm32cube.ide.mcu.externaltools.gnu-tools-for-stm32.10.3-2021.10.linux64_1.0.0.202111181127/tools/bin/../lib/gcc/arm-none-eabi/10.3.1/../../../../arm-none-eabi/lib/thumb/v7e-m+fp/hard/libc_nano.a
LOAD /opt/st/stm32cubeide_1.9.0/plugins/com.st.stm32cube.ide.mcu.externaltools.gnu-tools-for-stm32.10.3-2021.10.linux64_1.0.0.202111181127/tools/bin/../lib/gcc/arm-none-eabi/10.3.1/../../../../arm-none-eabi/lib/thumb/v7e-m+fp/hard/libnosys.a
END GROUP
LOAD /opt/st/stm32cubeide_1.9.0/plugins/com.st.stm32cube.ide.mcu.externaltools.gnu-tools-for-stm32.10.3-2021.10.linux64_1.0.0.202111181127/tools/bin/../lib/gcc/arm-none-eabi/10.3.1/thumb/v7e-m+fp/hard/crtend.o
LOAD /opt/st/stm32cubeide_1.9.0/plugins/com.st.stm32cube.ide.mcu.externaltools.gnu-tools-for-stm32.10.3-2021.10.linux64_1.0.0.202111181127/tools/bin/../lib/gcc/arm-none-eabi/10.3.1/thumb/v7e-m+fp/hard/crtn.o
                0x0000000020003000                _estack = (ORIGIN (RAM) + LENGTH (RAM))
                0x0000000000000200                _Min_Heap_Size = 0x200
                0x0000000000000400                _Min_Stack_Size = 0x400

.isr_vector     0x0000000008000000      0x194
                0x0000000008000000                . = ALIGN (0x4)
 *(.isr_vector)
 .isr_vector    0x0000000008000000      0x194 ./Startup/startup_stm32f303k8tx.o
                0x0000000008000000                g_pfnVectors
                0x0000000008000194                . = ALIGN (0x4)

.text           0x0000000008000194     0x24c8
                0x0000000008000194                . = ALIGN (0x4)
 *(.text)
 .text          0x0000000008000194       0x40 /opt/st/stm32cubeide_1.9.0/plugins/com.st.stm32cube.ide.mcu.externaltools.gnu-tools-for-stm32.10.3-2021.10.linux64_1.0.0.202111181127/tools/bin/../lib/gcc/arm-none-eabi/10.3.1/thumb/v7e-m+fp/hard/crtbegin.o
 *(.text*)
 .text.MX_GPIO_Init
                0x00000000080001d4       0xc4 ./Application/Src/gpio_app.o
                0x00000000080001d4                MX_GPIO_Init
 .text.AppSystemConfig
                0x0000000008000298       0x18 ./Application/Src/main_app.o
                0x0000000008000298                AppSystemConfig
 .text.AppSystemDefault
                0x00000000080002b0       0x18 ./Application/Src/main_app.o
                0x00000000080002b0                AppSystemDefault
 .text.SystemClock_Config
                0x00000000080002c8       0x5a ./Application/Src/main_app.o
 *fill*         0x0000000008000322        0x2 
 .text.MX_UART2_Init
                0x0000000008000324       0x70 ./Application/Src/uart_app.o
                0x0000000008000324                MX_UART2_Init
 .text.HAL_Init
                0x0000000008000394       0x2c ./Drivers/STM32F3xx_HAL_Driver/Src/stm32f3xx_hal.o
                0x0000000008000394                HAL_Init
 .text.HAL_InitTick
                0x00000000080003c0       0x60 ./Drivers/STM32F3xx_HAL_Driver/Src/stm32f3xx_hal.o
                0x00000000080003c0                HAL_InitTick
 .text.HAL_IncTick
                0x0000000008000420       0x28 ./Drivers/STM32F3xx_HAL_Driver/Src/stm32f3xx_hal.o
                0x0000000008000420                HAL_IncTick
 .text.HAL_GetTick
                0x0000000008000448       0x18 ./Drivers/STM32F3xx_HAL_Driver/Src/stm32f3xx_hal.o
                0x0000000008000448                HAL_GetTick
 .text.__NVIC_SetPriorityGrouping
                0x0000000008000460       0x48 ./Drivers/STM32F3xx_HAL_Driver/Src/stm32f3xx_hal_cortex.o
 .text.__NVIC_GetPriorityGrouping
                0x00000000080004a8       0x1c ./Drivers/STM32F3xx_HAL_Driver/Src/stm32f3xx_hal_cortex.o
 .text.__NVIC_EnableIRQ
                0x00000000080004c4       0x3c ./Drivers/STM32F3xx_HAL_Driver/Src/stm32f3xx_hal_cortex.o
 .text.__NVIC_SetPriority
                0x0000000008000500       0x54 ./Drivers/STM32F3xx_HAL_Driver/Src/stm32f3xx_hal_cortex.o
 .text.NVIC_EncodePriority
                0x0000000008000554       0x66 ./Drivers/STM32F3xx_HAL_Driver/Src/stm32f3xx_hal_cortex.o
 *fill*         0x00000000080005ba        0x2 
 .text.SysTick_Config
                0x00000000080005bc       0x44 ./Drivers/STM32F3xx_HAL_Driver/Src/stm32f3xx_hal_cortex.o
 .text.HAL_NVIC_SetPriorityGrouping
                0x0000000008000600       0x16 ./Drivers/STM32F3xx_HAL_Driver/Src/stm32f3xx_hal_cortex.o
                0x0000000008000600                HAL_NVIC_SetPriorityGrouping
 .text.HAL_NVIC_SetPriority
                0x0000000008000616       0x38 ./Drivers/STM32F3xx_HAL_Driver/Src/stm32f3xx_hal_cortex.o
                0x0000000008000616                HAL_NVIC_SetPriority
 .text.HAL_NVIC_EnableIRQ
                0x000000000800064e       0x1c ./Drivers/STM32F3xx_HAL_Driver/Src/stm32f3xx_hal_cortex.o
                0x000000000800064e                HAL_NVIC_EnableIRQ
 .text.HAL_SYSTICK_Config
                0x000000000800066a       0x18 ./Drivers/STM32F3xx_HAL_Driver/Src/stm32f3xx_hal_cortex.o
                0x000000000800066a                HAL_SYSTICK_Config
 *fill*         0x0000000008000682        0x2 
 .text.HAL_GPIO_Init
                0x0000000008000684      0x2e4 ./Drivers/STM32F3xx_HAL_Driver/Src/stm32f3xx_hal_gpio.o
                0x0000000008000684                HAL_GPIO_Init
 .text.HAL_GPIO_WritePin
                0x0000000008000968       0x30 ./Drivers/STM32F3xx_HAL_Driver/Src/stm32f3xx_hal_gpio.o
                0x0000000008000968                HAL_GPIO_WritePin
 .text.HAL_RCC_OscConfig
                0x0000000008000998     0x107c ./Drivers/STM32F3xx_HAL_Driver/Src/stm32f3xx_hal_rcc.o
                0x0000000008000998                HAL_RCC_OscConfig
 .text.HAL_RCC_ClockConfig
                0x0000000008001a14      0x2f8 ./Drivers/STM32F3xx_HAL_Driver/Src/stm32f3xx_hal_rcc.o
                0x0000000008001a14                HAL_RCC_ClockConfig
 .text.HAL_RCC_GetSysClockFreq
                0x0000000008001d0c       0xd4 ./Drivers/STM32F3xx_HAL_Driver/Src/stm32f3xx_hal_rcc.o
                0x0000000008001d0c                HAL_RCC_GetSysClockFreq
 .text.HAL_RCC_GetHCLKFreq
                0x0000000008001de0       0x18 ./Drivers/STM32F3xx_HAL_Driver/Src/stm32f3xx_hal_rcc.o
                0x0000000008001de0                HAL_RCC_GetHCLKFreq
 .text.HAL_RCC_GetPCLK1Freq
                0x0000000008001df8       0x44 ./Drivers/STM32F3xx_HAL_Driver/Src/stm32f3xx_hal_rcc.o
                0x0000000008001df8                HAL_RCC_GetPCLK1Freq
 .text.HAL_RCC_GetPCLK2Freq
                0x0000000008001e3c       0x44 ./Drivers/STM32F3xx_HAL_Driver/Src/stm32f3xx_hal_rcc.o
                0x0000000008001e3c                HAL_RCC_GetPCLK2Freq
 .text.HAL_UART_Init
                0x0000000008001e80       0x9c ./Drivers/STM32F3xx_HAL_Driver/Src/stm32f3xx_hal_uart.o
                0x0000000008001e80                HAL_UART_Init
 .text.UART_SetConfig
                0x0000000008001f1c      0x26c ./Drivers/STM32F3xx_HAL_Driver/Src/stm32f3xx_hal_uart.o
                0x0000000008001f1c                UART_SetConfig
 .text.UART_AdvFeatureConfig
                0x0000000008002188      0x144 ./Drivers/STM32F3xx_HAL_Driver/Src/stm32f3xx_hal_uart.o
                0x0000000008002188                UART_AdvFeatureConfig
 .text.UART_CheckIdleState
                0x00000000080022cc       0x92 ./Drivers/STM32F3xx_HAL_Driver/Src/stm32f3xx_hal_uart.o
                0x00000000080022cc                UART_CheckIdleState
 .text.UART_WaitOnFlagUntilTimeout
                0x000000000800235e      0x188 ./Drivers/STM32F3xx_HAL_Driver/Src/stm32f3xx_hal_uart.o
                0x000000000800235e                UART_WaitOnFlagUntilTimeout
 .text.main     0x00000000080024e6        0xe ./Src/main.o
                0x00000000080024e6                main
 .text.HAL_MspInit
                0x00000000080024f4       0x48 ./Src/stm32f3xx_hal_msp.o
                0x00000000080024f4                HAL_MspInit
 .text.HAL_UART_MspInit
                0x000000000800253c       0x60 ./Src/stm32f3xx_hal_msp.o
                0x000000000800253c                HAL_UART_MspInit
 .text.SysTick_Handler
                0x000000000800259c        0xc ./Src/stm32f3xx_it.o
                0x000000000800259c                SysTick_Handler
 .text.Reset_Handler
                0x00000000080025a8       0x50 ./Startup/startup_stm32f303k8tx.o
                0x00000000080025a8                Reset_Handler
 .text.Default_Handler
                0x00000000080025f8        0x2 ./Startup/startup_stm32f303k8tx.o
                0x00000000080025f8                TIM8_TRG_COM_IRQHandler
                0x00000000080025f8                TIM8_CC_IRQHandler
                0x00000000080025f8                DebugMon_Handler
                0x00000000080025f8                DMA1_CH4_IRQHandler
                0x00000000080025f8                SPI4_IRQHandler
                0x00000000080025f8                TIM1_CC_IRQHandler
                0x00000000080025f8                HardFault_Handler
                0x00000000080025f8                USB_HP_IRQHandler
                0x00000000080025f8                I2C2_EV_EXTI24_IRQHandler
                0x00000000080025f8                USB_WKUP_EXTI_IRQHandler
                0x00000000080025f8                PVD_IRQHandler
                0x00000000080025f8                UART4_EXTI34_IRQHandler
                0x00000000080025f8                TAMP_STAMP_IRQHandler
                0x00000000080025f8                PendSV_Handler
                0x00000000080025f8                NMI_Handler
                0x00000000080025f8                EXTI3_IRQHandler
                0x00000000080025f8                I2C3_ER_IRQHandler
                0x00000000080025f8                TIM6_DACUNDER_IRQHandler
                0x00000000080025f8                USB_HP_CAN_TX_IRQHandler
                0x00000000080025f8                EXTI0_IRQHandler
                0x00000000080025f8                DMA2_CH1_IRQHandler
                0x00000000080025f8                FPU_IRQHandler
                0x00000000080025f8                TIM1_UP_TIM16_IRQHandler
                0x00000000080025f8                UsageFault_Handler
                0x00000000080025f8                ADC1_2_IRQHandler
                0x00000000080025f8                SPI1_IRQHandler
                0x00000000080025f8                CAN_SCE_IRQHandler
                0x00000000080025f8                DMA1_CH7_IRQHandler
                0x00000000080025f8                TIM8_UP_IRQHandler
                0x00000000080025f8                COMP456_IRQHandler
                0x00000000080025f8                DMA1_CH6_IRQHandler
                0x00000000080025f8                TIM20_TRG_COM_IRQHandler
                0x00000000080025f8                ADC3_IRQHandler
                0x00000000080025f8                TIM4_IRQHandler
                0x00000000080025f8                CAN_RX1_IRQHandler
                0x00000000080025f8                USART1_EXTI25_IRQHandler
                0x00000000080025f8                DMA2_CH5_IRQHandler
                0x00000000080025f8                I2C1_EV_EXTI23_IRQHandler
                0x00000000080025f8                DMA1_CH3_IRQHandler
                0x00000000080025f8                TIM3_IRQHandler
                0x00000000080025f8                RCC_IRQHandler
                0x00000000080025f8                TIM20_UP_IRQHandler
                0x00000000080025f8                Default_Handler
                0x00000000080025f8                EXTI15_10_IRQHandler
                0x00000000080025f8                USART2_EXTI26_IRQHandler
                0x00000000080025f8                USART3_EXTI28_IRQHandler
                0x00000000080025f8                TIM7_IRQHandler
                0x00000000080025f8                I2C3_EV_IRQHandler
                0x00000000080025f8                EXTI9_5_IRQHandler
                0x00000000080025f8                DMA1_CH2_IRQHandler
                0x00000000080025f8                RTC_WKUP_IRQHandler
                0x00000000080025f8                SPI2_IRQHandler
                0x00000000080025f8                DMA1_CH1_IRQHandler
                0x00000000080025f8                USB_LP_CAN_RX0_IRQHandler
                0x00000000080025f8                MemManage_Handler
                0x00000000080025f8                COMP123_IRQHandler
                0x00000000080025f8                SVC_Handler
                0x00000000080025f8                USB_LP_IRQHandler
                0x00000000080025f8                EXTI4_IRQHandler
                0x00000000080025f8                TIM1_TRG_COM_TIM17_IRQHandler
                0x00000000080025f8                ADC4_IRQHandler
                0x00000000080025f8                WWDG_IRQHandler
                0x00000000080025f8                TIM2_IRQHandler
                0x00000000080025f8                COMP7_IRQHandler
                0x00000000080025f8                EXTI1_IRQHandler
                0x00000000080025f8                RTCAlarm_IRQHandler
                0x00000000080025f8                UART5_EXTI35_IRQHandler
                0x00000000080025f8                TIM20_BRK_IRQHandler
                0x00000000080025f8                I2C2_ER_IRQHandler
                0x00000000080025f8                TIM8_BRK_IRQHandler
                0x00000000080025f8                FLASH_IRQHandler
                0x00000000080025f8                TIM20_CC_IRQHandler
                0x00000000080025f8                BusFault_Handler
                0x00000000080025f8                SPI3_IRQHandler
                0x00000000080025f8                DMA2_CH3_IRQHandler
                0x00000000080025f8                DMA2_CH2_IRQHandler
                0x00000000080025f8                I2C1_ER_IRQHandler
                0x00000000080025f8                FMC_IRQHandler
                0x00000000080025f8                DMA1_CH5_IRQHandler
                0x00000000080025f8                DMA2_CH4_IRQHandler
                0x00000000080025f8                USB_WKUP_IRQHandler
                0x00000000080025f8                EXTI2_TSC_IRQHandler
                0x00000000080025f8                TIM1_BRK_TIM15_IRQHandler
 *fill*         0x00000000080025fa        0x2 
 .text.__libc_init_array
                0x00000000080025fc       0x48 /opt/st/stm32cubeide_1.9.0/plugins/com.st.stm32cube.ide.mcu.externaltools.gnu-tools-for-stm32.10.3-2021.10.linux64_1.0.0.202111181127/tools/bin/../lib/gcc/arm-none-eabi/10.3.1/../../../../arm-none-eabi/lib/thumb/v7e-m+fp/hard/libc_nano.a(lib_a-init.o)
                0x00000000080025fc                __libc_init_array
 *(.glue_7)
 .glue_7        0x0000000008002644        0x0 linker stubs
 *(.glue_7t)
 .glue_7t       0x0000000008002644        0x0 linker stubs
 *(.eh_frame)
 .eh_frame      0x0000000008002644        0x0 /opt/st/stm32cubeide_1.9.0/plugins/com.st.stm32cube.ide.mcu.externaltools.gnu-tools-for-stm32.10.3-2021.10.linux64_1.0.0.202111181127/tools/bin/../lib/gcc/arm-none-eabi/10.3.1/thumb/v7e-m+fp/hard/crtbegin.o
 *(.init)
 .init          0x0000000008002644        0x4 /opt/st/stm32cubeide_1.9.0/plugins/com.st.stm32cube.ide.mcu.externaltools.gnu-tools-for-stm32.10.3-2021.10.linux64_1.0.0.202111181127/tools/bin/../lib/gcc/arm-none-eabi/10.3.1/thumb/v7e-m+fp/hard/crti.o
                0x0000000008002644                _init
 .init          0x0000000008002648        0x8 /opt/st/stm32cubeide_1.9.0/plugins/com.st.stm32cube.ide.mcu.externaltools.gnu-tools-for-stm32.10.3-2021.10.linux64_1.0.0.202111181127/tools/bin/../lib/gcc/arm-none-eabi/10.3.1/thumb/v7e-m+fp/hard/crtn.o
 *(.fini)
 .fini          0x0000000008002650        0x4 /opt/st/stm32cubeide_1.9.0/plugins/com.st.stm32cube.ide.mcu.externaltools.gnu-tools-for-stm32.10.3-2021.10.linux64_1.0.0.202111181127/tools/bin/../lib/gcc/arm-none-eabi/10.3.1/thumb/v7e-m+fp/hard/crti.o
                0x0000000008002650                _fini
 .fini          0x0000000008002654        0x8 /opt/st/stm32cubeide_1.9.0/plugins/com.st.stm32cube.ide.mcu.externaltools.gnu-tools-for-stm32.10.3-2021.10.linux64_1.0.0.202111181127/tools/bin/../lib/gcc/arm-none-eabi/10.3.1/thumb/v7e-m+fp/hard/crtn.o
                0x000000000800265c                . = ALIGN (0x4)
                0x000000000800265c                _etext = .

.vfp11_veneer   0x000000000800265c        0x0
 .vfp11_veneer  0x000000000800265c        0x0 linker stubs

.v4_bx          0x000000000800265c        0x0
 .v4_bx         0x000000000800265c        0x0 linker stubs

.iplt           0x000000000800265c        0x0
 .iplt          0x000000000800265c        0x0 /opt/st/stm32cubeide_1.9.0/plugins/com.st.stm32cube.ide.mcu.externaltools.gnu-tools-for-stm32.10.3-2021.10.linux64_1.0.0.202111181127/tools/bin/../lib/gcc/arm-none-eabi/10.3.1/thumb/v7e-m+fp/hard/crtbegin.o

.rodata         0x000000000800265c       0x38
                0x000000000800265c                . = ALIGN (0x4)
 *(.rodata)
 *(.rodata*)
 .rodata.aPLLMULFactorTable
                0x000000000800265c       0x10 ./Drivers/STM32F3xx_HAL_Driver/Src/stm32f3xx_hal_rcc.o
                0x000000000800265c                aPLLMULFactorTable
 .rodata.aPredivFactorTable
                0x000000000800266c       0x10 ./Drivers/STM32F3xx_HAL_Driver/Src/stm32f3xx_hal_rcc.o
                0x000000000800266c                aPredivFactorTable
 .rodata.AHBPrescTable
                0x000000000800267c       0x10 ./Src/system_stm32f3xx.o
                0x000000000800267c                AHBPrescTable
 .rodata.APBPrescTable
                0x000000000800268c        0x8 ./Src/system_stm32f3xx.o
                0x000000000800268c                APBPrescTable
                0x0000000008002694                . = ALIGN (0x4)

.rel.dyn        0x0000000008002694        0x0
 .rel.iplt      0x0000000008002694        0x0 /opt/st/stm32cubeide_1.9.0/plugins/com.st.stm32cube.ide.mcu.externaltools.gnu-tools-for-stm32.10.3-2021.10.linux64_1.0.0.202111181127/tools/bin/../lib/gcc/arm-none-eabi/10.3.1/thumb/v7e-m+fp/hard/crtbegin.o

.ARM.extab      0x0000000008002694        0x0
                0x0000000008002694                . = ALIGN (0x4)
 *(.ARM.extab* .gnu.linkonce.armextab.*)
                0x0000000008002694                . = ALIGN (0x4)

.ARM            0x0000000008002694        0x0
                0x0000000008002694                . = ALIGN (0x4)
                0x0000000008002694                __exidx_start = .
 *(.ARM.exidx*)
                0x0000000008002694                __exidx_end = .
                0x0000000008002694                . = ALIGN (0x4)

.preinit_array  0x0000000008002694        0x0
                0x0000000008002694                . = ALIGN (0x4)
                0x0000000008002694                PROVIDE (__preinit_array_start = .)
 *(.preinit_array*)
                0x0000000008002694                PROVIDE (__preinit_array_end = .)
                0x0000000008002694                . = ALIGN (0x4)

.init_array     0x0000000008002694        0x4
                0x0000000008002694                . = ALIGN (0x4)
                0x0000000008002694                PROVIDE (__init_array_start = .)
 *(SORT_BY_NAME(.init_array.*))
 *(.init_array*)
 .init_array    0x0000000008002694        0x4 /opt/st/stm32cubeide_1.9.0/plugins/com.st.stm32cube.ide.mcu.externaltools.gnu-tools-for-stm32.10.3-2021.10.linux64_1.0.0.202111181127/tools/bin/../lib/gcc/arm-none-eabi/10.3.1/thumb/v7e-m+fp/hard/crtbegin.o
                0x0000000008002698                PROVIDE (__init_array_end = .)
                0x0000000008002698                . = ALIGN (0x4)

.fini_array     0x0000000008002698        0x4
                0x0000000008002698                . = ALIGN (0x4)
                [!provide]                        PROVIDE (__fini_array_start = .)
 *(SORT_BY_NAME(.fini_array.*))
 *(.fini_array*)
 .fini_array    0x0000000008002698        0x4 /opt/st/stm32cubeide_1.9.0/plugins/com.st.stm32cube.ide.mcu.externaltools.gnu-tools-for-stm32.10.3-2021.10.linux64_1.0.0.202111181127/tools/bin/../lib/gcc/arm-none-eabi/10.3.1/thumb/v7e-m+fp/hard/crtbegin.o
                [!provide]                        PROVIDE (__fini_array_end = .)
                0x000000000800269c                . = ALIGN (0x4)
                0x000000000800269c                _sidata = LOADADDR (.data)

.data           0x0000000020000000        0xc load address 0x000000000800269c
                0x0000000020000000                . = ALIGN (0x4)
                0x0000000020000000                _sdata = .
 *(.data)
 *(.data*)
 .data.uwTickPrio
                0x0000000020000000        0x4 ./Drivers/STM32F3xx_HAL_Driver/Src/stm32f3xx_hal.o
                0x0000000020000000                uwTickPrio
 .data.uwTickFreq
                0x0000000020000004        0x1 ./Drivers/STM32F3xx_HAL_Driver/Src/stm32f3xx_hal.o
                0x0000000020000004                uwTickFreq
 *fill*         0x0000000020000005        0x3 
 .data.SystemCoreClock
                0x0000000020000008        0x4 ./Src/system_stm32f3xx.o
                0x0000000020000008                SystemCoreClock
 *(.RamFunc)
 *(.RamFunc*)
                0x000000002000000c                . = ALIGN (0x4)
                0x000000002000000c                _edata = .
                0x00000000080026a8                _siccmram = LOADADDR (.ccmram)

.igot.plt       0x000000002000000c        0x0 load address 0x00000000080026a8
 .igot.plt      0x000000002000000c        0x0 /opt/st/stm32cubeide_1.9.0/plugins/com.st.stm32cube.ide.mcu.externaltools.gnu-tools-for-stm32.10.3-2021.10.linux64_1.0.0.202111181127/tools/bin/../lib/gcc/arm-none-eabi/10.3.1/thumb/v7e-m+fp/hard/crtbegin.o

.ccmram         0x0000000010000000        0x0 load address 0x00000000080026a8
                0x0000000010000000                . = ALIGN (0x4)
                0x0000000010000000                _sccmram = .
 *(.ccmram)
 *(.ccmram*)
                0x0000000010000000                . = ALIGN (0x4)
                0x0000000010000000                _eccmram = .
                0x0000000010000000                . = ALIGN (0x4)

.bss            0x000000002000000c       0xa4
                0x000000002000000c                _sbss = .
                0x000000002000000c                __bss_start__ = _sbss
 *(.bss)
 .bss           0x000000002000000c       0x1c /opt/st/stm32cubeide_1.9.0/plugins/com.st.stm32cube.ide.mcu.externaltools.gnu-tools-for-stm32.10.3-2021.10.linux64_1.0.0.202111181127/tools/bin/../lib/gcc/arm-none-eabi/10.3.1/thumb/v7e-m+fp/hard/crtbegin.o
 *(.bss*)
 .bss.huart2    0x0000000020000028       0x84 ./Application/Src/uart_app.o
                0x0000000020000028                huart2
 .bss.uwTick    0x00000000200000ac        0x4 ./Drivers/STM32F3xx_HAL_Driver/Src/stm32f3xx_hal.o
                0x00000000200000ac                uwTick
 *(COMMON)
                0x00000000200000b0                . = ALIGN (0x4)
                0x00000000200000b0                _ebss = .
                0x00000000200000b0                __bss_end__ = _ebss

._user_heap_stack
                0x00000000200000b0      0x600
                0x00000000200000b0                . = ALIGN (0x8)
                [!provide]                        PROVIDE (end = .)
                0x00000000200000b0                PROVIDE (_end = .)
                0x00000000200002b0                . = (. + _Min_Heap_Size)
 *fill*         0x00000000200000b0      0x200 
                0x00000000200006b0                . = (. + _Min_Stack_Size)
 *fill*         0x00000000200002b0      0x400 
                0x00000000200006b0                . = ALIGN (0x8)

/DISCARD/
 libc.a(*)
 libm.a(*)
 libgcc.a(*)

.ARM.attributes
                0x0000000000000000       0x30
 *(.ARM.attributes)
 .ARM.attributes
                0x0000000000000000       0x1e /opt/st/stm32cubeide_1.9.0/plugins/com.st.stm32cube.ide.mcu.externaltools.gnu-tools-for-stm32.10.3-2021.10.linux64_1.0.0.202111181127/tools/bin/../lib/gcc/arm-none-eabi/10.3.1/thumb/v7e-m+fp/hard/crti.o
 .ARM.attributes
                0x000000000000001e       0x34 /opt/st/stm32cubeide_1.9.0/plugins/com.st.stm32cube.ide.mcu.externaltools.gnu-tools-for-stm32.10.3-2021.10.linux64_1.0.0.202111181127/tools/bin/../lib/gcc/arm-none-eabi/10.3.1/thumb/v7e-m+fp/hard/crtbegin.o
 .ARM.attributes
                0x0000000000000052       0x34 ./Application/Src/gpio_app.o
 .ARM.attributes
                0x0000000000000086       0x34 ./Application/Src/main_app.o
 .ARM.attributes
                0x00000000000000ba       0x34 ./Application/Src/uart_app.o
 .ARM.attributes
                0x00000000000000ee       0x34 ./Drivers/STM32F3xx_HAL_Driver/Src/stm32f3xx_hal.o
 .ARM.attributes
                0x0000000000000122       0x34 ./Drivers/STM32F3xx_HAL_Driver/Src/stm32f3xx_hal_cortex.o
 .ARM.attributes
                0x0000000000000156       0x34 ./Drivers/STM32F3xx_HAL_Driver/Src/stm32f3xx_hal_gpio.o
 .ARM.attributes
                0x000000000000018a       0x34 ./Drivers/STM32F3xx_HAL_Driver/Src/stm32f3xx_hal_rcc.o
 .ARM.attributes
                0x00000000000001be       0x34 ./Drivers/STM32F3xx_HAL_Driver/Src/stm32f3xx_hal_uart.o
 .ARM.attributes
                0x00000000000001f2       0x34 ./Src/main.o
 .ARM.attributes
                0x0000000000000226       0x34 ./Src/stm32f3xx_hal_msp.o
 .ARM.attributes
                0x000000000000025a       0x34 ./Src/stm32f3xx_it.o
 .ARM.attributes
                0x000000000000028e       0x34 ./Src/system_stm32f3xx.o
 .ARM.attributes
                0x00000000000002c2       0x21 ./Startup/startup_stm32f303k8tx.o
 .ARM.attributes
                0x00000000000002e3       0x34 /opt/st/stm32cubeide_1.9.0/plugins/com.st.stm32cube.ide.mcu.externaltools.gnu-tools-for-stm32.10.3-2021.10.linux64_1.0.0.202111181127/tools/bin/../lib/gcc/arm-none-eabi/10.3.1/../../../../arm-none-eabi/lib/thumb/v7e-m+fp/hard/libc_nano.a(lib_a-init.o)
 .ARM.attributes
                0x0000000000000317       0x1e /opt/st/stm32cubeide_1.9.0/plugins/com.st.stm32cube.ide.mcu.externaltools.gnu-tools-for-stm32.10.3-2021.10.linux64_1.0.0.202111181127/tools/bin/../lib/gcc/arm-none-eabi/10.3.1/thumb/v7e-m+fp/hard/crtn.o
OUTPUT(DCMotor_Controller.elf elf32-littlearm)
LOAD linker stubs
LOAD /opt/st/stm32cubeide_1.9.0/plugins/com.st.stm32cube.ide.mcu.externaltools.gnu-tools-for-stm32.10.3-2021.10.linux64_1.0.0.202111181127/tools/bin/../lib/gcc/arm-none-eabi/10.3.1/../../../../arm-none-eabi/lib/thumb/v7e-m+fp/hard/libc.a
LOAD /opt/st/stm32cubeide_1.9.0/plugins/com.st.stm32cube.ide.mcu.externaltools.gnu-tools-for-stm32.10.3-2021.10.linux64_1.0.0.202111181127/tools/bin/../lib/gcc/arm-none-eabi/10.3.1/../../../../arm-none-eabi/lib/thumb/v7e-m+fp/hard/libm.a
LOAD /opt/st/stm32cubeide_1.9.0/plugins/com.st.stm32cube.ide.mcu.externaltools.gnu-tools-for-stm32.10.3-2021.10.linux64_1.0.0.202111181127/tools/bin/../lib/gcc/arm-none-eabi/10.3.1/thumb/v7e-m+fp/hard/libgcc.a

.debug_info     0x0000000000000000     0x89c8
 .debug_info    0x0000000000000000      0x48f ./Application/Src/gpio_app.o
 .debug_info    0x000000000000048f      0x3eb ./Application/Src/main_app.o
 .debug_info    0x000000000000087a      0x7e5 ./Application/Src/uart_app.o
 .debug_info    0x000000000000105f      0x77d ./Drivers/STM32F3xx_HAL_Driver/Src/stm32f3xx_hal.o
 .debug_info    0x00000000000017dc      0xb20 ./Drivers/STM32F3xx_HAL_Driver/Src/stm32f3xx_hal_cortex.o
 .debug_info    0x00000000000022fc      0x74e ./Drivers/STM32F3xx_HAL_Driver/Src/stm32f3xx_hal_gpio.o
 .debug_info    0x0000000000002a4a     0x1586 ./Drivers/STM32F3xx_HAL_Driver/Src/stm32f3xx_hal_rcc.o
 .debug_info    0x0000000000003fd0     0x3ad3 ./Drivers/STM32F3xx_HAL_Driver/Src/stm32f3xx_hal_uart.o
 .debug_info    0x0000000000007aa3       0xa4 ./Src/main.o
 .debug_info    0x0000000000007b47      0xcc9 ./Src/stm32f3xx_hal_msp.o
 .debug_info    0x0000000000008810       0x99 ./Src/stm32f3xx_it.o
 .debug_info    0x00000000000088a9       0xfd ./Src/system_stm32f3xx.o
 .debug_info    0x00000000000089a6       0x22 ./Startup/startup_stm32f303k8tx.o

.debug_abbrev   0x0000000000000000     0x13c4
 .debug_abbrev  0x0000000000000000      0x14f ./Application/Src/gpio_app.o
 .debug_abbrev  0x000000000000014f      0x1a7 ./Application/Src/main_app.o
 .debug_abbrev  0x00000000000002f6      0x17d ./Application/Src/uart_app.o
 .debug_abbrev  0x0000000000000473      0x20e ./Drivers/STM32F3xx_HAL_Driver/Src/stm32f3xx_hal.o
 .debug_abbrev  0x0000000000000681      0x2ed ./Drivers/STM32F3xx_HAL_Driver/Src/stm32f3xx_hal_cortex.o
 .debug_abbrev  0x000000000000096e      0x1bb ./Drivers/STM32F3xx_HAL_Driver/Src/stm32f3xx_hal_gpio.o
 .debug_abbrev  0x0000000000000b29      0x30c ./Drivers/STM32F3xx_HAL_Driver/Src/stm32f3xx_hal_rcc.o
 .debug_abbrev  0x0000000000000e35      0x2bc ./Drivers/STM32F3xx_HAL_Driver/Src/stm32f3xx_hal_uart.o
 .debug_abbrev  0x00000000000010f1       0x5c ./Src/main.o
 .debug_abbrev  0x000000000000114d      0x1a7 ./Src/stm32f3xx_hal_msp.o
 .debug_abbrev  0x00000000000012f4       0x5a ./Src/stm32f3xx_it.o
 .debug_abbrev  0x000000000000134e       0x64 ./Src/system_stm32f3xx.o
 .debug_abbrev  0x00000000000013b2       0x12 ./Startup/startup_stm32f303k8tx.o

.debug_aranges  0x0000000000000000      0x618
 .debug_aranges
                0x0000000000000000       0x20 ./Application/Src/gpio_app.o
 .debug_aranges
                0x0000000000000020       0x38 ./Application/Src/main_app.o
 .debug_aranges
                0x0000000000000058       0x28 ./Application/Src/uart_app.o
 .debug_aranges
                0x0000000000000080       0xe0 ./Drivers/STM32F3xx_HAL_Driver/Src/stm32f3xx_hal.o
 .debug_aranges
                0x0000000000000160      0x100 ./Drivers/STM32F3xx_HAL_Driver/Src/stm32f3xx_hal_cortex.o
 .debug_aranges
                0x0000000000000260       0x58 ./Drivers/STM32F3xx_HAL_Driver/Src/stm32f3xx_hal_gpio.o
 .debug_aranges
                0x00000000000002b8       0x88 ./Drivers/STM32F3xx_HAL_Driver/Src/stm32f3xx_hal_rcc.o
 .debug_aranges
                0x0000000000000340      0x228 ./Drivers/STM32F3xx_HAL_Driver/Src/stm32f3xx_hal_uart.o
 .debug_aranges
                0x0000000000000568       0x20 ./Src/main.o
 .debug_aranges
                0x0000000000000588       0x30 ./Src/stm32f3xx_hal_msp.o
 .debug_aranges
                0x00000000000005b8       0x20 ./Src/stm32f3xx_it.o
 .debug_aranges
                0x00000000000005d8       0x18 ./Src/system_stm32f3xx.o
 .debug_aranges
                0x00000000000005f0       0x28 ./Startup/startup_stm32f303k8tx.o

.debug_ranges   0x0000000000000000      0x578
 .debug_ranges  0x0000000000000000       0x10 ./Application/Src/gpio_app.o
 .debug_ranges  0x0000000000000010       0x28 ./Application/Src/main_app.o
 .debug_ranges  0x0000000000000038       0x18 ./Application/Src/uart_app.o
 .debug_ranges  0x0000000000000050       0xd0 ./Drivers/STM32F3xx_HAL_Driver/Src/stm32f3xx_hal.o
 .debug_ranges  0x0000000000000120       0xf0 ./Drivers/STM32F3xx_HAL_Driver/Src/stm32f3xx_hal_cortex.o
 .debug_ranges  0x0000000000000210       0x48 ./Drivers/STM32F3xx_HAL_Driver/Src/stm32f3xx_hal_gpio.o
 .debug_ranges  0x0000000000000258       0x78 ./Drivers/STM32F3xx_HAL_Driver/Src/stm32f3xx_hal_rcc.o
 .debug_ranges  0x00000000000002d0      0x248 ./Drivers/STM32F3xx_HAL_Driver/Src/stm32f3xx_hal_uart.o
 .debug_ranges  0x0000000000000518       0x10 ./Src/main.o
 .debug_ranges  0x0000000000000528       0x20 ./Src/stm32f3xx_hal_msp.o
 .debug_ranges  0x0000000000000548       0x10 ./Src/stm32f3xx_it.o
 .debug_ranges  0x0000000000000558       0x20 ./Startup/startup_stm32f303k8tx.o

.debug_macro    0x0000000000000000    0x1bbdb
 .debug_macro   0x0000000000000000      0x351 ./Application/Src/gpio_app.o
 .debug_macro   0x0000000000000351      0xa78 ./Application/Src/gpio_app.o
 .debug_macro   0x0000000000000dc9      0x15d ./Application/Src/gpio_app.o
 .debug_macro   0x0000000000000f26       0x2e ./Application/Src/gpio_app.o
 .debug_macro   0x0000000000000f54       0x28 ./Application/Src/gpio_app.o
 .debug_macro   0x0000000000000f7c       0x22 ./Application/Src/gpio_app.o
 .debug_macro   0x0000000000000f9e       0x8e ./Application/Src/gpio_app.o
 .debug_macro   0x000000000000102c       0x51 ./Application/Src/gpio_app.o
 .debug_macro   0x000000000000107d      0x103 ./Application/Src/gpio_app.o
 .debug_macro   0x0000000000001180       0x6a ./Application/Src/gpio_app.o
 .debug_macro   0x00000000000011ea      0x1df ./Application/Src/gpio_app.o
 .debug_macro   0x00000000000013c9       0x1c ./Application/Src/gpio_app.o
 .debug_macro   0x00000000000013e5       0x22 ./Application/Src/gpio_app.o
 .debug_macro   0x0000000000001407       0xd9 ./Application/Src/gpio_app.o
 .debug_macro   0x00000000000014e0      0xf07 ./Application/Src/gpio_app.o
 .debug_macro   0x00000000000023e7    0x10be0 ./Application/Src/gpio_app.o
 .debug_macro   0x0000000000012fc7       0x6d ./Application/Src/gpio_app.o
 .debug_macro   0x0000000000013034     0x3540 ./Application/Src/gpio_app.o
 .debug_macro   0x0000000000016574      0x174 ./Application/Src/gpio_app.o
 .debug_macro   0x00000000000166e8       0x55 ./Application/Src/gpio_app.o
 .debug_macro   0x000000000001673d      0x8f9 ./Application/Src/gpio_app.o
 .debug_macro   0x0000000000017036      0x304 ./Application/Src/gpio_app.o
 .debug_macro   0x000000000001733a      0x1b6 ./Application/Src/gpio_app.o
 .debug_macro   0x00000000000174f0      0x11b ./Application/Src/gpio_app.o
 .debug_macro   0x000000000001760b      0x1d5 ./Application/Src/gpio_app.o
 .debug_macro   0x00000000000177e0      0x1bc ./Application/Src/gpio_app.o
 .debug_macro   0x000000000001799c       0x34 ./Application/Src/gpio_app.o
 .debug_macro   0x00000000000179d0       0x3c ./Application/Src/gpio_app.o
 .debug_macro   0x0000000000017a0c       0x57 ./Application/Src/gpio_app.o
 .debug_macro   0x0000000000017a63       0xc5 ./Application/Src/gpio_app.o
 .debug_macro   0x0000000000017b28      0x19f ./Application/Src/gpio_app.o
 .debug_macro   0x0000000000017cc7       0x81 ./Application/Src/gpio_app.o
 .debug_macro   0x0000000000017d48       0xd3 ./Application/Src/gpio_app.o
 .debug_macro   0x0000000000017e1b      0x2fe ./Application/Src/gpio_app.o
 .debug_macro   0x0000000000018119      0x388 ./Application/Src/gpio_app.o
 .debug_macro   0x00000000000184a1       0xeb ./Application/Src/gpio_app.o
 .debug_macro   0x000000000001858c      0xa3d ./Application/Src/gpio_app.o
 .debug_macro   0x0000000000018fc9       0x59 ./Application/Src/gpio_app.o
 .debug_macro   0x0000000000019022      0x5a5 ./Application/Src/gpio_app.o
 .debug_macro   0x00000000000195c7       0x44 ./Application/Src/gpio_app.o
 .debug_macro   0x000000000001960b      0x286 ./Application/Src/gpio_app.o
 .debug_macro   0x0000000000019891       0x52 ./Application/Src/gpio_app.o
 .debug_macro   0x00000000000198e3       0x1e ./Application/Src/gpio_app.o
 .debug_macro   0x0000000000019901       0x3c ./Application/Src/gpio_app.o
 .debug_macro   0x000000000001993d       0x34 ./Application/Src/gpio_app.o
 .debug_macro   0x0000000000019971       0x16 ./Application/Src/gpio_app.o
 .debug_macro   0x0000000000019987       0x35 ./Application/Src/gpio_app.o
 .debug_macro   0x00000000000199bc      0x341 ./Application/Src/gpio_app.o
 .debug_macro   0x0000000000019cfd       0x10 ./Application/Src/gpio_app.o
 .debug_macro   0x0000000000019d0d       0x16 ./Application/Src/gpio_app.o
 .debug_macro   0x0000000000019d23       0x43 ./Application/Src/gpio_app.o
 .debug_macro   0x0000000000019d66       0x34 ./Application/Src/gpio_app.o
 .debug_macro   0x0000000000019d9a       0x10 ./Application/Src/gpio_app.o
 .debug_macro   0x0000000000019daa       0x58 ./Application/Src/gpio_app.o
 .debug_macro   0x0000000000019e02       0x71 ./Application/Src/gpio_app.o
 .debug_macro   0x0000000000019e73       0x1c ./Application/Src/gpio_app.o
 .debug_macro   0x0000000000019e8f      0x12a ./Application/Src/gpio_app.o
 .debug_macro   0x0000000000019fb9       0x10 ./Application/Src/gpio_app.o
 .debug_macro   0x0000000000019fc9       0x1c ./Application/Src/gpio_app.o
 .debug_macro   0x0000000000019fe5       0x52 ./Application/Src/gpio_app.o
 .debug_macro   0x000000000001a037       0x22 ./Application/Src/gpio_app.o
 .debug_macro   0x000000000001a059       0x10 ./Application/Src/gpio_app.o
 .debug_macro   0x000000000001a069       0x52 ./Application/Src/gpio_app.o
 .debug_macro   0x000000000001a0bb       0xd5 ./Application/Src/gpio_app.o
 .debug_macro   0x000000000001a190       0x1c ./Application/Src/gpio_app.o
 .debug_macro   0x000000000001a1ac       0x3d ./Application/Src/gpio_app.o
 .debug_macro   0x000000000001a1e9       0x16 ./Application/Src/gpio_app.o
 .debug_macro   0x000000000001a1ff      0x145 ./Application/Src/gpio_app.o
 .debug_macro   0x000000000001a344      0x34d ./Application/Src/main_app.o
 .debug_macro   0x000000000001a691      0x351 ./Application/Src/uart_app.o
 .debug_macro   0x000000000001a9e2      0x1ea ./Drivers/STM32F3xx_HAL_Driver/Src/stm32f3xx_hal.o
 .debug_macro   0x000000000001abcc      0x1c6 ./Drivers/STM32F3xx_HAL_Driver/Src/stm32f3xx_hal_cortex.o
 .debug_macro   0x000000000001ad92      0x1cd ./Drivers/STM32F3xx_HAL_Driver/Src/stm32f3xx_hal_gpio.o
 .debug_macro   0x000000000001af5f      0x1ea ./Drivers/STM32F3xx_HAL_Driver/Src/stm32f3xx_hal_rcc.o
 .debug_macro   0x000000000001b149      0x1e3 ./Drivers/STM32F3xx_HAL_Driver/Src/stm32f3xx_hal_uart.o
 .debug_macro   0x000000000001b32c      0x357 ./Src/main.o
 .debug_macro   0x000000000001b683      0x1c6 ./Src/stm32f3xx_hal_msp.o
 .debug_macro   0x000000000001b849      0x32f ./Src/stm32f3xx_it.o
 .debug_macro   0x000000000001bb78       0x63 ./Src/system_stm32f3xx.o

.debug_line     0x0000000000000000     0xa622
 .debug_line    0x0000000000000000      0xa27 ./Application/Src/gpio_app.o
 .debug_line    0x0000000000000a27      0xa74 ./Application/Src/main_app.o
 .debug_line    0x000000000000149b      0xa33 ./Application/Src/uart_app.o
 .debug_line    0x0000000000001ece      0xa62 ./Drivers/STM32F3xx_HAL_Driver/Src/stm32f3xx_hal.o
 .debug_line    0x0000000000002930      0xc4a ./Drivers/STM32F3xx_HAL_Driver/Src/stm32f3xx_hal_cortex.o
 .debug_line    0x000000000000357a      0xbaf ./Drivers/STM32F3xx_HAL_Driver/Src/stm32f3xx_hal_gpio.o
 .debug_line    0x0000000000004129     0x143f ./Drivers/STM32F3xx_HAL_Driver/Src/stm32f3xx_hal_rcc.o
 .debug_line    0x0000000000005568     0x3176 ./Drivers/STM32F3xx_HAL_Driver/Src/stm32f3xx_hal_uart.o
 .debug_line    0x00000000000086de      0x9fa ./Src/main.o
 .debug_line    0x00000000000090d8      0x7fb ./Src/stm32f3xx_hal_msp.o
 .debug_line    0x00000000000098d3      0x985 ./Src/stm32f3xx_it.o
 .debug_line    0x000000000000a258      0x346 ./Src/system_stm32f3xx.o
 .debug_line    0x000000000000a59e       0x84 ./Startup/startup_stm32f303k8tx.o

.debug_str      0x0000000000000000    0xa6164
 .debug_str     0x0000000000000000    0xa43ca ./Application/Src/gpio_app.o
                                      0xa46f7 (size before relaxing)
 .debug_str     0x00000000000a43ca      0x21f ./Application/Src/main_app.o
                                      0xa4549 (size before relaxing)
 .debug_str     0x00000000000a45e9      0x400 ./Application/Src/uart_app.o
                                      0xa47db (size before relaxing)
 .debug_str     0x00000000000a49e9      0x3c9 ./Drivers/STM32F3xx_HAL_Driver/Src/stm32f3xx_hal.o
                                      0xa0d76 (size before relaxing)
 .debug_str     0x00000000000a4db2      0x2a8 ./Drivers/STM32F3xx_HAL_Driver/Src/stm32f3xx_hal_cortex.o
                                      0xa0c9b (size before relaxing)
 .debug_str     0x00000000000a505a      0x16f ./Drivers/STM32F3xx_HAL_Driver/Src/stm32f3xx_hal_gpio.o
                                      0xa0865 (size before relaxing)
 .debug_str     0x00000000000a51c9      0x30c ./Drivers/STM32F3xx_HAL_Driver/Src/stm32f3xx_hal_rcc.o
                                      0xa0b26 (size before relaxing)
 .debug_str     0x00000000000a54d5      0x8d9 ./Drivers/STM32F3xx_HAL_Driver/Src/stm32f3xx_hal_uart.o
                                      0xa1381 (size before relaxing)
 .debug_str     0x00000000000a5dae       0x1c ./Src/main.o
                                      0xa4300 (size before relaxing)
 .debug_str     0x00000000000a5dca      0x318 ./Src/stm32f3xx_hal_msp.o
                                      0xa0d9b (size before relaxing)
 .debug_str     0x00000000000a60e2       0x37 ./Src/stm32f3xx_it.o
                                      0xa42c1 (size before relaxing)
 .debug_str     0x00000000000a6119       0x1a ./Src/system_stm32f3xx.o
                                       0x3c58 (size before relaxing)
 .debug_str     0x00000000000a6133       0x31 ./Startup/startup_stm32f303k8tx.o
                                         0x7d (size before relaxing)

.comment        0x0000000000000000       0x50
 .comment       0x0000000000000000       0x50 ./Application/Src/gpio_app.o
                                         0x51 (size before relaxing)
 .comment       0x0000000000000050       0x51 ./Application/Src/main_app.o
 .comment       0x0000000000000050       0x51 ./Application/Src/uart_app.o
 .comment       0x0000000000000050       0x51 ./Drivers/STM32F3xx_HAL_Driver/Src/stm32f3xx_hal.o
 .comment       0x0000000000000050       0x51 ./Drivers/STM32F3xx_HAL_Driver/Src/stm32f3xx_hal_cortex.o
 .comment       0x0000000000000050       0x51 ./Drivers/STM32F3xx_HAL_Driver/Src/stm32f3xx_hal_gpio.o
 .comment       0x0000000000000050       0x51 ./Drivers/STM32F3xx_HAL_Driver/Src/stm32f3xx_hal_rcc.o
 .comment       0x0000000000000050       0x51 ./Drivers/STM32F3xx_HAL_Driver/Src/stm32f3xx_hal_uart.o
 .comment       0x0000000000000050       0x51 ./Src/main.o
 .comment       0x0000000000000050       0x51 ./Src/stm32f3xx_hal_msp.o
 .comment       0x0000000000000050       0x51 ./Src/stm32f3xx_it.o
 .comment       0x0000000000000050       0x51 ./Src/system_stm32f3xx.o

.debug_frame    0x0000000000000000     0x16c4
 .debug_frame   0x0000000000000000       0x34 ./Application/Src/gpio_app.o
 .debug_frame   0x0000000000000034       0x90 ./Application/Src/main_app.o
 .debug_frame   0x00000000000000c4       0x58 ./Application/Src/uart_app.o
 .debug_frame   0x000000000000011c      0x334 ./Drivers/STM32F3xx_HAL_Driver/Src/stm32f3xx_hal.o
 .debug_frame   0x0000000000000450      0x428 ./Drivers/STM32F3xx_HAL_Driver/Src/stm32f3xx_hal_cortex.o
 .debug_frame   0x0000000000000878      0x14c ./Drivers/STM32F3xx_HAL_Driver/Src/stm32f3xx_hal_gpio.o
 .debug_frame   0x00000000000009c4      0x214 ./Drivers/STM32F3xx_HAL_Driver/Src/stm32f3xx_hal_rcc.o
 .debug_frame   0x0000000000000bd8      0x9e8 ./Drivers/STM32F3xx_HAL_Driver/Src/stm32f3xx_hal_uart.o
 .debug_frame   0x00000000000015c0       0x2c ./Src/main.o
 .debug_frame   0x00000000000015ec       0x80 ./Src/stm32f3xx_hal_msp.o
 .debug_frame   0x000000000000166c       0x2c ./Src/stm32f3xx_it.o
 .debug_frame   0x0000000000001698       0x2c /opt/st/stm32cubeide_1.9.0/plugins/com.st.stm32cube.ide.mcu.externaltools.gnu-tools-for-stm32.10.3-2021.10.linux64_1.0.0.202111181127/tools/bin/../lib/gcc/arm-none-eabi/10.3.1/../../../../arm-none-eabi/lib/thumb/v7e-m+fp/hard/libc_nano.a(lib_a-init.o)
