11:32:56 **** Incremental Build of configuration Debug for project DCMotor_Controller ****
make -j12 all 
arm-none-eabi-gcc -mcpu=cortex-m4 -g3 -DDEBUG -c -x assembler-with-cpp -MMD -MP -MF"Startup/startup_stm32f303k8tx.d" -MT"Startup/startup_stm32f303k8tx.o" --specs=nano.specs -mfpu=fpv4-sp-d16 -mfloat-abi=hard -mthumb -o "Startup/startup_stm32f303k8tx.o" "../Startup/startup_stm32f303k8tx.s"
arm-none-eabi-gcc "../Src/main.c" -mcpu=cortex-m4 -std=gnu11 -g3 -DDEBUG -DSTM32F303x8 -DUSE_HAL_DRIVER -c -I../Inc -I/home/lodracir/Documentos/Proyectos/MCD_Controller/DCMotor_Controller/Drivers/CMSIS/Include -I/home/lodracir/Documentos/Proyectos/MCD_Controller/DCMotor_Controller/Drivers/STM32F3xx_HAL_Driver/Inc -I/home/lodracir/Documentos/Proyectos/MCD_Controller/DCMotor_Controller/Drivers/STM32F3xx_HAL_Driver/Inc/Legacy -I/home/lodracir/Documentos/Proyectos/MCD_Controller/DCMotor_Controller/Drivers/CMSIS/Device/ST/STM32F3xx/Include -I/home/lodracir/Documentos/Proyectos/MCD_Controller/DCMotor_Controller/Application/Inc -I/home/lodracir/Documentos/Proyectos/MCD_Controller/DCMotor_Controller/Application/Driver/Inc -O0 -ffunction-sections -fdata-sections -Wall -fstack-usage -MMD -MP -MF"Src/main.d" -MT"Src/main.o" --specs=nano.specs -mfpu=fpv4-sp-d16 -mfloat-abi=hard -mthumb -o "Src/main.o"
arm-none-eabi-gcc "../Src/stm32f3xx_hal_msp.c" -mcpu=cortex-m4 -std=gnu11 -g3 -DDEBUG -DSTM32F303x8 -DUSE_HAL_DRIVER -c -I../Inc -I/home/lodracir/Documentos/Proyectos/MCD_Controller/DCMotor_Controller/Drivers/CMSIS/Include -I/home/lodracir/Documentos/Proyectos/MCD_Controller/DCMotor_Controller/Drivers/STM32F3xx_HAL_Driver/Inc -I/home/lodracir/Documentos/Proyectos/MCD_Controller/DCMotor_Controller/Drivers/STM32F3xx_HAL_Driver/Inc/Legacy -I/home/lodracir/Documentos/Proyectos/MCD_Controller/DCMotor_Controller/Drivers/CMSIS/Device/ST/STM32F3xx/Include -I/home/lodracir/Documentos/Proyectos/MCD_Controller/DCMotor_Controller/Application/Inc -I/home/lodracir/Documentos/Proyectos/MCD_Controller/DCMotor_Controller/Application/Driver/Inc -O0 -ffunction-sections -fdata-sections -Wall -fstack-usage -MMD -MP -MF"Src/stm32f3xx_hal_msp.d" -MT"Src/stm32f3xx_hal_msp.o" --specs=nano.specs -mfpu=fpv4-sp-d16 -mfloat-abi=hard -mthumb -o "Src/stm32f3xx_hal_msp.o"
arm-none-eabi-gcc "../Src/stm32f3xx_it.c" -mcpu=cortex-m4 -std=gnu11 -g3 -DDEBUG -DSTM32F303x8 -DUSE_HAL_DRIVER -c -I../Inc -I/home/lodracir/Documentos/Proyectos/MCD_Controller/DCMotor_Controller/Drivers/CMSIS/Include -I/home/lodracir/Documentos/Proyectos/MCD_Controller/DCMotor_Controller/Drivers/STM32F3xx_HAL_Driver/Inc -I/home/lodracir/Documentos/Proyectos/MCD_Controller/DCMotor_Controller/Drivers/STM32F3xx_HAL_Driver/Inc/Legacy -I/home/lodracir/Documentos/Proyectos/MCD_Controller/DCMotor_Controller/Drivers/CMSIS/Device/ST/STM32F3xx/Include -I/home/lodracir/Documentos/Proyectos/MCD_Controller/DCMotor_Controller/Application/Inc -I/home/lodracir/Documentos/Proyectos/MCD_Controller/DCMotor_Controller/Application/Driver/Inc -O0 -ffunction-sections -fdata-sections -Wall -fstack-usage -MMD -MP -MF"Src/stm32f3xx_it.d" -MT"Src/stm32f3xx_it.o" --specs=nano.specs -mfpu=fpv4-sp-d16 -mfloat-abi=hard -mthumb -o "Src/stm32f3xx_it.o"
arm-none-eabi-gcc "../Src/syscalls.c" -mcpu=cortex-m4 -std=gnu11 -g3 -DDEBUG -DSTM32F303x8 -DUSE_HAL_DRIVER -c -I../Inc -I/home/lodracir/Documentos/Proyectos/MCD_Controller/DCMotor_Controller/Drivers/CMSIS/Include -I/home/lodracir/Documentos/Proyectos/MCD_Controller/DCMotor_Controller/Drivers/STM32F3xx_HAL_Driver/Inc -I/home/lodracir/Documentos/Proyectos/MCD_Controller/DCMotor_Controller/Drivers/STM32F3xx_HAL_Driver/Inc/Legacy -I/home/lodracir/Documentos/Proyectos/MCD_Controller/DCMotor_Controller/Drivers/CMSIS/Device/ST/STM32F3xx/Include -I/home/lodracir/Documentos/Proyectos/MCD_Controller/DCMotor_Controller/Application/Inc -I/home/lodracir/Documentos/Proyectos/MCD_Controller/DCMotor_Controller/Application/Driver/Inc -O0 -ffunction-sections -fdata-sections -Wall -fstack-usage -MMD -MP -MF"Src/syscalls.d" -MT"Src/syscalls.o" --specs=nano.specs -mfpu=fpv4-sp-d16 -mfloat-abi=hard -mthumb -o "Src/syscalls.o"
arm-none-eabi-gcc "../Src/sysmem.c" -mcpu=cortex-m4 -std=gnu11 -g3 -DDEBUG -DSTM32F303x8 -DUSE_HAL_DRIVER -c -I../Inc -I/home/lodracir/Documentos/Proyectos/MCD_Controller/DCMotor_Controller/Drivers/CMSIS/Include -I/home/lodracir/Documentos/Proyectos/MCD_Controller/DCMotor_Controller/Drivers/STM32F3xx_HAL_Driver/Inc -I/home/lodracir/Documentos/Proyectos/MCD_Controller/DCMotor_Controller/Drivers/STM32F3xx_HAL_Driver/Inc/Legacy -I/home/lodracir/Documentos/Proyectos/MCD_Controller/DCMotor_Controller/Drivers/CMSIS/Device/ST/STM32F3xx/Include -I/home/lodracir/Documentos/Proyectos/MCD_Controller/DCMotor_Controller/Application/Inc -I/home/lodracir/Documentos/Proyectos/MCD_Controller/DCMotor_Controller/Application/Driver/Inc -O0 -ffunction-sections -fdata-sections -Wall -fstack-usage -MMD -MP -MF"Src/sysmem.d" -MT"Src/sysmem.o" --specs=nano.specs -mfpu=fpv4-sp-d16 -mfloat-abi=hard -mthumb -o "Src/sysmem.o"
arm-none-eabi-gcc "../Src/system_stm32f3xx.c" -mcpu=cortex-m4 -std=gnu11 -g3 -DDEBUG -DSTM32F303x8 -DUSE_HAL_DRIVER -c -I../Inc -I/home/lodracir/Documentos/Proyectos/MCD_Controller/DCMotor_Controller/Drivers/CMSIS/Include -I/home/lodracir/Documentos/Proyectos/MCD_Controller/DCMotor_Controller/Drivers/STM32F3xx_HAL_Driver/Inc -I/home/lodracir/Documentos/Proyectos/MCD_Controller/DCMotor_Controller/Drivers/STM32F3xx_HAL_Driver/Inc/Legacy -I/home/lodracir/Documentos/Proyectos/MCD_Controller/DCMotor_Controller/Drivers/CMSIS/Device/ST/STM32F3xx/Include -I/home/lodracir/Documentos/Proyectos/MCD_Controller/DCMotor_Controller/Application/Inc -I/home/lodracir/Documentos/Proyectos/MCD_Controller/DCMotor_Controller/Application/Driver/Inc -O0 -ffunction-sections -fdata-sections -Wall -fstack-usage -MMD -MP -MF"Src/system_stm32f3xx.d" -MT"Src/system_stm32f3xx.o" --specs=nano.specs -mfpu=fpv4-sp-d16 -mfloat-abi=hard -mthumb -o "Src/system_stm32f3xx.o"
arm-none-eabi-gcc "../Drivers/STM32F3xx_HAL_Driver/Src/Legacy/stm32f3xx_hal_can.c" -mcpu=cortex-m4 -std=gnu11 -g3 -DDEBUG -DSTM32F303x8 -DUSE_HAL_DRIVER -c -I../Inc -I/home/lodracir/Documentos/Proyectos/MCD_Controller/DCMotor_Controller/Drivers/CMSIS/Include -I/home/lodracir/Documentos/Proyectos/MCD_Controller/DCMotor_Controller/Drivers/STM32F3xx_HAL_Driver/Inc -I/home/lodracir/Documentos/Proyectos/MCD_Controller/DCMotor_Controller/Drivers/STM32F3xx_HAL_Driver/Inc/Legacy -I/home/lodracir/Documentos/Proyectos/MCD_Controller/DCMotor_Controller/Drivers/CMSIS/Device/ST/STM32F3xx/Include -I/home/lodracir/Documentos/Proyectos/MCD_Controller/DCMotor_Controller/Application/Inc -I/home/lodracir/Documentos/Proyectos/MCD_Controller/DCMotor_Controller/Application/Driver/Inc -O0 -ffunction-sections -fdata-sections -Wall -fstack-usage -MMD -MP -MF"Drivers/STM32F3xx_HAL_Driver/Src/Legacy/stm32f3xx_hal_can.d" -MT"Drivers/STM32F3xx_HAL_Driver/Src/Legacy/stm32f3xx_hal_can.o" --specs=nano.specs -mfpu=fpv4-sp-d16 -mfloat-abi=hard -mthumb -o "Drivers/STM32F3xx_HAL_Driver/Src/Legacy/stm32f3xx_hal_can.o"
arm-none-eabi-gcc "../Drivers/STM32F3xx_HAL_Driver/Src/stm32f3xx_hal.c" -mcpu=cortex-m4 -std=gnu11 -g3 -DDEBUG -DSTM32F303x8 -DUSE_HAL_DRIVER -c -I../Inc -I/home/lodracir/Documentos/Proyectos/MCD_Controller/DCMotor_Controller/Drivers/CMSIS/Include -I/home/lodracir/Documentos/Proyectos/MCD_Controller/DCMotor_Controller/Drivers/STM32F3xx_HAL_Driver/Inc -I/home/lodracir/Documentos/Proyectos/MCD_Controller/DCMotor_Controller/Drivers/STM32F3xx_HAL_Driver/Inc/Legacy -I/home/lodracir/Documentos/Proyectos/MCD_Controller/DCMotor_Controller/Drivers/CMSIS/Device/ST/STM32F3xx/Include -I/home/lodracir/Documentos/Proyectos/MCD_Controller/DCMotor_Controller/Application/Inc -I/home/lodracir/Documentos/Proyectos/MCD_Controller/DCMotor_Controller/Application/Driver/Inc -O0 -ffunction-sections -fdata-sections -Wall -fstack-usage -MMD -MP -MF"Drivers/STM32F3xx_HAL_Driver/Src/stm32f3xx_hal.d" -MT"Drivers/STM32F3xx_HAL_Driver/Src/stm32f3xx_hal.o" --specs=nano.specs -mfpu=fpv4-sp-d16 -mfloat-abi=hard -mthumb -o "Drivers/STM32F3xx_HAL_Driver/Src/stm32f3xx_hal.o"
arm-none-eabi-gcc "../Drivers/STM32F3xx_HAL_Driver/Src/stm32f3xx_hal_adc.c" -mcpu=cortex-m4 -std=gnu11 -g3 -DDEBUG -DSTM32F303x8 -DUSE_HAL_DRIVER -c -I../Inc -I/home/lodracir/Documentos/Proyectos/MCD_Controller/DCMotor_Controller/Drivers/CMSIS/Include -I/home/lodracir/Documentos/Proyectos/MCD_Controller/DCMotor_Controller/Drivers/STM32F3xx_HAL_Driver/Inc -I/home/lodracir/Documentos/Proyectos/MCD_Controller/DCMotor_Controller/Drivers/STM32F3xx_HAL_Driver/Inc/Legacy -I/home/lodracir/Documentos/Proyectos/MCD_Controller/DCMotor_Controller/Drivers/CMSIS/Device/ST/STM32F3xx/Include -I/home/lodracir/Documentos/Proyectos/MCD_Controller/DCMotor_Controller/Application/Inc -I/home/lodracir/Documentos/Proyectos/MCD_Controller/DCMotor_Controller/Application/Driver/Inc -O0 -ffunction-sections -fdata-sections -Wall -fstack-usage -MMD -MP -MF"Drivers/STM32F3xx_HAL_Driver/Src/stm32f3xx_hal_adc.d" -MT"Drivers/STM32F3xx_HAL_Driver/Src/stm32f3xx_hal_adc.o" --specs=nano.specs -mfpu=fpv4-sp-d16 -mfloat-abi=hard -mthumb -o "Drivers/STM32F3xx_HAL_Driver/Src/stm32f3xx_hal_adc.o"
arm-none-eabi-gcc "../Drivers/STM32F3xx_HAL_Driver/Src/stm32f3xx_hal_adc_ex.c" -mcpu=cortex-m4 -std=gnu11 -g3 -DDEBUG -DSTM32F303x8 -DUSE_HAL_DRIVER -c -I../Inc -I/home/lodracir/Documentos/Proyectos/MCD_Controller/DCMotor_Controller/Drivers/CMSIS/Include -I/home/lodracir/Documentos/Proyectos/MCD_Controller/DCMotor_Controller/Drivers/STM32F3xx_HAL_Driver/Inc -I/home/lodracir/Documentos/Proyectos/MCD_Controller/DCMotor_Controller/Drivers/STM32F3xx_HAL_Driver/Inc/Legacy -I/home/lodracir/Documentos/Proyectos/MCD_Controller/DCMotor_Controller/Drivers/CMSIS/Device/ST/STM32F3xx/Include -I/home/lodracir/Documentos/Proyectos/MCD_Controller/DCMotor_Controller/Application/Inc -I/home/lodracir/Documentos/Proyectos/MCD_Controller/DCMotor_Controller/Application/Driver/Inc -O0 -ffunction-sections -fdata-sections -Wall -fstack-usage -MMD -MP -MF"Drivers/STM32F3xx_HAL_Driver/Src/stm32f3xx_hal_adc_ex.d" -MT"Drivers/STM32F3xx_HAL_Driver/Src/stm32f3xx_hal_adc_ex.o" --specs=nano.specs -mfpu=fpv4-sp-d16 -mfloat-abi=hard -mthumb -o "Drivers/STM32F3xx_HAL_Driver/Src/stm32f3xx_hal_adc_ex.o"
arm-none-eabi-gcc "../Drivers/STM32F3xx_HAL_Driver/Src/stm32f3xx_hal_can.c" -mcpu=cortex-m4 -std=gnu11 -g3 -DDEBUG -DSTM32F303x8 -DUSE_HAL_DRIVER -c -I../Inc -I/home/lodracir/Documentos/Proyectos/MCD_Controller/DCMotor_Controller/Drivers/CMSIS/Include -I/home/lodracir/Documentos/Proyectos/MCD_Controller/DCMotor_Controller/Drivers/STM32F3xx_HAL_Driver/Inc -I/home/lodracir/Documentos/Proyectos/MCD_Controller/DCMotor_Controller/Drivers/STM32F3xx_HAL_Driver/Inc/Legacy -I/home/lodracir/Documentos/Proyectos/MCD_Controller/DCMotor_Controller/Drivers/CMSIS/Device/ST/STM32F3xx/Include -I/home/lodracir/Documentos/Proyectos/MCD_Controller/DCMotor_Controller/Application/Inc -I/home/lodracir/Documentos/Proyectos/MCD_Controller/DCMotor_Controller/Application/Driver/Inc -O0 -ffunction-sections -fdata-sections -Wall -fstack-usage -MMD -MP -MF"Drivers/STM32F3xx_HAL_Driver/Src/stm32f3xx_hal_can.d" -MT"Drivers/STM32F3xx_HAL_Driver/Src/stm32f3xx_hal_can.o" --specs=nano.specs -mfpu=fpv4-sp-d16 -mfloat-abi=hard -mthumb -o "Drivers/STM32F3xx_HAL_Driver/Src/stm32f3xx_hal_can.o"
arm-none-eabi-gcc "../Drivers/STM32F3xx_HAL_Driver/Src/stm32f3xx_hal_cec.c" -mcpu=cortex-m4 -std=gnu11 -g3 -DDEBUG -DSTM32F303x8 -DUSE_HAL_DRIVER -c -I../Inc -I/home/lodracir/Documentos/Proyectos/MCD_Controller/DCMotor_Controller/Drivers/CMSIS/Include -I/home/lodracir/Documentos/Proyectos/MCD_Controller/DCMotor_Controller/Drivers/STM32F3xx_HAL_Driver/Inc -I/home/lodracir/Documentos/Proyectos/MCD_Controller/DCMotor_Controller/Drivers/STM32F3xx_HAL_Driver/Inc/Legacy -I/home/lodracir/Documentos/Proyectos/MCD_Controller/DCMotor_Controller/Drivers/CMSIS/Device/ST/STM32F3xx/Include -I/home/lodracir/Documentos/Proyectos/MCD_Controller/DCMotor_Controller/Application/Inc -I/home/lodracir/Documentos/Proyectos/MCD_Controller/DCMotor_Controller/Application/Driver/Inc -O0 -ffunction-sections -fdata-sections -Wall -fstack-usage -MMD -MP -MF"Drivers/STM32F3xx_HAL_Driver/Src/stm32f3xx_hal_cec.d" -MT"Drivers/STM32F3xx_HAL_Driver/Src/stm32f3xx_hal_cec.o" --specs=nano.specs -mfpu=fpv4-sp-d16 -mfloat-abi=hard -mthumb -o "Drivers/STM32F3xx_HAL_Driver/Src/stm32f3xx_hal_cec.o"
arm-none-eabi-gcc "../Drivers/STM32F3xx_HAL_Driver/Src/stm32f3xx_hal_comp.c" -mcpu=cortex-m4 -std=gnu11 -g3 -DDEBUG -DSTM32F303x8 -DUSE_HAL_DRIVER -c -I../Inc -I/home/lodracir/Documentos/Proyectos/MCD_Controller/DCMotor_Controller/Drivers/CMSIS/Include -I/home/lodracir/Documentos/Proyectos/MCD_Controller/DCMotor_Controller/Drivers/STM32F3xx_HAL_Driver/Inc -I/home/lodracir/Documentos/Proyectos/MCD_Controller/DCMotor_Controller/Drivers/STM32F3xx_HAL_Driver/Inc/Legacy -I/home/lodracir/Documentos/Proyectos/MCD_Controller/DCMotor_Controller/Drivers/CMSIS/Device/ST/STM32F3xx/Include -I/home/lodracir/Documentos/Proyectos/MCD_Controller/DCMotor_Controller/Application/Inc -I/home/lodracir/Documentos/Proyectos/MCD_Controller/DCMotor_Controller/Application/Driver/Inc -O0 -ffunction-sections -fdata-sections -Wall -fstack-usage -MMD -MP -MF"Drivers/STM32F3xx_HAL_Driver/Src/stm32f3xx_hal_comp.d" -MT"Drivers/STM32F3xx_HAL_Driver/Src/stm32f3xx_hal_comp.o" --specs=nano.specs -mfpu=fpv4-sp-d16 -mfloat-abi=hard -mthumb -o "Drivers/STM32F3xx_HAL_Driver/Src/stm32f3xx_hal_comp.o"
arm-none-eabi-gcc "../Drivers/STM32F3xx_HAL_Driver/Src/stm32f3xx_hal_cortex.c" -mcpu=cortex-m4 -std=gnu11 -g3 -DDEBUG -DSTM32F303x8 -DUSE_HAL_DRIVER -c -I../Inc -I/home/lodracir/Documentos/Proyectos/MCD_Controller/DCMotor_Controller/Drivers/CMSIS/Include -I/home/lodracir/Documentos/Proyectos/MCD_Controller/DCMotor_Controller/Drivers/STM32F3xx_HAL_Driver/Inc -I/home/lodracir/Documentos/Proyectos/MCD_Controller/DCMotor_Controller/Drivers/STM32F3xx_HAL_Driver/Inc/Legacy -I/home/lodracir/Documentos/Proyectos/MCD_Controller/DCMotor_Controller/Drivers/CMSIS/Device/ST/STM32F3xx/Include -I/home/lodracir/Documentos/Proyectos/MCD_Controller/DCMotor_Controller/Application/Inc -I/home/lodracir/Documentos/Proyectos/MCD_Controller/DCMotor_Controller/Application/Driver/Inc -O0 -ffunction-sections -fdata-sections -Wall -fstack-usage -MMD -MP -MF"Drivers/STM32F3xx_HAL_Driver/Src/stm32f3xx_hal_cortex.d" -MT"Drivers/STM32F3xx_HAL_Driver/Src/stm32f3xx_hal_cortex.o" --specs=nano.specs -mfpu=fpv4-sp-d16 -mfloat-abi=hard -mthumb -o "Drivers/STM32F3xx_HAL_Driver/Src/stm32f3xx_hal_cortex.o"
arm-none-eabi-gcc "../Drivers/STM32F3xx_HAL_Driver/Src/stm32f3xx_hal_crc.c" -mcpu=cortex-m4 -std=gnu11 -g3 -DDEBUG -DSTM32F303x8 -DUSE_HAL_DRIVER -c -I../Inc -I/home/lodracir/Documentos/Proyectos/MCD_Controller/DCMotor_Controller/Drivers/CMSIS/Include -I/home/lodracir/Documentos/Proyectos/MCD_Controller/DCMotor_Controller/Drivers/STM32F3xx_HAL_Driver/Inc -I/home/lodracir/Documentos/Proyectos/MCD_Controller/DCMotor_Controller/Drivers/STM32F3xx_HAL_Driver/Inc/Legacy -I/home/lodracir/Documentos/Proyectos/MCD_Controller/DCMotor_Controller/Drivers/CMSIS/Device/ST/STM32F3xx/Include -I/home/lodracir/Documentos/Proyectos/MCD_Controller/DCMotor_Controller/Application/Inc -I/home/lodracir/Documentos/Proyectos/MCD_Controller/DCMotor_Controller/Application/Driver/Inc -O0 -ffunction-sections -fdata-sections -Wall -fstack-usage -MMD -MP -MF"Drivers/STM32F3xx_HAL_Driver/Src/stm32f3xx_hal_crc.d" -MT"Drivers/STM32F3xx_HAL_Driver/Src/stm32f3xx_hal_crc.o" --specs=nano.specs -mfpu=fpv4-sp-d16 -mfloat-abi=hard -mthumb -o "Drivers/STM32F3xx_HAL_Driver/Src/stm32f3xx_hal_crc.o"
arm-none-eabi-gcc "../Drivers/STM32F3xx_HAL_Driver/Src/stm32f3xx_hal_crc_ex.c" -mcpu=cortex-m4 -std=gnu11 -g3 -DDEBUG -DSTM32F303x8 -DUSE_HAL_DRIVER -c -I../Inc -I/home/lodracir/Documentos/Proyectos/MCD_Controller/DCMotor_Controller/Drivers/CMSIS/Include -I/home/lodracir/Documentos/Proyectos/MCD_Controller/DCMotor_Controller/Drivers/STM32F3xx_HAL_Driver/Inc -I/home/lodracir/Documentos/Proyectos/MCD_Controller/DCMotor_Controller/Drivers/STM32F3xx_HAL_Driver/Inc/Legacy -I/home/lodracir/Documentos/Proyectos/MCD_Controller/DCMotor_Controller/Drivers/CMSIS/Device/ST/STM32F3xx/Include -I/home/lodracir/Documentos/Proyectos/MCD_Controller/DCMotor_Controller/Application/Inc -I/home/lodracir/Documentos/Proyectos/MCD_Controller/DCMotor_Controller/Application/Driver/Inc -O0 -ffunction-sections -fdata-sections -Wall -fstack-usage -MMD -MP -MF"Drivers/STM32F3xx_HAL_Driver/Src/stm32f3xx_hal_crc_ex.d" -MT"Drivers/STM32F3xx_HAL_Driver/Src/stm32f3xx_hal_crc_ex.o" --specs=nano.specs -mfpu=fpv4-sp-d16 -mfloat-abi=hard -mthumb -o "Drivers/STM32F3xx_HAL_Driver/Src/stm32f3xx_hal_crc_ex.o"
arm-none-eabi-gcc "../Drivers/STM32F3xx_HAL_Driver/Src/stm32f3xx_hal_dac.c" -mcpu=cortex-m4 -std=gnu11 -g3 -DDEBUG -DSTM32F303x8 -DUSE_HAL_DRIVER -c -I../Inc -I/home/lodracir/Documentos/Proyectos/MCD_Controller/DCMotor_Controller/Drivers/CMSIS/Include -I/home/lodracir/Documentos/Proyectos/MCD_Controller/DCMotor_Controller/Drivers/STM32F3xx_HAL_Driver/Inc -I/home/lodracir/Documentos/Proyectos/MCD_Controller/DCMotor_Controller/Drivers/STM32F3xx_HAL_Driver/Inc/Legacy -I/home/lodracir/Documentos/Proyectos/MCD_Controller/DCMotor_Controller/Drivers/CMSIS/Device/ST/STM32F3xx/Include -I/home/lodracir/Documentos/Proyectos/MCD_Controller/DCMotor_Controller/Application/Inc -I/home/lodracir/Documentos/Proyectos/MCD_Controller/DCMotor_Controller/Application/Driver/Inc -O0 -ffunction-sections -fdata-sections -Wall -fstack-usage -MMD -MP -MF"Drivers/STM32F3xx_HAL_Driver/Src/stm32f3xx_hal_dac.d" -MT"Drivers/STM32F3xx_HAL_Driver/Src/stm32f3xx_hal_dac.o" --specs=nano.specs -mfpu=fpv4-sp-d16 -mfloat-abi=hard -mthumb -o "Drivers/STM32F3xx_HAL_Driver/Src/stm32f3xx_hal_dac.o"
arm-none-eabi-gcc "../Drivers/STM32F3xx_HAL_Driver/Src/stm32f3xx_hal_dac_ex.c" -mcpu=cortex-m4 -std=gnu11 -g3 -DDEBUG -DSTM32F303x8 -DUSE_HAL_DRIVER -c -I../Inc -I/home/lodracir/Documentos/Proyectos/MCD_Controller/DCMotor_Controller/Drivers/CMSIS/Include -I/home/lodracir/Documentos/Proyectos/MCD_Controller/DCMotor_Controller/Drivers/STM32F3xx_HAL_Driver/Inc -I/home/lodracir/Documentos/Proyectos/MCD_Controller/DCMotor_Controller/Drivers/STM32F3xx_HAL_Driver/Inc/Legacy -I/home/lodracir/Documentos/Proyectos/MCD_Controller/DCMotor_Controller/Drivers/CMSIS/Device/ST/STM32F3xx/Include -I/home/lodracir/Documentos/Proyectos/MCD_Controller/DCMotor_Controller/Application/Inc -I/home/lodracir/Documentos/Proyectos/MCD_Controller/DCMotor_Controller/Application/Driver/Inc -O0 -ffunction-sections -fdata-sections -Wall -fstack-usage -MMD -MP -MF"Drivers/STM32F3xx_HAL_Driver/Src/stm32f3xx_hal_dac_ex.d" -MT"Drivers/STM32F3xx_HAL_Driver/Src/stm32f3xx_hal_dac_ex.o" --specs=nano.specs -mfpu=fpv4-sp-d16 -mfloat-abi=hard -mthumb -o "Drivers/STM32F3xx_HAL_Driver/Src/stm32f3xx_hal_dac_ex.o"
arm-none-eabi-gcc "../Drivers/STM32F3xx_HAL_Driver/Src/stm32f3xx_hal_dma.c" -mcpu=cortex-m4 -std=gnu11 -g3 -DDEBUG -DSTM32F303x8 -DUSE_HAL_DRIVER -c -I../Inc -I/home/lodracir/Documentos/Proyectos/MCD_Controller/DCMotor_Controller/Drivers/CMSIS/Include -I/home/lodracir/Documentos/Proyectos/MCD_Controller/DCMotor_Controller/Drivers/STM32F3xx_HAL_Driver/Inc -I/home/lodracir/Documentos/Proyectos/MCD_Controller/DCMotor_Controller/Drivers/STM32F3xx_HAL_Driver/Inc/Legacy -I/home/lodracir/Documentos/Proyectos/MCD_Controller/DCMotor_Controller/Drivers/CMSIS/Device/ST/STM32F3xx/Include -I/home/lodracir/Documentos/Proyectos/MCD_Controller/DCMotor_Controller/Application/Inc -I/home/lodracir/Documentos/Proyectos/MCD_Controller/DCMotor_Controller/Application/Driver/Inc -O0 -ffunction-sections -fdata-sections -Wall -fstack-usage -MMD -MP -MF"Drivers/STM32F3xx_HAL_Driver/Src/stm32f3xx_hal_dma.d" -MT"Drivers/STM32F3xx_HAL_Driver/Src/stm32f3xx_hal_dma.o" --specs=nano.specs -mfpu=fpv4-sp-d16 -mfloat-abi=hard -mthumb -o "Drivers/STM32F3xx_HAL_Driver/Src/stm32f3xx_hal_dma.o"
arm-none-eabi-gcc "../Drivers/STM32F3xx_HAL_Driver/Src/stm32f3xx_hal_exti.c" -mcpu=cortex-m4 -std=gnu11 -g3 -DDEBUG -DSTM32F303x8 -DUSE_HAL_DRIVER -c -I../Inc -I/home/lodracir/Documentos/Proyectos/MCD_Controller/DCMotor_Controller/Drivers/CMSIS/Include -I/home/lodracir/Documentos/Proyectos/MCD_Controller/DCMotor_Controller/Drivers/STM32F3xx_HAL_Driver/Inc -I/home/lodracir/Documentos/Proyectos/MCD_Controller/DCMotor_Controller/Drivers/STM32F3xx_HAL_Driver/Inc/Legacy -I/home/lodracir/Documentos/Proyectos/MCD_Controller/DCMotor_Controller/Drivers/CMSIS/Device/ST/STM32F3xx/Include -I/home/lodracir/Documentos/Proyectos/MCD_Controller/DCMotor_Controller/Application/Inc -I/home/lodracir/Documentos/Proyectos/MCD_Controller/DCMotor_Controller/Application/Driver/Inc -O0 -ffunction-sections -fdata-sections -Wall -fstack-usage -MMD -MP -MF"Drivers/STM32F3xx_HAL_Driver/Src/stm32f3xx_hal_exti.d" -MT"Drivers/STM32F3xx_HAL_Driver/Src/stm32f3xx_hal_exti.o" --specs=nano.specs -mfpu=fpv4-sp-d16 -mfloat-abi=hard -mthumb -o "Drivers/STM32F3xx_HAL_Driver/Src/stm32f3xx_hal_exti.o"
arm-none-eabi-gcc "../Drivers/STM32F3xx_HAL_Driver/Src/stm32f3xx_hal_flash.c" -mcpu=cortex-m4 -std=gnu11 -g3 -DDEBUG -DSTM32F303x8 -DUSE_HAL_DRIVER -c -I../Inc -I/home/lodracir/Documentos/Proyectos/MCD_Controller/DCMotor_Controller/Drivers/CMSIS/Include -I/home/lodracir/Documentos/Proyectos/MCD_Controller/DCMotor_Controller/Drivers/STM32F3xx_HAL_Driver/Inc -I/home/lodracir/Documentos/Proyectos/MCD_Controller/DCMotor_Controller/Drivers/STM32F3xx_HAL_Driver/Inc/Legacy -I/home/lodracir/Documentos/Proyectos/MCD_Controller/DCMotor_Controller/Drivers/CMSIS/Device/ST/STM32F3xx/Include -I/home/lodracir/Documentos/Proyectos/MCD_Controller/DCMotor_Controller/Application/Inc -I/home/lodracir/Documentos/Proyectos/MCD_Controller/DCMotor_Controller/Application/Driver/Inc -O0 -ffunction-sections -fdata-sections -Wall -fstack-usage -MMD -MP -MF"Drivers/STM32F3xx_HAL_Driver/Src/stm32f3xx_hal_flash.d" -MT"Drivers/STM32F3xx_HAL_Driver/Src/stm32f3xx_hal_flash.o" --specs=nano.specs -mfpu=fpv4-sp-d16 -mfloat-abi=hard -mthumb -o "Drivers/STM32F3xx_HAL_Driver/Src/stm32f3xx_hal_flash.o"
arm-none-eabi-gcc "../Drivers/STM32F3xx_HAL_Driver/Src/stm32f3xx_hal_flash_ex.c" -mcpu=cortex-m4 -std=gnu11 -g3 -DDEBUG -DSTM32F303x8 -DUSE_HAL_DRIVER -c -I../Inc -I/home/lodracir/Documentos/Proyectos/MCD_Controller/DCMotor_Controller/Drivers/CMSIS/Include -I/home/lodracir/Documentos/Proyectos/MCD_Controller/DCMotor_Controller/Drivers/STM32F3xx_HAL_Driver/Inc -I/home/lodracir/Documentos/Proyectos/MCD_Controller/DCMotor_Controller/Drivers/STM32F3xx_HAL_Driver/Inc/Legacy -I/home/lodracir/Documentos/Proyectos/MCD_Controller/DCMotor_Controller/Drivers/CMSIS/Device/ST/STM32F3xx/Include -I/home/lodracir/Documentos/Proyectos/MCD_Controller/DCMotor_Controller/Application/Inc -I/home/lodracir/Documentos/Proyectos/MCD_Controller/DCMotor_Controller/Application/Driver/Inc -O0 -ffunction-sections -fdata-sections -Wall -fstack-usage -MMD -MP -MF"Drivers/STM32F3xx_HAL_Driver/Src/stm32f3xx_hal_flash_ex.d" -MT"Drivers/STM32F3xx_HAL_Driver/Src/stm32f3xx_hal_flash_ex.o" --specs=nano.specs -mfpu=fpv4-sp-d16 -mfloat-abi=hard -mthumb -o "Drivers/STM32F3xx_HAL_Driver/Src/stm32f3xx_hal_flash_ex.o"
arm-none-eabi-gcc "../Drivers/STM32F3xx_HAL_Driver/Src/stm32f3xx_hal_gpio.c" -mcpu=cortex-m4 -std=gnu11 -g3 -DDEBUG -DSTM32F303x8 -DUSE_HAL_DRIVER -c -I../Inc -I/home/lodracir/Documentos/Proyectos/MCD_Controller/DCMotor_Controller/Drivers/CMSIS/Include -I/home/lodracir/Documentos/Proyectos/MCD_Controller/DCMotor_Controller/Drivers/STM32F3xx_HAL_Driver/Inc -I/home/lodracir/Documentos/Proyectos/MCD_Controller/DCMotor_Controller/Drivers/STM32F3xx_HAL_Driver/Inc/Legacy -I/home/lodracir/Documentos/Proyectos/MCD_Controller/DCMotor_Controller/Drivers/CMSIS/Device/ST/STM32F3xx/Include -I/home/lodracir/Documentos/Proyectos/MCD_Controller/DCMotor_Controller/Application/Inc -I/home/lodracir/Documentos/Proyectos/MCD_Controller/DCMotor_Controller/Application/Driver/Inc -O0 -ffunction-sections -fdata-sections -Wall -fstack-usage -MMD -MP -MF"Drivers/STM32F3xx_HAL_Driver/Src/stm32f3xx_hal_gpio.d" -MT"Drivers/STM32F3xx_HAL_Driver/Src/stm32f3xx_hal_gpio.o" --specs=nano.specs -mfpu=fpv4-sp-d16 -mfloat-abi=hard -mthumb -o "Drivers/STM32F3xx_HAL_Driver/Src/stm32f3xx_hal_gpio.o"
arm-none-eabi-gcc "../Drivers/STM32F3xx_HAL_Driver/Src/stm32f3xx_hal_hrtim.c" -mcpu=cortex-m4 -std=gnu11 -g3 -DDEBUG -DSTM32F303x8 -DUSE_HAL_DRIVER -c -I../Inc -I/home/lodracir/Documentos/Proyectos/MCD_Controller/DCMotor_Controller/Drivers/CMSIS/Include -I/home/lodracir/Documentos/Proyectos/MCD_Controller/DCMotor_Controller/Drivers/STM32F3xx_HAL_Driver/Inc -I/home/lodracir/Documentos/Proyectos/MCD_Controller/DCMotor_Controller/Drivers/STM32F3xx_HAL_Driver/Inc/Legacy -I/home/lodracir/Documentos/Proyectos/MCD_Controller/DCMotor_Controller/Drivers/CMSIS/Device/ST/STM32F3xx/Include -I/home/lodracir/Documentos/Proyectos/MCD_Controller/DCMotor_Controller/Application/Inc -I/home/lodracir/Documentos/Proyectos/MCD_Controller/DCMotor_Controller/Application/Driver/Inc -O0 -ffunction-sections -fdata-sections -Wall -fstack-usage -MMD -MP -MF"Drivers/STM32F3xx_HAL_Driver/Src/stm32f3xx_hal_hrtim.d" -MT"Drivers/STM32F3xx_HAL_Driver/Src/stm32f3xx_hal_hrtim.o" --specs=nano.specs -mfpu=fpv4-sp-d16 -mfloat-abi=hard -mthumb -o "Drivers/STM32F3xx_HAL_Driver/Src/stm32f3xx_hal_hrtim.o"
arm-none-eabi-gcc "../Drivers/STM32F3xx_HAL_Driver/Src/stm32f3xx_hal_i2c.c" -mcpu=cortex-m4 -std=gnu11 -g3 -DDEBUG -DSTM32F303x8 -DUSE_HAL_DRIVER -c -I../Inc -I/home/lodracir/Documentos/Proyectos/MCD_Controller/DCMotor_Controller/Drivers/CMSIS/Include -I/home/lodracir/Documentos/Proyectos/MCD_Controller/DCMotor_Controller/Drivers/STM32F3xx_HAL_Driver/Inc -I/home/lodracir/Documentos/Proyectos/MCD_Controller/DCMotor_Controller/Drivers/STM32F3xx_HAL_Driver/Inc/Legacy -I/home/lodracir/Documentos/Proyectos/MCD_Controller/DCMotor_Controller/Drivers/CMSIS/Device/ST/STM32F3xx/Include -I/home/lodracir/Documentos/Proyectos/MCD_Controller/DCMotor_Controller/Application/Inc -I/home/lodracir/Documentos/Proyectos/MCD_Controller/DCMotor_Controller/Application/Driver/Inc -O0 -ffunction-sections -fdata-sections -Wall -fstack-usage -MMD -MP -MF"Drivers/STM32F3xx_HAL_Driver/Src/stm32f3xx_hal_i2c.d" -MT"Drivers/STM32F3xx_HAL_Driver/Src/stm32f3xx_hal_i2c.o" --specs=nano.specs -mfpu=fpv4-sp-d16 -mfloat-abi=hard -mthumb -o "Drivers/STM32F3xx_HAL_Driver/Src/stm32f3xx_hal_i2c.o"
arm-none-eabi-gcc "../Drivers/STM32F3xx_HAL_Driver/Src/stm32f3xx_hal_i2c_ex.c" -mcpu=cortex-m4 -std=gnu11 -g3 -DDEBUG -DSTM32F303x8 -DUSE_HAL_DRIVER -c -I../Inc -I/home/lodracir/Documentos/Proyectos/MCD_Controller/DCMotor_Controller/Drivers/CMSIS/Include -I/home/lodracir/Documentos/Proyectos/MCD_Controller/DCMotor_Controller/Drivers/STM32F3xx_HAL_Driver/Inc -I/home/lodracir/Documentos/Proyectos/MCD_Controller/DCMotor_Controller/Drivers/STM32F3xx_HAL_Driver/Inc/Legacy -I/home/lodracir/Documentos/Proyectos/MCD_Controller/DCMotor_Controller/Drivers/CMSIS/Device/ST/STM32F3xx/Include -I/home/lodracir/Documentos/Proyectos/MCD_Controller/DCMotor_Controller/Application/Inc -I/home/lodracir/Documentos/Proyectos/MCD_Controller/DCMotor_Controller/Application/Driver/Inc -O0 -ffunction-sections -fdata-sections -Wall -fstack-usage -MMD -MP -MF"Drivers/STM32F3xx_HAL_Driver/Src/stm32f3xx_hal_i2c_ex.d" -MT"Drivers/STM32F3xx_HAL_Driver/Src/stm32f3xx_hal_i2c_ex.o" --specs=nano.specs -mfpu=fpv4-sp-d16 -mfloat-abi=hard -mthumb -o "Drivers/STM32F3xx_HAL_Driver/Src/stm32f3xx_hal_i2c_ex.o"
arm-none-eabi-gcc "../Drivers/STM32F3xx_HAL_Driver/Src/stm32f3xx_hal_i2s.c" -mcpu=cortex-m4 -std=gnu11 -g3 -DDEBUG -DSTM32F303x8 -DUSE_HAL_DRIVER -c -I../Inc -I/home/lodracir/Documentos/Proyectos/MCD_Controller/DCMotor_Controller/Drivers/CMSIS/Include -I/home/lodracir/Documentos/Proyectos/MCD_Controller/DCMotor_Controller/Drivers/STM32F3xx_HAL_Driver/Inc -I/home/lodracir/Documentos/Proyectos/MCD_Controller/DCMotor_Controller/Drivers/STM32F3xx_HAL_Driver/Inc/Legacy -I/home/lodracir/Documentos/Proyectos/MCD_Controller/DCMotor_Controller/Drivers/CMSIS/Device/ST/STM32F3xx/Include -I/home/lodracir/Documentos/Proyectos/MCD_Controller/DCMotor_Controller/Application/Inc -I/home/lodracir/Documentos/Proyectos/MCD_Controller/DCMotor_Controller/Application/Driver/Inc -O0 -ffunction-sections -fdata-sections -Wall -fstack-usage -MMD -MP -MF"Drivers/STM32F3xx_HAL_Driver/Src/stm32f3xx_hal_i2s.d" -MT"Drivers/STM32F3xx_HAL_Driver/Src/stm32f3xx_hal_i2s.o" --specs=nano.specs -mfpu=fpv4-sp-d16 -mfloat-abi=hard -mthumb -o "Drivers/STM32F3xx_HAL_Driver/Src/stm32f3xx_hal_i2s.o"
arm-none-eabi-gcc "../Drivers/STM32F3xx_HAL_Driver/Src/stm32f3xx_hal_i2s_ex.c" -mcpu=cortex-m4 -std=gnu11 -g3 -DDEBUG -DSTM32F303x8 -DUSE_HAL_DRIVER -c -I../Inc -I/home/lodracir/Documentos/Proyectos/MCD_Controller/DCMotor_Controller/Drivers/CMSIS/Include -I/home/lodracir/Documentos/Proyectos/MCD_Controller/DCMotor_Controller/Drivers/STM32F3xx_HAL_Driver/Inc -I/home/lodracir/Documentos/Proyectos/MCD_Controller/DCMotor_Controller/Drivers/STM32F3xx_HAL_Driver/Inc/Legacy -I/home/lodracir/Documentos/Proyectos/MCD_Controller/DCMotor_Controller/Drivers/CMSIS/Device/ST/STM32F3xx/Include -I/home/lodracir/Documentos/Proyectos/MCD_Controller/DCMotor_Controller/Application/Inc -I/home/lodracir/Documentos/Proyectos/MCD_Controller/DCMotor_Controller/Application/Driver/Inc -O0 -ffunction-sections -fdata-sections -Wall -fstack-usage -MMD -MP -MF"Drivers/STM32F3xx_HAL_Driver/Src/stm32f3xx_hal_i2s_ex.d" -MT"Drivers/STM32F3xx_HAL_Driver/Src/stm32f3xx_hal_i2s_ex.o" --specs=nano.specs -mfpu=fpv4-sp-d16 -mfloat-abi=hard -mthumb -o "Drivers/STM32F3xx_HAL_Driver/Src/stm32f3xx_hal_i2s_ex.o"
arm-none-eabi-gcc "../Drivers/STM32F3xx_HAL_Driver/Src/stm32f3xx_hal_irda.c" -mcpu=cortex-m4 -std=gnu11 -g3 -DDEBUG -DSTM32F303x8 -DUSE_HAL_DRIVER -c -I../Inc -I/home/lodracir/Documentos/Proyectos/MCD_Controller/DCMotor_Controller/Drivers/CMSIS/Include -I/home/lodracir/Documentos/Proyectos/MCD_Controller/DCMotor_Controller/Drivers/STM32F3xx_HAL_Driver/Inc -I/home/lodracir/Documentos/Proyectos/MCD_Controller/DCMotor_Controller/Drivers/STM32F3xx_HAL_Driver/Inc/Legacy -I/home/lodracir/Documentos/Proyectos/MCD_Controller/DCMotor_Controller/Drivers/CMSIS/Device/ST/STM32F3xx/Include -I/home/lodracir/Documentos/Proyectos/MCD_Controller/DCMotor_Controller/Application/Inc -I/home/lodracir/Documentos/Proyectos/MCD_Controller/DCMotor_Controller/Application/Driver/Inc -O0 -ffunction-sections -fdata-sections -Wall -fstack-usage -MMD -MP -MF"Drivers/STM32F3xx_HAL_Driver/Src/stm32f3xx_hal_irda.d" -MT"Drivers/STM32F3xx_HAL_Driver/Src/stm32f3xx_hal_irda.o" --specs=nano.specs -mfpu=fpv4-sp-d16 -mfloat-abi=hard -mthumb -o "Drivers/STM32F3xx_HAL_Driver/Src/stm32f3xx_hal_irda.o"
arm-none-eabi-gcc "../Drivers/STM32F3xx_HAL_Driver/Src/stm32f3xx_hal_iwdg.c" -mcpu=cortex-m4 -std=gnu11 -g3 -DDEBUG -DSTM32F303x8 -DUSE_HAL_DRIVER -c -I../Inc -I/home/lodracir/Documentos/Proyectos/MCD_Controller/DCMotor_Controller/Drivers/CMSIS/Include -I/home/lodracir/Documentos/Proyectos/MCD_Controller/DCMotor_Controller/Drivers/STM32F3xx_HAL_Driver/Inc -I/home/lodracir/Documentos/Proyectos/MCD_Controller/DCMotor_Controller/Drivers/STM32F3xx_HAL_Driver/Inc/Legacy -I/home/lodracir/Documentos/Proyectos/MCD_Controller/DCMotor_Controller/Drivers/CMSIS/Device/ST/STM32F3xx/Include -I/home/lodracir/Documentos/Proyectos/MCD_Controller/DCMotor_Controller/Application/Inc -I/home/lodracir/Documentos/Proyectos/MCD_Controller/DCMotor_Controller/Application/Driver/Inc -O0 -ffunction-sections -fdata-sections -Wall -fstack-usage -MMD -MP -MF"Drivers/STM32F3xx_HAL_Driver/Src/stm32f3xx_hal_iwdg.d" -MT"Drivers/STM32F3xx_HAL_Driver/Src/stm32f3xx_hal_iwdg.o" --specs=nano.specs -mfpu=fpv4-sp-d16 -mfloat-abi=hard -mthumb -o "Drivers/STM32F3xx_HAL_Driver/Src/stm32f3xx_hal_iwdg.o"
arm-none-eabi-gcc "../Drivers/STM32F3xx_HAL_Driver/Src/stm32f3xx_hal_nand.c" -mcpu=cortex-m4 -std=gnu11 -g3 -DDEBUG -DSTM32F303x8 -DUSE_HAL_DRIVER -c -I../Inc -I/home/lodracir/Documentos/Proyectos/MCD_Controller/DCMotor_Controller/Drivers/CMSIS/Include -I/home/lodracir/Documentos/Proyectos/MCD_Controller/DCMotor_Controller/Drivers/STM32F3xx_HAL_Driver/Inc -I/home/lodracir/Documentos/Proyectos/MCD_Controller/DCMotor_Controller/Drivers/STM32F3xx_HAL_Driver/Inc/Legacy -I/home/lodracir/Documentos/Proyectos/MCD_Controller/DCMotor_Controller/Drivers/CMSIS/Device/ST/STM32F3xx/Include -I/home/lodracir/Documentos/Proyectos/MCD_Controller/DCMotor_Controller/Application/Inc -I/home/lodracir/Documentos/Proyectos/MCD_Controller/DCMotor_Controller/Application/Driver/Inc -O0 -ffunction-sections -fdata-sections -Wall -fstack-usage -MMD -MP -MF"Drivers/STM32F3xx_HAL_Driver/Src/stm32f3xx_hal_nand.d" -MT"Drivers/STM32F3xx_HAL_Driver/Src/stm32f3xx_hal_nand.o" --specs=nano.specs -mfpu=fpv4-sp-d16 -mfloat-abi=hard -mthumb -o "Drivers/STM32F3xx_HAL_Driver/Src/stm32f3xx_hal_nand.o"
arm-none-eabi-gcc "../Drivers/STM32F3xx_HAL_Driver/Src/stm32f3xx_hal_nor.c" -mcpu=cortex-m4 -std=gnu11 -g3 -DDEBUG -DSTM32F303x8 -DUSE_HAL_DRIVER -c -I../Inc -I/home/lodracir/Documentos/Proyectos/MCD_Controller/DCMotor_Controller/Drivers/CMSIS/Include -I/home/lodracir/Documentos/Proyectos/MCD_Controller/DCMotor_Controller/Drivers/STM32F3xx_HAL_Driver/Inc -I/home/lodracir/Documentos/Proyectos/MCD_Controller/DCMotor_Controller/Drivers/STM32F3xx_HAL_Driver/Inc/Legacy -I/home/lodracir/Documentos/Proyectos/MCD_Controller/DCMotor_Controller/Drivers/CMSIS/Device/ST/STM32F3xx/Include -I/home/lodracir/Documentos/Proyectos/MCD_Controller/DCMotor_Controller/Application/Inc -I/home/lodracir/Documentos/Proyectos/MCD_Controller/DCMotor_Controller/Application/Driver/Inc -O0 -ffunction-sections -fdata-sections -Wall -fstack-usage -MMD -MP -MF"Drivers/STM32F3xx_HAL_Driver/Src/stm32f3xx_hal_nor.d" -MT"Drivers/STM32F3xx_HAL_Driver/Src/stm32f3xx_hal_nor.o" --specs=nano.specs -mfpu=fpv4-sp-d16 -mfloat-abi=hard -mthumb -o "Drivers/STM32F3xx_HAL_Driver/Src/stm32f3xx_hal_nor.o"
arm-none-eabi-gcc "../Drivers/STM32F3xx_HAL_Driver/Src/stm32f3xx_hal_opamp.c" -mcpu=cortex-m4 -std=gnu11 -g3 -DDEBUG -DSTM32F303x8 -DUSE_HAL_DRIVER -c -I../Inc -I/home/lodracir/Documentos/Proyectos/MCD_Controller/DCMotor_Controller/Drivers/CMSIS/Include -I/home/lodracir/Documentos/Proyectos/MCD_Controller/DCMotor_Controller/Drivers/STM32F3xx_HAL_Driver/Inc -I/home/lodracir/Documentos/Proyectos/MCD_Controller/DCMotor_Controller/Drivers/STM32F3xx_HAL_Driver/Inc/Legacy -I/home/lodracir/Documentos/Proyectos/MCD_Controller/DCMotor_Controller/Drivers/CMSIS/Device/ST/STM32F3xx/Include -I/home/lodracir/Documentos/Proyectos/MCD_Controller/DCMotor_Controller/Application/Inc -I/home/lodracir/Documentos/Proyectos/MCD_Controller/DCMotor_Controller/Application/Driver/Inc -O0 -ffunction-sections -fdata-sections -Wall -fstack-usage -MMD -MP -MF"Drivers/STM32F3xx_HAL_Driver/Src/stm32f3xx_hal_opamp.d" -MT"Drivers/STM32F3xx_HAL_Driver/Src/stm32f3xx_hal_opamp.o" --specs=nano.specs -mfpu=fpv4-sp-d16 -mfloat-abi=hard -mthumb -o "Drivers/STM32F3xx_HAL_Driver/Src/stm32f3xx_hal_opamp.o"
arm-none-eabi-gcc "../Drivers/STM32F3xx_HAL_Driver/Src/stm32f3xx_hal_opamp_ex.c" -mcpu=cortex-m4 -std=gnu11 -g3 -DDEBUG -DSTM32F303x8 -DUSE_HAL_DRIVER -c -I../Inc -I/home/lodracir/Documentos/Proyectos/MCD_Controller/DCMotor_Controller/Drivers/CMSIS/Include -I/home/lodracir/Documentos/Proyectos/MCD_Controller/DCMotor_Controller/Drivers/STM32F3xx_HAL_Driver/Inc -I/home/lodracir/Documentos/Proyectos/MCD_Controller/DCMotor_Controller/Drivers/STM32F3xx_HAL_Driver/Inc/Legacy -I/home/lodracir/Documentos/Proyectos/MCD_Controller/DCMotor_Controller/Drivers/CMSIS/Device/ST/STM32F3xx/Include -I/home/lodracir/Documentos/Proyectos/MCD_Controller/DCMotor_Controller/Application/Inc -I/home/lodracir/Documentos/Proyectos/MCD_Controller/DCMotor_Controller/Application/Driver/Inc -O0 -ffunction-sections -fdata-sections -Wall -fstack-usage -MMD -MP -MF"Drivers/STM32F3xx_HAL_Driver/Src/stm32f3xx_hal_opamp_ex.d" -MT"Drivers/STM32F3xx_HAL_Driver/Src/stm32f3xx_hal_opamp_ex.o" --specs=nano.specs -mfpu=fpv4-sp-d16 -mfloat-abi=hard -mthumb -o "Drivers/STM32F3xx_HAL_Driver/Src/stm32f3xx_hal_opamp_ex.o"
arm-none-eabi-gcc "../Drivers/STM32F3xx_HAL_Driver/Src/stm32f3xx_hal_pccard.c" -mcpu=cortex-m4 -std=gnu11 -g3 -DDEBUG -DSTM32F303x8 -DUSE_HAL_DRIVER -c -I../Inc -I/home/lodracir/Documentos/Proyectos/MCD_Controller/DCMotor_Controller/Drivers/CMSIS/Include -I/home/lodracir/Documentos/Proyectos/MCD_Controller/DCMotor_Controller/Drivers/STM32F3xx_HAL_Driver/Inc -I/home/lodracir/Documentos/Proyectos/MCD_Controller/DCMotor_Controller/Drivers/STM32F3xx_HAL_Driver/Inc/Legacy -I/home/lodracir/Documentos/Proyectos/MCD_Controller/DCMotor_Controller/Drivers/CMSIS/Device/ST/STM32F3xx/Include -I/home/lodracir/Documentos/Proyectos/MCD_Controller/DCMotor_Controller/Application/Inc -I/home/lodracir/Documentos/Proyectos/MCD_Controller/DCMotor_Controller/Application/Driver/Inc -O0 -ffunction-sections -fdata-sections -Wall -fstack-usage -MMD -MP -MF"Drivers/STM32F3xx_HAL_Driver/Src/stm32f3xx_hal_pccard.d" -MT"Drivers/STM32F3xx_HAL_Driver/Src/stm32f3xx_hal_pccard.o" --specs=nano.specs -mfpu=fpv4-sp-d16 -mfloat-abi=hard -mthumb -o "Drivers/STM32F3xx_HAL_Driver/Src/stm32f3xx_hal_pccard.o"
arm-none-eabi-gcc "../Drivers/STM32F3xx_HAL_Driver/Src/stm32f3xx_hal_pcd.c" -mcpu=cortex-m4 -std=gnu11 -g3 -DDEBUG -DSTM32F303x8 -DUSE_HAL_DRIVER -c -I../Inc -I/home/lodracir/Documentos/Proyectos/MCD_Controller/DCMotor_Controller/Drivers/CMSIS/Include -I/home/lodracir/Documentos/Proyectos/MCD_Controller/DCMotor_Controller/Drivers/STM32F3xx_HAL_Driver/Inc -I/home/lodracir/Documentos/Proyectos/MCD_Controller/DCMotor_Controller/Drivers/STM32F3xx_HAL_Driver/Inc/Legacy -I/home/lodracir/Documentos/Proyectos/MCD_Controller/DCMotor_Controller/Drivers/CMSIS/Device/ST/STM32F3xx/Include -I/home/lodracir/Documentos/Proyectos/MCD_Controller/DCMotor_Controller/Application/Inc -I/home/lodracir/Documentos/Proyectos/MCD_Controller/DCMotor_Controller/Application/Driver/Inc -O0 -ffunction-sections -fdata-sections -Wall -fstack-usage -MMD -MP -MF"Drivers/STM32F3xx_HAL_Driver/Src/stm32f3xx_hal_pcd.d" -MT"Drivers/STM32F3xx_HAL_Driver/Src/stm32f3xx_hal_pcd.o" --specs=nano.specs -mfpu=fpv4-sp-d16 -mfloat-abi=hard -mthumb -o "Drivers/STM32F3xx_HAL_Driver/Src/stm32f3xx_hal_pcd.o"
arm-none-eabi-gcc "../Drivers/STM32F3xx_HAL_Driver/Src/stm32f3xx_hal_pcd_ex.c" -mcpu=cortex-m4 -std=gnu11 -g3 -DDEBUG -DSTM32F303x8 -DUSE_HAL_DRIVER -c -I../Inc -I/home/lodracir/Documentos/Proyectos/MCD_Controller/DCMotor_Controller/Drivers/CMSIS/Include -I/home/lodracir/Documentos/Proyectos/MCD_Controller/DCMotor_Controller/Drivers/STM32F3xx_HAL_Driver/Inc -I/home/lodracir/Documentos/Proyectos/MCD_Controller/DCMotor_Controller/Drivers/STM32F3xx_HAL_Driver/Inc/Legacy -I/home/lodracir/Documentos/Proyectos/MCD_Controller/DCMotor_Controller/Drivers/CMSIS/Device/ST/STM32F3xx/Include -I/home/lodracir/Documentos/Proyectos/MCD_Controller/DCMotor_Controller/Application/Inc -I/home/lodracir/Documentos/Proyectos/MCD_Controller/DCMotor_Controller/Application/Driver/Inc -O0 -ffunction-sections -fdata-sections -Wall -fstack-usage -MMD -MP -MF"Drivers/STM32F3xx_HAL_Driver/Src/stm32f3xx_hal_pcd_ex.d" -MT"Drivers/STM32F3xx_HAL_Driver/Src/stm32f3xx_hal_pcd_ex.o" --specs=nano.specs -mfpu=fpv4-sp-d16 -mfloat-abi=hard -mthumb -o "Drivers/STM32F3xx_HAL_Driver/Src/stm32f3xx_hal_pcd_ex.o"
arm-none-eabi-gcc "../Drivers/STM32F3xx_HAL_Driver/Src/stm32f3xx_hal_pwr.c" -mcpu=cortex-m4 -std=gnu11 -g3 -DDEBUG -DSTM32F303x8 -DUSE_HAL_DRIVER -c -I../Inc -I/home/lodracir/Documentos/Proyectos/MCD_Controller/DCMotor_Controller/Drivers/CMSIS/Include -I/home/lodracir/Documentos/Proyectos/MCD_Controller/DCMotor_Controller/Drivers/STM32F3xx_HAL_Driver/Inc -I/home/lodracir/Documentos/Proyectos/MCD_Controller/DCMotor_Controller/Drivers/STM32F3xx_HAL_Driver/Inc/Legacy -I/home/lodracir/Documentos/Proyectos/MCD_Controller/DCMotor_Controller/Drivers/CMSIS/Device/ST/STM32F3xx/Include -I/home/lodracir/Documentos/Proyectos/MCD_Controller/DCMotor_Controller/Application/Inc -I/home/lodracir/Documentos/Proyectos/MCD_Controller/DCMotor_Controller/Application/Driver/Inc -O0 -ffunction-sections -fdata-sections -Wall -fstack-usage -MMD -MP -MF"Drivers/STM32F3xx_HAL_Driver/Src/stm32f3xx_hal_pwr.d" -MT"Drivers/STM32F3xx_HAL_Driver/Src/stm32f3xx_hal_pwr.o" --specs=nano.specs -mfpu=fpv4-sp-d16 -mfloat-abi=hard -mthumb -o "Drivers/STM32F3xx_HAL_Driver/Src/stm32f3xx_hal_pwr.o"
arm-none-eabi-gcc "../Drivers/STM32F3xx_HAL_Driver/Src/stm32f3xx_hal_pwr_ex.c" -mcpu=cortex-m4 -std=gnu11 -g3 -DDEBUG -DSTM32F303x8 -DUSE_HAL_DRIVER -c -I../Inc -I/home/lodracir/Documentos/Proyectos/MCD_Controller/DCMotor_Controller/Drivers/CMSIS/Include -I/home/lodracir/Documentos/Proyectos/MCD_Controller/DCMotor_Controller/Drivers/STM32F3xx_HAL_Driver/Inc -I/home/lodracir/Documentos/Proyectos/MCD_Controller/DCMotor_Controller/Drivers/STM32F3xx_HAL_Driver/Inc/Legacy -I/home/lodracir/Documentos/Proyectos/MCD_Controller/DCMotor_Controller/Drivers/CMSIS/Device/ST/STM32F3xx/Include -I/home/lodracir/Documentos/Proyectos/MCD_Controller/DCMotor_Controller/Application/Inc -I/home/lodracir/Documentos/Proyectos/MCD_Controller/DCMotor_Controller/Application/Driver/Inc -O0 -ffunction-sections -fdata-sections -Wall -fstack-usage -MMD -MP -MF"Drivers/STM32F3xx_HAL_Driver/Src/stm32f3xx_hal_pwr_ex.d" -MT"Drivers/STM32F3xx_HAL_Driver/Src/stm32f3xx_hal_pwr_ex.o" --specs=nano.specs -mfpu=fpv4-sp-d16 -mfloat-abi=hard -mthumb -o "Drivers/STM32F3xx_HAL_Driver/Src/stm32f3xx_hal_pwr_ex.o"
arm-none-eabi-gcc "../Drivers/STM32F3xx_HAL_Driver/Src/stm32f3xx_hal_rcc.c" -mcpu=cortex-m4 -std=gnu11 -g3 -DDEBUG -DSTM32F303x8 -DUSE_HAL_DRIVER -c -I../Inc -I/home/lodracir/Documentos/Proyectos/MCD_Controller/DCMotor_Controller/Drivers/CMSIS/Include -I/home/lodracir/Documentos/Proyectos/MCD_Controller/DCMotor_Controller/Drivers/STM32F3xx_HAL_Driver/Inc -I/home/lodracir/Documentos/Proyectos/MCD_Controller/DCMotor_Controller/Drivers/STM32F3xx_HAL_Driver/Inc/Legacy -I/home/lodracir/Documentos/Proyectos/MCD_Controller/DCMotor_Controller/Drivers/CMSIS/Device/ST/STM32F3xx/Include -I/home/lodracir/Documentos/Proyectos/MCD_Controller/DCMotor_Controller/Application/Inc -I/home/lodracir/Documentos/Proyectos/MCD_Controller/DCMotor_Controller/Application/Driver/Inc -O0 -ffunction-sections -fdata-sections -Wall -fstack-usage -MMD -MP -MF"Drivers/STM32F3xx_HAL_Driver/Src/stm32f3xx_hal_rcc.d" -MT"Drivers/STM32F3xx_HAL_Driver/Src/stm32f3xx_hal_rcc.o" --specs=nano.specs -mfpu=fpv4-sp-d16 -mfloat-abi=hard -mthumb -o "Drivers/STM32F3xx_HAL_Driver/Src/stm32f3xx_hal_rcc.o"
arm-none-eabi-gcc "../Drivers/STM32F3xx_HAL_Driver/Src/stm32f3xx_hal_rcc_ex.c" -mcpu=cortex-m4 -std=gnu11 -g3 -DDEBUG -DSTM32F303x8 -DUSE_HAL_DRIVER -c -I../Inc -I/home/lodracir/Documentos/Proyectos/MCD_Controller/DCMotor_Controller/Drivers/CMSIS/Include -I/home/lodracir/Documentos/Proyectos/MCD_Controller/DCMotor_Controller/Drivers/STM32F3xx_HAL_Driver/Inc -I/home/lodracir/Documentos/Proyectos/MCD_Controller/DCMotor_Controller/Drivers/STM32F3xx_HAL_Driver/Inc/Legacy -I/home/lodracir/Documentos/Proyectos/MCD_Controller/DCMotor_Controller/Drivers/CMSIS/Device/ST/STM32F3xx/Include -I/home/lodracir/Documentos/Proyectos/MCD_Controller/DCMotor_Controller/Application/Inc -I/home/lodracir/Documentos/Proyectos/MCD_Controller/DCMotor_Controller/Application/Driver/Inc -O0 -ffunction-sections -fdata-sections -Wall -fstack-usage -MMD -MP -MF"Drivers/STM32F3xx_HAL_Driver/Src/stm32f3xx_hal_rcc_ex.d" -MT"Drivers/STM32F3xx_HAL_Driver/Src/stm32f3xx_hal_rcc_ex.o" --specs=nano.specs -mfpu=fpv4-sp-d16 -mfloat-abi=hard -mthumb -o "Drivers/STM32F3xx_HAL_Driver/Src/stm32f3xx_hal_rcc_ex.o"
arm-none-eabi-gcc "../Drivers/STM32F3xx_HAL_Driver/Src/stm32f3xx_hal_rtc.c" -mcpu=cortex-m4 -std=gnu11 -g3 -DDEBUG -DSTM32F303x8 -DUSE_HAL_DRIVER -c -I../Inc -I/home/lodracir/Documentos/Proyectos/MCD_Controller/DCMotor_Controller/Drivers/CMSIS/Include -I/home/lodracir/Documentos/Proyectos/MCD_Controller/DCMotor_Controller/Drivers/STM32F3xx_HAL_Driver/Inc -I/home/lodracir/Documentos/Proyectos/MCD_Controller/DCMotor_Controller/Drivers/STM32F3xx_HAL_Driver/Inc/Legacy -I/home/lodracir/Documentos/Proyectos/MCD_Controller/DCMotor_Controller/Drivers/CMSIS/Device/ST/STM32F3xx/Include -I/home/lodracir/Documentos/Proyectos/MCD_Controller/DCMotor_Controller/Application/Inc -I/home/lodracir/Documentos/Proyectos/MCD_Controller/DCMotor_Controller/Application/Driver/Inc -O0 -ffunction-sections -fdata-sections -Wall -fstack-usage -MMD -MP -MF"Drivers/STM32F3xx_HAL_Driver/Src/stm32f3xx_hal_rtc.d" -MT"Drivers/STM32F3xx_HAL_Driver/Src/stm32f3xx_hal_rtc.o" --specs=nano.specs -mfpu=fpv4-sp-d16 -mfloat-abi=hard -mthumb -o "Drivers/STM32F3xx_HAL_Driver/Src/stm32f3xx_hal_rtc.o"
arm-none-eabi-gcc "../Drivers/STM32F3xx_HAL_Driver/Src/stm32f3xx_hal_rtc_ex.c" -mcpu=cortex-m4 -std=gnu11 -g3 -DDEBUG -DSTM32F303x8 -DUSE_HAL_DRIVER -c -I../Inc -I/home/lodracir/Documentos/Proyectos/MCD_Controller/DCMotor_Controller/Drivers/CMSIS/Include -I/home/lodracir/Documentos/Proyectos/MCD_Controller/DCMotor_Controller/Drivers/STM32F3xx_HAL_Driver/Inc -I/home/lodracir/Documentos/Proyectos/MCD_Controller/DCMotor_Controller/Drivers/STM32F3xx_HAL_Driver/Inc/Legacy -I/home/lodracir/Documentos/Proyectos/MCD_Controller/DCMotor_Controller/Drivers/CMSIS/Device/ST/STM32F3xx/Include -I/home/lodracir/Documentos/Proyectos/MCD_Controller/DCMotor_Controller/Application/Inc -I/home/lodracir/Documentos/Proyectos/MCD_Controller/DCMotor_Controller/Application/Driver/Inc -O0 -ffunction-sections -fdata-sections -Wall -fstack-usage -MMD -MP -MF"Drivers/STM32F3xx_HAL_Driver/Src/stm32f3xx_hal_rtc_ex.d" -MT"Drivers/STM32F3xx_HAL_Driver/Src/stm32f3xx_hal_rtc_ex.o" --specs=nano.specs -mfpu=fpv4-sp-d16 -mfloat-abi=hard -mthumb -o "Drivers/STM32F3xx_HAL_Driver/Src/stm32f3xx_hal_rtc_ex.o"
arm-none-eabi-gcc "../Drivers/STM32F3xx_HAL_Driver/Src/stm32f3xx_hal_sdadc.c" -mcpu=cortex-m4 -std=gnu11 -g3 -DDEBUG -DSTM32F303x8 -DUSE_HAL_DRIVER -c -I../Inc -I/home/lodracir/Documentos/Proyectos/MCD_Controller/DCMotor_Controller/Drivers/CMSIS/Include -I/home/lodracir/Documentos/Proyectos/MCD_Controller/DCMotor_Controller/Drivers/STM32F3xx_HAL_Driver/Inc -I/home/lodracir/Documentos/Proyectos/MCD_Controller/DCMotor_Controller/Drivers/STM32F3xx_HAL_Driver/Inc/Legacy -I/home/lodracir/Documentos/Proyectos/MCD_Controller/DCMotor_Controller/Drivers/CMSIS/Device/ST/STM32F3xx/Include -I/home/lodracir/Documentos/Proyectos/MCD_Controller/DCMotor_Controller/Application/Inc -I/home/lodracir/Documentos/Proyectos/MCD_Controller/DCMotor_Controller/Application/Driver/Inc -O0 -ffunction-sections -fdata-sections -Wall -fstack-usage -MMD -MP -MF"Drivers/STM32F3xx_HAL_Driver/Src/stm32f3xx_hal_sdadc.d" -MT"Drivers/STM32F3xx_HAL_Driver/Src/stm32f3xx_hal_sdadc.o" --specs=nano.specs -mfpu=fpv4-sp-d16 -mfloat-abi=hard -mthumb -o "Drivers/STM32F3xx_HAL_Driver/Src/stm32f3xx_hal_sdadc.o"
arm-none-eabi-gcc "../Drivers/STM32F3xx_HAL_Driver/Src/stm32f3xx_hal_smartcard.c" -mcpu=cortex-m4 -std=gnu11 -g3 -DDEBUG -DSTM32F303x8 -DUSE_HAL_DRIVER -c -I../Inc -I/home/lodracir/Documentos/Proyectos/MCD_Controller/DCMotor_Controller/Drivers/CMSIS/Include -I/home/lodracir/Documentos/Proyectos/MCD_Controller/DCMotor_Controller/Drivers/STM32F3xx_HAL_Driver/Inc -I/home/lodracir/Documentos/Proyectos/MCD_Controller/DCMotor_Controller/Drivers/STM32F3xx_HAL_Driver/Inc/Legacy -I/home/lodracir/Documentos/Proyectos/MCD_Controller/DCMotor_Controller/Drivers/CMSIS/Device/ST/STM32F3xx/Include -I/home/lodracir/Documentos/Proyectos/MCD_Controller/DCMotor_Controller/Application/Inc -I/home/lodracir/Documentos/Proyectos/MCD_Controller/DCMotor_Controller/Application/Driver/Inc -O0 -ffunction-sections -fdata-sections -Wall -fstack-usage -MMD -MP -MF"Drivers/STM32F3xx_HAL_Driver/Src/stm32f3xx_hal_smartcard.d" -MT"Drivers/STM32F3xx_HAL_Driver/Src/stm32f3xx_hal_smartcard.o" --specs=nano.specs -mfpu=fpv4-sp-d16 -mfloat-abi=hard -mthumb -o "Drivers/STM32F3xx_HAL_Driver/Src/stm32f3xx_hal_smartcard.o"
arm-none-eabi-gcc "../Drivers/STM32F3xx_HAL_Driver/Src/stm32f3xx_hal_smartcard_ex.c" -mcpu=cortex-m4 -std=gnu11 -g3 -DDEBUG -DSTM32F303x8 -DUSE_HAL_DRIVER -c -I../Inc -I/home/lodracir/Documentos/Proyectos/MCD_Controller/DCMotor_Controller/Drivers/CMSIS/Include -I/home/lodracir/Documentos/Proyectos/MCD_Controller/DCMotor_Controller/Drivers/STM32F3xx_HAL_Driver/Inc -I/home/lodracir/Documentos/Proyectos/MCD_Controller/DCMotor_Controller/Drivers/STM32F3xx_HAL_Driver/Inc/Legacy -I/home/lodracir/Documentos/Proyectos/MCD_Controller/DCMotor_Controller/Drivers/CMSIS/Device/ST/STM32F3xx/Include -I/home/lodracir/Documentos/Proyectos/MCD_Controller/DCMotor_Controller/Application/Inc -I/home/lodracir/Documentos/Proyectos/MCD_Controller/DCMotor_Controller/Application/Driver/Inc -O0 -ffunction-sections -fdata-sections -Wall -fstack-usage -MMD -MP -MF"Drivers/STM32F3xx_HAL_Driver/Src/stm32f3xx_hal_smartcard_ex.d" -MT"Drivers/STM32F3xx_HAL_Driver/Src/stm32f3xx_hal_smartcard_ex.o" --specs=nano.specs -mfpu=fpv4-sp-d16 -mfloat-abi=hard -mthumb -o "Drivers/STM32F3xx_HAL_Driver/Src/stm32f3xx_hal_smartcard_ex.o"
arm-none-eabi-gcc "../Drivers/STM32F3xx_HAL_Driver/Src/stm32f3xx_hal_smbus.c" -mcpu=cortex-m4 -std=gnu11 -g3 -DDEBUG -DSTM32F303x8 -DUSE_HAL_DRIVER -c -I../Inc -I/home/lodracir/Documentos/Proyectos/MCD_Controller/DCMotor_Controller/Drivers/CMSIS/Include -I/home/lodracir/Documentos/Proyectos/MCD_Controller/DCMotor_Controller/Drivers/STM32F3xx_HAL_Driver/Inc -I/home/lodracir/Documentos/Proyectos/MCD_Controller/DCMotor_Controller/Drivers/STM32F3xx_HAL_Driver/Inc/Legacy -I/home/lodracir/Documentos/Proyectos/MCD_Controller/DCMotor_Controller/Drivers/CMSIS/Device/ST/STM32F3xx/Include -I/home/lodracir/Documentos/Proyectos/MCD_Controller/DCMotor_Controller/Application/Inc -I/home/lodracir/Documentos/Proyectos/MCD_Controller/DCMotor_Controller/Application/Driver/Inc -O0 -ffunction-sections -fdata-sections -Wall -fstack-usage -MMD -MP -MF"Drivers/STM32F3xx_HAL_Driver/Src/stm32f3xx_hal_smbus.d" -MT"Drivers/STM32F3xx_HAL_Driver/Src/stm32f3xx_hal_smbus.o" --specs=nano.specs -mfpu=fpv4-sp-d16 -mfloat-abi=hard -mthumb -o "Drivers/STM32F3xx_HAL_Driver/Src/stm32f3xx_hal_smbus.o"
arm-none-eabi-gcc "../Drivers/STM32F3xx_HAL_Driver/Src/stm32f3xx_hal_spi.c" -mcpu=cortex-m4 -std=gnu11 -g3 -DDEBUG -DSTM32F303x8 -DUSE_HAL_DRIVER -c -I../Inc -I/home/lodracir/Documentos/Proyectos/MCD_Controller/DCMotor_Controller/Drivers/CMSIS/Include -I/home/lodracir/Documentos/Proyectos/MCD_Controller/DCMotor_Controller/Drivers/STM32F3xx_HAL_Driver/Inc -I/home/lodracir/Documentos/Proyectos/MCD_Controller/DCMotor_Controller/Drivers/STM32F3xx_HAL_Driver/Inc/Legacy -I/home/lodracir/Documentos/Proyectos/MCD_Controller/DCMotor_Controller/Drivers/CMSIS/Device/ST/STM32F3xx/Include -I/home/lodracir/Documentos/Proyectos/MCD_Controller/DCMotor_Controller/Application/Inc -I/home/lodracir/Documentos/Proyectos/MCD_Controller/DCMotor_Controller/Application/Driver/Inc -O0 -ffunction-sections -fdata-sections -Wall -fstack-usage -MMD -MP -MF"Drivers/STM32F3xx_HAL_Driver/Src/stm32f3xx_hal_spi.d" -MT"Drivers/STM32F3xx_HAL_Driver/Src/stm32f3xx_hal_spi.o" --specs=nano.specs -mfpu=fpv4-sp-d16 -mfloat-abi=hard -mthumb -o "Drivers/STM32F3xx_HAL_Driver/Src/stm32f3xx_hal_spi.o"
arm-none-eabi-gcc "../Drivers/STM32F3xx_HAL_Driver/Src/stm32f3xx_hal_spi_ex.c" -mcpu=cortex-m4 -std=gnu11 -g3 -DDEBUG -DSTM32F303x8 -DUSE_HAL_DRIVER -c -I../Inc -I/home/lodracir/Documentos/Proyectos/MCD_Controller/DCMotor_Controller/Drivers/CMSIS/Include -I/home/lodracir/Documentos/Proyectos/MCD_Controller/DCMotor_Controller/Drivers/STM32F3xx_HAL_Driver/Inc -I/home/lodracir/Documentos/Proyectos/MCD_Controller/DCMotor_Controller/Drivers/STM32F3xx_HAL_Driver/Inc/Legacy -I/home/lodracir/Documentos/Proyectos/MCD_Controller/DCMotor_Controller/Drivers/CMSIS/Device/ST/STM32F3xx/Include -I/home/lodracir/Documentos/Proyectos/MCD_Controller/DCMotor_Controller/Application/Inc -I/home/lodracir/Documentos/Proyectos/MCD_Controller/DCMotor_Controller/Application/Driver/Inc -O0 -ffunction-sections -fdata-sections -Wall -fstack-usage -MMD -MP -MF"Drivers/STM32F3xx_HAL_Driver/Src/stm32f3xx_hal_spi_ex.d" -MT"Drivers/STM32F3xx_HAL_Driver/Src/stm32f3xx_hal_spi_ex.o" --specs=nano.specs -mfpu=fpv4-sp-d16 -mfloat-abi=hard -mthumb -o "Drivers/STM32F3xx_HAL_Driver/Src/stm32f3xx_hal_spi_ex.o"
arm-none-eabi-gcc "../Drivers/STM32F3xx_HAL_Driver/Src/stm32f3xx_hal_sram.c" -mcpu=cortex-m4 -std=gnu11 -g3 -DDEBUG -DSTM32F303x8 -DUSE_HAL_DRIVER -c -I../Inc -I/home/lodracir/Documentos/Proyectos/MCD_Controller/DCMotor_Controller/Drivers/CMSIS/Include -I/home/lodracir/Documentos/Proyectos/MCD_Controller/DCMotor_Controller/Drivers/STM32F3xx_HAL_Driver/Inc -I/home/lodracir/Documentos/Proyectos/MCD_Controller/DCMotor_Controller/Drivers/STM32F3xx_HAL_Driver/Inc/Legacy -I/home/lodracir/Documentos/Proyectos/MCD_Controller/DCMotor_Controller/Drivers/CMSIS/Device/ST/STM32F3xx/Include -I/home/lodracir/Documentos/Proyectos/MCD_Controller/DCMotor_Controller/Application/Inc -I/home/lodracir/Documentos/Proyectos/MCD_Controller/DCMotor_Controller/Application/Driver/Inc -O0 -ffunction-sections -fdata-sections -Wall -fstack-usage -MMD -MP -MF"Drivers/STM32F3xx_HAL_Driver/Src/stm32f3xx_hal_sram.d" -MT"Drivers/STM32F3xx_HAL_Driver/Src/stm32f3xx_hal_sram.o" --specs=nano.specs -mfpu=fpv4-sp-d16 -mfloat-abi=hard -mthumb -o "Drivers/STM32F3xx_HAL_Driver/Src/stm32f3xx_hal_sram.o"
arm-none-eabi-gcc "../Drivers/STM32F3xx_HAL_Driver/Src/stm32f3xx_hal_tim.c" -mcpu=cortex-m4 -std=gnu11 -g3 -DDEBUG -DSTM32F303x8 -DUSE_HAL_DRIVER -c -I../Inc -I/home/lodracir/Documentos/Proyectos/MCD_Controller/DCMotor_Controller/Drivers/CMSIS/Include -I/home/lodracir/Documentos/Proyectos/MCD_Controller/DCMotor_Controller/Drivers/STM32F3xx_HAL_Driver/Inc -I/home/lodracir/Documentos/Proyectos/MCD_Controller/DCMotor_Controller/Drivers/STM32F3xx_HAL_Driver/Inc/Legacy -I/home/lodracir/Documentos/Proyectos/MCD_Controller/DCMotor_Controller/Drivers/CMSIS/Device/ST/STM32F3xx/Include -I/home/lodracir/Documentos/Proyectos/MCD_Controller/DCMotor_Controller/Application/Inc -I/home/lodracir/Documentos/Proyectos/MCD_Controller/DCMotor_Controller/Application/Driver/Inc -O0 -ffunction-sections -fdata-sections -Wall -fstack-usage -MMD -MP -MF"Drivers/STM32F3xx_HAL_Driver/Src/stm32f3xx_hal_tim.d" -MT"Drivers/STM32F3xx_HAL_Driver/Src/stm32f3xx_hal_tim.o" --specs=nano.specs -mfpu=fpv4-sp-d16 -mfloat-abi=hard -mthumb -o "Drivers/STM32F3xx_HAL_Driver/Src/stm32f3xx_hal_tim.o"
arm-none-eabi-gcc "../Drivers/STM32F3xx_HAL_Driver/Src/stm32f3xx_hal_tim_ex.c" -mcpu=cortex-m4 -std=gnu11 -g3 -DDEBUG -DSTM32F303x8 -DUSE_HAL_DRIVER -c -I../Inc -I/home/lodracir/Documentos/Proyectos/MCD_Controller/DCMotor_Controller/Drivers/CMSIS/Include -I/home/lodracir/Documentos/Proyectos/MCD_Controller/DCMotor_Controller/Drivers/STM32F3xx_HAL_Driver/Inc -I/home/lodracir/Documentos/Proyectos/MCD_Controller/DCMotor_Controller/Drivers/STM32F3xx_HAL_Driver/Inc/Legacy -I/home/lodracir/Documentos/Proyectos/MCD_Controller/DCMotor_Controller/Drivers/CMSIS/Device/ST/STM32F3xx/Include -I/home/lodracir/Documentos/Proyectos/MCD_Controller/DCMotor_Controller/Application/Inc -I/home/lodracir/Documentos/Proyectos/MCD_Controller/DCMotor_Controller/Application/Driver/Inc -O0 -ffunction-sections -fdata-sections -Wall -fstack-usage -MMD -MP -MF"Drivers/STM32F3xx_HAL_Driver/Src/stm32f3xx_hal_tim_ex.d" -MT"Drivers/STM32F3xx_HAL_Driver/Src/stm32f3xx_hal_tim_ex.o" --specs=nano.specs -mfpu=fpv4-sp-d16 -mfloat-abi=hard -mthumb -o "Drivers/STM32F3xx_HAL_Driver/Src/stm32f3xx_hal_tim_ex.o"
arm-none-eabi-gcc "../Drivers/STM32F3xx_HAL_Driver/Src/stm32f3xx_hal_tsc.c" -mcpu=cortex-m4 -std=gnu11 -g3 -DDEBUG -DSTM32F303x8 -DUSE_HAL_DRIVER -c -I../Inc -I/home/lodracir/Documentos/Proyectos/MCD_Controller/DCMotor_Controller/Drivers/CMSIS/Include -I/home/lodracir/Documentos/Proyectos/MCD_Controller/DCMotor_Controller/Drivers/STM32F3xx_HAL_Driver/Inc -I/home/lodracir/Documentos/Proyectos/MCD_Controller/DCMotor_Controller/Drivers/STM32F3xx_HAL_Driver/Inc/Legacy -I/home/lodracir/Documentos/Proyectos/MCD_Controller/DCMotor_Controller/Drivers/CMSIS/Device/ST/STM32F3xx/Include -I/home/lodracir/Documentos/Proyectos/MCD_Controller/DCMotor_Controller/Application/Inc -I/home/lodracir/Documentos/Proyectos/MCD_Controller/DCMotor_Controller/Application/Driver/Inc -O0 -ffunction-sections -fdata-sections -Wall -fstack-usage -MMD -MP -MF"Drivers/STM32F3xx_HAL_Driver/Src/stm32f3xx_hal_tsc.d" -MT"Drivers/STM32F3xx_HAL_Driver/Src/stm32f3xx_hal_tsc.o" --specs=nano.specs -mfpu=fpv4-sp-d16 -mfloat-abi=hard -mthumb -o "Drivers/STM32F3xx_HAL_Driver/Src/stm32f3xx_hal_tsc.o"
arm-none-eabi-gcc "../Drivers/STM32F3xx_HAL_Driver/Src/stm32f3xx_hal_uart.c" -mcpu=cortex-m4 -std=gnu11 -g3 -DDEBUG -DSTM32F303x8 -DUSE_HAL_DRIVER -c -I../Inc -I/home/lodracir/Documentos/Proyectos/MCD_Controller/DCMotor_Controller/Drivers/CMSIS/Include -I/home/lodracir/Documentos/Proyectos/MCD_Controller/DCMotor_Controller/Drivers/STM32F3xx_HAL_Driver/Inc -I/home/lodracir/Documentos/Proyectos/MCD_Controller/DCMotor_Controller/Drivers/STM32F3xx_HAL_Driver/Inc/Legacy -I/home/lodracir/Documentos/Proyectos/MCD_Controller/DCMotor_Controller/Drivers/CMSIS/Device/ST/STM32F3xx/Include -I/home/lodracir/Documentos/Proyectos/MCD_Controller/DCMotor_Controller/Application/Inc -I/home/lodracir/Documentos/Proyectos/MCD_Controller/DCMotor_Controller/Application/Driver/Inc -O0 -ffunction-sections -fdata-sections -Wall -fstack-usage -MMD -MP -MF"Drivers/STM32F3xx_HAL_Driver/Src/stm32f3xx_hal_uart.d" -MT"Drivers/STM32F3xx_HAL_Driver/Src/stm32f3xx_hal_uart.o" --specs=nano.specs -mfpu=fpv4-sp-d16 -mfloat-abi=hard -mthumb -o "Drivers/STM32F3xx_HAL_Driver/Src/stm32f3xx_hal_uart.o"
arm-none-eabi-gcc "../Drivers/STM32F3xx_HAL_Driver/Src/stm32f3xx_hal_uart_ex.c" -mcpu=cortex-m4 -std=gnu11 -g3 -DDEBUG -DSTM32F303x8 -DUSE_HAL_DRIVER -c -I../Inc -I/home/lodracir/Documentos/Proyectos/MCD_Controller/DCMotor_Controller/Drivers/CMSIS/Include -I/home/lodracir/Documentos/Proyectos/MCD_Controller/DCMotor_Controller/Drivers/STM32F3xx_HAL_Driver/Inc -I/home/lodracir/Documentos/Proyectos/MCD_Controller/DCMotor_Controller/Drivers/STM32F3xx_HAL_Driver/Inc/Legacy -I/home/lodracir/Documentos/Proyectos/MCD_Controller/DCMotor_Controller/Drivers/CMSIS/Device/ST/STM32F3xx/Include -I/home/lodracir/Documentos/Proyectos/MCD_Controller/DCMotor_Controller/Application/Inc -I/home/lodracir/Documentos/Proyectos/MCD_Controller/DCMotor_Controller/Application/Driver/Inc -O0 -ffunction-sections -fdata-sections -Wall -fstack-usage -MMD -MP -MF"Drivers/STM32F3xx_HAL_Driver/Src/stm32f3xx_hal_uart_ex.d" -MT"Drivers/STM32F3xx_HAL_Driver/Src/stm32f3xx_hal_uart_ex.o" --specs=nano.specs -mfpu=fpv4-sp-d16 -mfloat-abi=hard -mthumb -o "Drivers/STM32F3xx_HAL_Driver/Src/stm32f3xx_hal_uart_ex.o"
arm-none-eabi-gcc "../Drivers/STM32F3xx_HAL_Driver/Src/stm32f3xx_hal_usart.c" -mcpu=cortex-m4 -std=gnu11 -g3 -DDEBUG -DSTM32F303x8 -DUSE_HAL_DRIVER -c -I../Inc -I/home/lodracir/Documentos/Proyectos/MCD_Controller/DCMotor_Controller/Drivers/CMSIS/Include -I/home/lodracir/Documentos/Proyectos/MCD_Controller/DCMotor_Controller/Drivers/STM32F3xx_HAL_Driver/Inc -I/home/lodracir/Documentos/Proyectos/MCD_Controller/DCMotor_Controller/Drivers/STM32F3xx_HAL_Driver/Inc/Legacy -I/home/lodracir/Documentos/Proyectos/MCD_Controller/DCMotor_Controller/Drivers/CMSIS/Device/ST/STM32F3xx/Include -I/home/lodracir/Documentos/Proyectos/MCD_Controller/DCMotor_Controller/Application/Inc -I/home/lodracir/Documentos/Proyectos/MCD_Controller/DCMotor_Controller/Application/Driver/Inc -O0 -ffunction-sections -fdata-sections -Wall -fstack-usage -MMD -MP -MF"Drivers/STM32F3xx_HAL_Driver/Src/stm32f3xx_hal_usart.d" -MT"Drivers/STM32F3xx_HAL_Driver/Src/stm32f3xx_hal_usart.o" --specs=nano.specs -mfpu=fpv4-sp-d16 -mfloat-abi=hard -mthumb -o "Drivers/STM32F3xx_HAL_Driver/Src/stm32f3xx_hal_usart.o"
arm-none-eabi-gcc "../Drivers/STM32F3xx_HAL_Driver/Src/stm32f3xx_hal_usart_ex.c" -mcpu=cortex-m4 -std=gnu11 -g3 -DDEBUG -DSTM32F303x8 -DUSE_HAL_DRIVER -c -I../Inc -I/home/lodracir/Documentos/Proyectos/MCD_Controller/DCMotor_Controller/Drivers/CMSIS/Include -I/home/lodracir/Documentos/Proyectos/MCD_Controller/DCMotor_Controller/Drivers/STM32F3xx_HAL_Driver/Inc -I/home/lodracir/Documentos/Proyectos/MCD_Controller/DCMotor_Controller/Drivers/STM32F3xx_HAL_Driver/Inc/Legacy -I/home/lodracir/Documentos/Proyectos/MCD_Controller/DCMotor_Controller/Drivers/CMSIS/Device/ST/STM32F3xx/Include -I/home/lodracir/Documentos/Proyectos/MCD_Controller/DCMotor_Controller/Application/Inc -I/home/lodracir/Documentos/Proyectos/MCD_Controller/DCMotor_Controller/Application/Driver/Inc -O0 -ffunction-sections -fdata-sections -Wall -fstack-usage -MMD -MP -MF"Drivers/STM32F3xx_HAL_Driver/Src/stm32f3xx_hal_usart_ex.d" -MT"Drivers/STM32F3xx_HAL_Driver/Src/stm32f3xx_hal_usart_ex.o" --specs=nano.specs -mfpu=fpv4-sp-d16 -mfloat-abi=hard -mthumb -o "Drivers/STM32F3xx_HAL_Driver/Src/stm32f3xx_hal_usart_ex.o"
arm-none-eabi-gcc "../Drivers/STM32F3xx_HAL_Driver/Src/stm32f3xx_hal_wwdg.c" -mcpu=cortex-m4 -std=gnu11 -g3 -DDEBUG -DSTM32F303x8 -DUSE_HAL_DRIVER -c -I../Inc -I/home/lodracir/Documentos/Proyectos/MCD_Controller/DCMotor_Controller/Drivers/CMSIS/Include -I/home/lodracir/Documentos/Proyectos/MCD_Controller/DCMotor_Controller/Drivers/STM32F3xx_HAL_Driver/Inc -I/home/lodracir/Documentos/Proyectos/MCD_Controller/DCMotor_Controller/Drivers/STM32F3xx_HAL_Driver/Inc/Legacy -I/home/lodracir/Documentos/Proyectos/MCD_Controller/DCMotor_Controller/Drivers/CMSIS/Device/ST/STM32F3xx/Include -I/home/lodracir/Documentos/Proyectos/MCD_Controller/DCMotor_Controller/Application/Inc -I/home/lodracir/Documentos/Proyectos/MCD_Controller/DCMotor_Controller/Application/Driver/Inc -O0 -ffunction-sections -fdata-sections -Wall -fstack-usage -MMD -MP -MF"Drivers/STM32F3xx_HAL_Driver/Src/stm32f3xx_hal_wwdg.d" -MT"Drivers/STM32F3xx_HAL_Driver/Src/stm32f3xx_hal_wwdg.o" --specs=nano.specs -mfpu=fpv4-sp-d16 -mfloat-abi=hard -mthumb -o "Drivers/STM32F3xx_HAL_Driver/Src/stm32f3xx_hal_wwdg.o"
arm-none-eabi-gcc "../Drivers/STM32F3xx_HAL_Driver/Src/stm32f3xx_ll_adc.c" -mcpu=cortex-m4 -std=gnu11 -g3 -DDEBUG -DSTM32F303x8 -DUSE_HAL_DRIVER -c -I../Inc -I/home/lodracir/Documentos/Proyectos/MCD_Controller/DCMotor_Controller/Drivers/CMSIS/Include -I/home/lodracir/Documentos/Proyectos/MCD_Controller/DCMotor_Controller/Drivers/STM32F3xx_HAL_Driver/Inc -I/home/lodracir/Documentos/Proyectos/MCD_Controller/DCMotor_Controller/Drivers/STM32F3xx_HAL_Driver/Inc/Legacy -I/home/lodracir/Documentos/Proyectos/MCD_Controller/DCMotor_Controller/Drivers/CMSIS/Device/ST/STM32F3xx/Include -I/home/lodracir/Documentos/Proyectos/MCD_Controller/DCMotor_Controller/Application/Inc -I/home/lodracir/Documentos/Proyectos/MCD_Controller/DCMotor_Controller/Application/Driver/Inc -O0 -ffunction-sections -fdata-sections -Wall -fstack-usage -MMD -MP -MF"Drivers/STM32F3xx_HAL_Driver/Src/stm32f3xx_ll_adc.d" -MT"Drivers/STM32F3xx_HAL_Driver/Src/stm32f3xx_ll_adc.o" --specs=nano.specs -mfpu=fpv4-sp-d16 -mfloat-abi=hard -mthumb -o "Drivers/STM32F3xx_HAL_Driver/Src/stm32f3xx_ll_adc.o"
arm-none-eabi-gcc "../Drivers/STM32F3xx_HAL_Driver/Src/stm32f3xx_ll_comp.c" -mcpu=cortex-m4 -std=gnu11 -g3 -DDEBUG -DSTM32F303x8 -DUSE_HAL_DRIVER -c -I../Inc -I/home/lodracir/Documentos/Proyectos/MCD_Controller/DCMotor_Controller/Drivers/CMSIS/Include -I/home/lodracir/Documentos/Proyectos/MCD_Controller/DCMotor_Controller/Drivers/STM32F3xx_HAL_Driver/Inc -I/home/lodracir/Documentos/Proyectos/MCD_Controller/DCMotor_Controller/Drivers/STM32F3xx_HAL_Driver/Inc/Legacy -I/home/lodracir/Documentos/Proyectos/MCD_Controller/DCMotor_Controller/Drivers/CMSIS/Device/ST/STM32F3xx/Include -I/home/lodracir/Documentos/Proyectos/MCD_Controller/DCMotor_Controller/Application/Inc -I/home/lodracir/Documentos/Proyectos/MCD_Controller/DCMotor_Controller/Application/Driver/Inc -O0 -ffunction-sections -fdata-sections -Wall -fstack-usage -MMD -MP -MF"Drivers/STM32F3xx_HAL_Driver/Src/stm32f3xx_ll_comp.d" -MT"Drivers/STM32F3xx_HAL_Driver/Src/stm32f3xx_ll_comp.o" --specs=nano.specs -mfpu=fpv4-sp-d16 -mfloat-abi=hard -mthumb -o "Drivers/STM32F3xx_HAL_Driver/Src/stm32f3xx_ll_comp.o"
arm-none-eabi-gcc "../Drivers/STM32F3xx_HAL_Driver/Src/stm32f3xx_ll_crc.c" -mcpu=cortex-m4 -std=gnu11 -g3 -DDEBUG -DSTM32F303x8 -DUSE_HAL_DRIVER -c -I../Inc -I/home/lodracir/Documentos/Proyectos/MCD_Controller/DCMotor_Controller/Drivers/CMSIS/Include -I/home/lodracir/Documentos/Proyectos/MCD_Controller/DCMotor_Controller/Drivers/STM32F3xx_HAL_Driver/Inc -I/home/lodracir/Documentos/Proyectos/MCD_Controller/DCMotor_Controller/Drivers/STM32F3xx_HAL_Driver/Inc/Legacy -I/home/lodracir/Documentos/Proyectos/MCD_Controller/DCMotor_Controller/Drivers/CMSIS/Device/ST/STM32F3xx/Include -I/home/lodracir/Documentos/Proyectos/MCD_Controller/DCMotor_Controller/Application/Inc -I/home/lodracir/Documentos/Proyectos/MCD_Controller/DCMotor_Controller/Application/Driver/Inc -O0 -ffunction-sections -fdata-sections -Wall -fstack-usage -MMD -MP -MF"Drivers/STM32F3xx_HAL_Driver/Src/stm32f3xx_ll_crc.d" -MT"Drivers/STM32F3xx_HAL_Driver/Src/stm32f3xx_ll_crc.o" --specs=nano.specs -mfpu=fpv4-sp-d16 -mfloat-abi=hard -mthumb -o "Drivers/STM32F3xx_HAL_Driver/Src/stm32f3xx_ll_crc.o"
arm-none-eabi-gcc "../Drivers/STM32F3xx_HAL_Driver/Src/stm32f3xx_ll_dac.c" -mcpu=cortex-m4 -std=gnu11 -g3 -DDEBUG -DSTM32F303x8 -DUSE_HAL_DRIVER -c -I../Inc -I/home/lodracir/Documentos/Proyectos/MCD_Controller/DCMotor_Controller/Drivers/CMSIS/Include -I/home/lodracir/Documentos/Proyectos/MCD_Controller/DCMotor_Controller/Drivers/STM32F3xx_HAL_Driver/Inc -I/home/lodracir/Documentos/Proyectos/MCD_Controller/DCMotor_Controller/Drivers/STM32F3xx_HAL_Driver/Inc/Legacy -I/home/lodracir/Documentos/Proyectos/MCD_Controller/DCMotor_Controller/Drivers/CMSIS/Device/ST/STM32F3xx/Include -I/home/lodracir/Documentos/Proyectos/MCD_Controller/DCMotor_Controller/Application/Inc -I/home/lodracir/Documentos/Proyectos/MCD_Controller/DCMotor_Controller/Application/Driver/Inc -O0 -ffunction-sections -fdata-sections -Wall -fstack-usage -MMD -MP -MF"Drivers/STM32F3xx_HAL_Driver/Src/stm32f3xx_ll_dac.d" -MT"Drivers/STM32F3xx_HAL_Driver/Src/stm32f3xx_ll_dac.o" --specs=nano.specs -mfpu=fpv4-sp-d16 -mfloat-abi=hard -mthumb -o "Drivers/STM32F3xx_HAL_Driver/Src/stm32f3xx_ll_dac.o"
arm-none-eabi-gcc "../Drivers/STM32F3xx_HAL_Driver/Src/stm32f3xx_ll_dma.c" -mcpu=cortex-m4 -std=gnu11 -g3 -DDEBUG -DSTM32F303x8 -DUSE_HAL_DRIVER -c -I../Inc -I/home/lodracir/Documentos/Proyectos/MCD_Controller/DCMotor_Controller/Drivers/CMSIS/Include -I/home/lodracir/Documentos/Proyectos/MCD_Controller/DCMotor_Controller/Drivers/STM32F3xx_HAL_Driver/Inc -I/home/lodracir/Documentos/Proyectos/MCD_Controller/DCMotor_Controller/Drivers/STM32F3xx_HAL_Driver/Inc/Legacy -I/home/lodracir/Documentos/Proyectos/MCD_Controller/DCMotor_Controller/Drivers/CMSIS/Device/ST/STM32F3xx/Include -I/home/lodracir/Documentos/Proyectos/MCD_Controller/DCMotor_Controller/Application/Inc -I/home/lodracir/Documentos/Proyectos/MCD_Controller/DCMotor_Controller/Application/Driver/Inc -O0 -ffunction-sections -fdata-sections -Wall -fstack-usage -MMD -MP -MF"Drivers/STM32F3xx_HAL_Driver/Src/stm32f3xx_ll_dma.d" -MT"Drivers/STM32F3xx_HAL_Driver/Src/stm32f3xx_ll_dma.o" --specs=nano.specs -mfpu=fpv4-sp-d16 -mfloat-abi=hard -mthumb -o "Drivers/STM32F3xx_HAL_Driver/Src/stm32f3xx_ll_dma.o"
arm-none-eabi-gcc "../Drivers/STM32F3xx_HAL_Driver/Src/stm32f3xx_ll_exti.c" -mcpu=cortex-m4 -std=gnu11 -g3 -DDEBUG -DSTM32F303x8 -DUSE_HAL_DRIVER -c -I../Inc -I/home/lodracir/Documentos/Proyectos/MCD_Controller/DCMotor_Controller/Drivers/CMSIS/Include -I/home/lodracir/Documentos/Proyectos/MCD_Controller/DCMotor_Controller/Drivers/STM32F3xx_HAL_Driver/Inc -I/home/lodracir/Documentos/Proyectos/MCD_Controller/DCMotor_Controller/Drivers/STM32F3xx_HAL_Driver/Inc/Legacy -I/home/lodracir/Documentos/Proyectos/MCD_Controller/DCMotor_Controller/Drivers/CMSIS/Device/ST/STM32F3xx/Include -I/home/lodracir/Documentos/Proyectos/MCD_Controller/DCMotor_Controller/Application/Inc -I/home/lodracir/Documentos/Proyectos/MCD_Controller/DCMotor_Controller/Application/Driver/Inc -O0 -ffunction-sections -fdata-sections -Wall -fstack-usage -MMD -MP -MF"Drivers/STM32F3xx_HAL_Driver/Src/stm32f3xx_ll_exti.d" -MT"Drivers/STM32F3xx_HAL_Driver/Src/stm32f3xx_ll_exti.o" --specs=nano.specs -mfpu=fpv4-sp-d16 -mfloat-abi=hard -mthumb -o "Drivers/STM32F3xx_HAL_Driver/Src/stm32f3xx_ll_exti.o"
arm-none-eabi-gcc "../Drivers/STM32F3xx_HAL_Driver/Src/stm32f3xx_ll_fmc.c" -mcpu=cortex-m4 -std=gnu11 -g3 -DDEBUG -DSTM32F303x8 -DUSE_HAL_DRIVER -c -I../Inc -I/home/lodracir/Documentos/Proyectos/MCD_Controller/DCMotor_Controller/Drivers/CMSIS/Include -I/home/lodracir/Documentos/Proyectos/MCD_Controller/DCMotor_Controller/Drivers/STM32F3xx_HAL_Driver/Inc -I/home/lodracir/Documentos/Proyectos/MCD_Controller/DCMotor_Controller/Drivers/STM32F3xx_HAL_Driver/Inc/Legacy -I/home/lodracir/Documentos/Proyectos/MCD_Controller/DCMotor_Controller/Drivers/CMSIS/Device/ST/STM32F3xx/Include -I/home/lodracir/Documentos/Proyectos/MCD_Controller/DCMotor_Controller/Application/Inc -I/home/lodracir/Documentos/Proyectos/MCD_Controller/DCMotor_Controller/Application/Driver/Inc -O0 -ffunction-sections -fdata-sections -Wall -fstack-usage -MMD -MP -MF"Drivers/STM32F3xx_HAL_Driver/Src/stm32f3xx_ll_fmc.d" -MT"Drivers/STM32F3xx_HAL_Driver/Src/stm32f3xx_ll_fmc.o" --specs=nano.specs -mfpu=fpv4-sp-d16 -mfloat-abi=hard -mthumb -o "Drivers/STM32F3xx_HAL_Driver/Src/stm32f3xx_ll_fmc.o"
arm-none-eabi-gcc "../Drivers/STM32F3xx_HAL_Driver/Src/stm32f3xx_ll_gpio.c" -mcpu=cortex-m4 -std=gnu11 -g3 -DDEBUG -DSTM32F303x8 -DUSE_HAL_DRIVER -c -I../Inc -I/home/lodracir/Documentos/Proyectos/MCD_Controller/DCMotor_Controller/Drivers/CMSIS/Include -I/home/lodracir/Documentos/Proyectos/MCD_Controller/DCMotor_Controller/Drivers/STM32F3xx_HAL_Driver/Inc -I/home/lodracir/Documentos/Proyectos/MCD_Controller/DCMotor_Controller/Drivers/STM32F3xx_HAL_Driver/Inc/Legacy -I/home/lodracir/Documentos/Proyectos/MCD_Controller/DCMotor_Controller/Drivers/CMSIS/Device/ST/STM32F3xx/Include -I/home/lodracir/Documentos/Proyectos/MCD_Controller/DCMotor_Controller/Application/Inc -I/home/lodracir/Documentos/Proyectos/MCD_Controller/DCMotor_Controller/Application/Driver/Inc -O0 -ffunction-sections -fdata-sections -Wall -fstack-usage -MMD -MP -MF"Drivers/STM32F3xx_HAL_Driver/Src/stm32f3xx_ll_gpio.d" -MT"Drivers/STM32F3xx_HAL_Driver/Src/stm32f3xx_ll_gpio.o" --specs=nano.specs -mfpu=fpv4-sp-d16 -mfloat-abi=hard -mthumb -o "Drivers/STM32F3xx_HAL_Driver/Src/stm32f3xx_ll_gpio.o"
arm-none-eabi-gcc "../Drivers/STM32F3xx_HAL_Driver/Src/stm32f3xx_ll_hrtim.c" -mcpu=cortex-m4 -std=gnu11 -g3 -DDEBUG -DSTM32F303x8 -DUSE_HAL_DRIVER -c -I../Inc -I/home/lodracir/Documentos/Proyectos/MCD_Controller/DCMotor_Controller/Drivers/CMSIS/Include -I/home/lodracir/Documentos/Proyectos/MCD_Controller/DCMotor_Controller/Drivers/STM32F3xx_HAL_Driver/Inc -I/home/lodracir/Documentos/Proyectos/MCD_Controller/DCMotor_Controller/Drivers/STM32F3xx_HAL_Driver/Inc/Legacy -I/home/lodracir/Documentos/Proyectos/MCD_Controller/DCMotor_Controller/Drivers/CMSIS/Device/ST/STM32F3xx/Include -I/home/lodracir/Documentos/Proyectos/MCD_Controller/DCMotor_Controller/Application/Inc -I/home/lodracir/Documentos/Proyectos/MCD_Controller/DCMotor_Controller/Application/Driver/Inc -O0 -ffunction-sections -fdata-sections -Wall -fstack-usage -MMD -MP -MF"Drivers/STM32F3xx_HAL_Driver/Src/stm32f3xx_ll_hrtim.d" -MT"Drivers/STM32F3xx_HAL_Driver/Src/stm32f3xx_ll_hrtim.o" --specs=nano.specs -mfpu=fpv4-sp-d16 -mfloat-abi=hard -mthumb -o "Drivers/STM32F3xx_HAL_Driver/Src/stm32f3xx_ll_hrtim.o"
arm-none-eabi-gcc "../Drivers/STM32F3xx_HAL_Driver/Src/stm32f3xx_ll_i2c.c" -mcpu=cortex-m4 -std=gnu11 -g3 -DDEBUG -DSTM32F303x8 -DUSE_HAL_DRIVER -c -I../Inc -I/home/lodracir/Documentos/Proyectos/MCD_Controller/DCMotor_Controller/Drivers/CMSIS/Include -I/home/lodracir/Documentos/Proyectos/MCD_Controller/DCMotor_Controller/Drivers/STM32F3xx_HAL_Driver/Inc -I/home/lodracir/Documentos/Proyectos/MCD_Controller/DCMotor_Controller/Drivers/STM32F3xx_HAL_Driver/Inc/Legacy -I/home/lodracir/Documentos/Proyectos/MCD_Controller/DCMotor_Controller/Drivers/CMSIS/Device/ST/STM32F3xx/Include -I/home/lodracir/Documentos/Proyectos/MCD_Controller/DCMotor_Controller/Application/Inc -I/home/lodracir/Documentos/Proyectos/MCD_Controller/DCMotor_Controller/Application/Driver/Inc -O0 -ffunction-sections -fdata-sections -Wall -fstack-usage -MMD -MP -MF"Drivers/STM32F3xx_HAL_Driver/Src/stm32f3xx_ll_i2c.d" -MT"Drivers/STM32F3xx_HAL_Driver/Src/stm32f3xx_ll_i2c.o" --specs=nano.specs -mfpu=fpv4-sp-d16 -mfloat-abi=hard -mthumb -o "Drivers/STM32F3xx_HAL_Driver/Src/stm32f3xx_ll_i2c.o"
arm-none-eabi-gcc "../Drivers/STM32F3xx_HAL_Driver/Src/stm32f3xx_ll_opamp.c" -mcpu=cortex-m4 -std=gnu11 -g3 -DDEBUG -DSTM32F303x8 -DUSE_HAL_DRIVER -c -I../Inc -I/home/lodracir/Documentos/Proyectos/MCD_Controller/DCMotor_Controller/Drivers/CMSIS/Include -I/home/lodracir/Documentos/Proyectos/MCD_Controller/DCMotor_Controller/Drivers/STM32F3xx_HAL_Driver/Inc -I/home/lodracir/Documentos/Proyectos/MCD_Controller/DCMotor_Controller/Drivers/STM32F3xx_HAL_Driver/Inc/Legacy -I/home/lodracir/Documentos/Proyectos/MCD_Controller/DCMotor_Controller/Drivers/CMSIS/Device/ST/STM32F3xx/Include -I/home/lodracir/Documentos/Proyectos/MCD_Controller/DCMotor_Controller/Application/Inc -I/home/lodracir/Documentos/Proyectos/MCD_Controller/DCMotor_Controller/Application/Driver/Inc -O0 -ffunction-sections -fdata-sections -Wall -fstack-usage -MMD -MP -MF"Drivers/STM32F3xx_HAL_Driver/Src/stm32f3xx_ll_opamp.d" -MT"Drivers/STM32F3xx_HAL_Driver/Src/stm32f3xx_ll_opamp.o" --specs=nano.specs -mfpu=fpv4-sp-d16 -mfloat-abi=hard -mthumb -o "Drivers/STM32F3xx_HAL_Driver/Src/stm32f3xx_ll_opamp.o"
arm-none-eabi-gcc "../Drivers/STM32F3xx_HAL_Driver/Src/stm32f3xx_ll_pwr.c" -mcpu=cortex-m4 -std=gnu11 -g3 -DDEBUG -DSTM32F303x8 -DUSE_HAL_DRIVER -c -I../Inc -I/home/lodracir/Documentos/Proyectos/MCD_Controller/DCMotor_Controller/Drivers/CMSIS/Include -I/home/lodracir/Documentos/Proyectos/MCD_Controller/DCMotor_Controller/Drivers/STM32F3xx_HAL_Driver/Inc -I/home/lodracir/Documentos/Proyectos/MCD_Controller/DCMotor_Controller/Drivers/STM32F3xx_HAL_Driver/Inc/Legacy -I/home/lodracir/Documentos/Proyectos/MCD_Controller/DCMotor_Controller/Drivers/CMSIS/Device/ST/STM32F3xx/Include -I/home/lodracir/Documentos/Proyectos/MCD_Controller/DCMotor_Controller/Application/Inc -I/home/lodracir/Documentos/Proyectos/MCD_Controller/DCMotor_Controller/Application/Driver/Inc -O0 -ffunction-sections -fdata-sections -Wall -fstack-usage -MMD -MP -MF"Drivers/STM32F3xx_HAL_Driver/Src/stm32f3xx_ll_pwr.d" -MT"Drivers/STM32F3xx_HAL_Driver/Src/stm32f3xx_ll_pwr.o" --specs=nano.specs -mfpu=fpv4-sp-d16 -mfloat-abi=hard -mthumb -o "Drivers/STM32F3xx_HAL_Driver/Src/stm32f3xx_ll_pwr.o"
arm-none-eabi-gcc "../Drivers/STM32F3xx_HAL_Driver/Src/stm32f3xx_ll_rcc.c" -mcpu=cortex-m4 -std=gnu11 -g3 -DDEBUG -DSTM32F303x8 -DUSE_HAL_DRIVER -c -I../Inc -I/home/lodracir/Documentos/Proyectos/MCD_Controller/DCMotor_Controller/Drivers/CMSIS/Include -I/home/lodracir/Documentos/Proyectos/MCD_Controller/DCMotor_Controller/Drivers/STM32F3xx_HAL_Driver/Inc -I/home/lodracir/Documentos/Proyectos/MCD_Controller/DCMotor_Controller/Drivers/STM32F3xx_HAL_Driver/Inc/Legacy -I/home/lodracir/Documentos/Proyectos/MCD_Controller/DCMotor_Controller/Drivers/CMSIS/Device/ST/STM32F3xx/Include -I/home/lodracir/Documentos/Proyectos/MCD_Controller/DCMotor_Controller/Application/Inc -I/home/lodracir/Documentos/Proyectos/MCD_Controller/DCMotor_Controller/Application/Driver/Inc -O0 -ffunction-sections -fdata-sections -Wall -fstack-usage -MMD -MP -MF"Drivers/STM32F3xx_HAL_Driver/Src/stm32f3xx_ll_rcc.d" -MT"Drivers/STM32F3xx_HAL_Driver/Src/stm32f3xx_ll_rcc.o" --specs=nano.specs -mfpu=fpv4-sp-d16 -mfloat-abi=hard -mthumb -o "Drivers/STM32F3xx_HAL_Driver/Src/stm32f3xx_ll_rcc.o"
arm-none-eabi-gcc "../Drivers/STM32F3xx_HAL_Driver/Src/stm32f3xx_ll_rtc.c" -mcpu=cortex-m4 -std=gnu11 -g3 -DDEBUG -DSTM32F303x8 -DUSE_HAL_DRIVER -c -I../Inc -I/home/lodracir/Documentos/Proyectos/MCD_Controller/DCMotor_Controller/Drivers/CMSIS/Include -I/home/lodracir/Documentos/Proyectos/MCD_Controller/DCMotor_Controller/Drivers/STM32F3xx_HAL_Driver/Inc -I/home/lodracir/Documentos/Proyectos/MCD_Controller/DCMotor_Controller/Drivers/STM32F3xx_HAL_Driver/Inc/Legacy -I/home/lodracir/Documentos/Proyectos/MCD_Controller/DCMotor_Controller/Drivers/CMSIS/Device/ST/STM32F3xx/Include -I/home/lodracir/Documentos/Proyectos/MCD_Controller/DCMotor_Controller/Application/Inc -I/home/lodracir/Documentos/Proyectos/MCD_Controller/DCMotor_Controller/Application/Driver/Inc -O0 -ffunction-sections -fdata-sections -Wall -fstack-usage -MMD -MP -MF"Drivers/STM32F3xx_HAL_Driver/Src/stm32f3xx_ll_rtc.d" -MT"Drivers/STM32F3xx_HAL_Driver/Src/stm32f3xx_ll_rtc.o" --specs=nano.specs -mfpu=fpv4-sp-d16 -mfloat-abi=hard -mthumb -o "Drivers/STM32F3xx_HAL_Driver/Src/stm32f3xx_ll_rtc.o"
arm-none-eabi-gcc "../Drivers/STM32F3xx_HAL_Driver/Src/stm32f3xx_ll_spi.c" -mcpu=cortex-m4 -std=gnu11 -g3 -DDEBUG -DSTM32F303x8 -DUSE_HAL_DRIVER -c -I../Inc -I/home/lodracir/Documentos/Proyectos/MCD_Controller/DCMotor_Controller/Drivers/CMSIS/Include -I/home/lodracir/Documentos/Proyectos/MCD_Controller/DCMotor_Controller/Drivers/STM32F3xx_HAL_Driver/Inc -I/home/lodracir/Documentos/Proyectos/MCD_Controller/DCMotor_Controller/Drivers/STM32F3xx_HAL_Driver/Inc/Legacy -I/home/lodracir/Documentos/Proyectos/MCD_Controller/DCMotor_Controller/Drivers/CMSIS/Device/ST/STM32F3xx/Include -I/home/lodracir/Documentos/Proyectos/MCD_Controller/DCMotor_Controller/Application/Inc -I/home/lodracir/Documentos/Proyectos/MCD_Controller/DCMotor_Controller/Application/Driver/Inc -O0 -ffunction-sections -fdata-sections -Wall -fstack-usage -MMD -MP -MF"Drivers/STM32F3xx_HAL_Driver/Src/stm32f3xx_ll_spi.d" -MT"Drivers/STM32F3xx_HAL_Driver/Src/stm32f3xx_ll_spi.o" --specs=nano.specs -mfpu=fpv4-sp-d16 -mfloat-abi=hard -mthumb -o "Drivers/STM32F3xx_HAL_Driver/Src/stm32f3xx_ll_spi.o"
arm-none-eabi-gcc "../Drivers/STM32F3xx_HAL_Driver/Src/stm32f3xx_ll_tim.c" -mcpu=cortex-m4 -std=gnu11 -g3 -DDEBUG -DSTM32F303x8 -DUSE_HAL_DRIVER -c -I../Inc -I/home/lodracir/Documentos/Proyectos/MCD_Controller/DCMotor_Controller/Drivers/CMSIS/Include -I/home/lodracir/Documentos/Proyectos/MCD_Controller/DCMotor_Controller/Drivers/STM32F3xx_HAL_Driver/Inc -I/home/lodracir/Documentos/Proyectos/MCD_Controller/DCMotor_Controller/Drivers/STM32F3xx_HAL_Driver/Inc/Legacy -I/home/lodracir/Documentos/Proyectos/MCD_Controller/DCMotor_Controller/Drivers/CMSIS/Device/ST/STM32F3xx/Include -I/home/lodracir/Documentos/Proyectos/MCD_Controller/DCMotor_Controller/Application/Inc -I/home/lodracir/Documentos/Proyectos/MCD_Controller/DCMotor_Controller/Application/Driver/Inc -O0 -ffunction-sections -fdata-sections -Wall -fstack-usage -MMD -MP -MF"Drivers/STM32F3xx_HAL_Driver/Src/stm32f3xx_ll_tim.d" -MT"Drivers/STM32F3xx_HAL_Driver/Src/stm32f3xx_ll_tim.o" --specs=nano.specs -mfpu=fpv4-sp-d16 -mfloat-abi=hard -mthumb -o "Drivers/STM32F3xx_HAL_Driver/Src/stm32f3xx_ll_tim.o"
arm-none-eabi-gcc "../Drivers/STM32F3xx_HAL_Driver/Src/stm32f3xx_ll_usart.c" -mcpu=cortex-m4 -std=gnu11 -g3 -DDEBUG -DSTM32F303x8 -DUSE_HAL_DRIVER -c -I../Inc -I/home/lodracir/Documentos/Proyectos/MCD_Controller/DCMotor_Controller/Drivers/CMSIS/Include -I/home/lodracir/Documentos/Proyectos/MCD_Controller/DCMotor_Controller/Drivers/STM32F3xx_HAL_Driver/Inc -I/home/lodracir/Documentos/Proyectos/MCD_Controller/DCMotor_Controller/Drivers/STM32F3xx_HAL_Driver/Inc/Legacy -I/home/lodracir/Documentos/Proyectos/MCD_Controller/DCMotor_Controller/Drivers/CMSIS/Device/ST/STM32F3xx/Include -I/home/lodracir/Documentos/Proyectos/MCD_Controller/DCMotor_Controller/Application/Inc -I/home/lodracir/Documentos/Proyectos/MCD_Controller/DCMotor_Controller/Application/Driver/Inc -O0 -ffunction-sections -fdata-sections -Wall -fstack-usage -MMD -MP -MF"Drivers/STM32F3xx_HAL_Driver/Src/stm32f3xx_ll_usart.d" -MT"Drivers/STM32F3xx_HAL_Driver/Src/stm32f3xx_ll_usart.o" --specs=nano.specs -mfpu=fpv4-sp-d16 -mfloat-abi=hard -mthumb -o "Drivers/STM32F3xx_HAL_Driver/Src/stm32f3xx_ll_usart.o"
arm-none-eabi-gcc "../Drivers/STM32F3xx_HAL_Driver/Src/stm32f3xx_ll_usb.c" -mcpu=cortex-m4 -std=gnu11 -g3 -DDEBUG -DSTM32F303x8 -DUSE_HAL_DRIVER -c -I../Inc -I/home/lodracir/Documentos/Proyectos/MCD_Controller/DCMotor_Controller/Drivers/CMSIS/Include -I/home/lodracir/Documentos/Proyectos/MCD_Controller/DCMotor_Controller/Drivers/STM32F3xx_HAL_Driver/Inc -I/home/lodracir/Documentos/Proyectos/MCD_Controller/DCMotor_Controller/Drivers/STM32F3xx_HAL_Driver/Inc/Legacy -I/home/lodracir/Documentos/Proyectos/MCD_Controller/DCMotor_Controller/Drivers/CMSIS/Device/ST/STM32F3xx/Include -I/home/lodracir/Documentos/Proyectos/MCD_Controller/DCMotor_Controller/Application/Inc -I/home/lodracir/Documentos/Proyectos/MCD_Controller/DCMotor_Controller/Application/Driver/Inc -O0 -ffunction-sections -fdata-sections -Wall -fstack-usage -MMD -MP -MF"Drivers/STM32F3xx_HAL_Driver/Src/stm32f3xx_ll_usb.d" -MT"Drivers/STM32F3xx_HAL_Driver/Src/stm32f3xx_ll_usb.o" --specs=nano.specs -mfpu=fpv4-sp-d16 -mfloat-abi=hard -mthumb -o "Drivers/STM32F3xx_HAL_Driver/Src/stm32f3xx_ll_usb.o"
arm-none-eabi-gcc "../Drivers/STM32F3xx_HAL_Driver/Src/stm32f3xx_ll_utils.c" -mcpu=cortex-m4 -std=gnu11 -g3 -DDEBUG -DSTM32F303x8 -DUSE_HAL_DRIVER -c -I../Inc -I/home/lodracir/Documentos/Proyectos/MCD_Controller/DCMotor_Controller/Drivers/CMSIS/Include -I/home/lodracir/Documentos/Proyectos/MCD_Controller/DCMotor_Controller/Drivers/STM32F3xx_HAL_Driver/Inc -I/home/lodracir/Documentos/Proyectos/MCD_Controller/DCMotor_Controller/Drivers/STM32F3xx_HAL_Driver/Inc/Legacy -I/home/lodracir/Documentos/Proyectos/MCD_Controller/DCMotor_Controller/Drivers/CMSIS/Device/ST/STM32F3xx/Include -I/home/lodracir/Documentos/Proyectos/MCD_Controller/DCMotor_Controller/Application/Inc -I/home/lodracir/Documentos/Proyectos/MCD_Controller/DCMotor_Controller/Application/Driver/Inc -O0 -ffunction-sections -fdata-sections -Wall -fstack-usage -MMD -MP -MF"Drivers/STM32F3xx_HAL_Driver/Src/stm32f3xx_ll_utils.d" -MT"Drivers/STM32F3xx_HAL_Driver/Src/stm32f3xx_ll_utils.o" --specs=nano.specs -mfpu=fpv4-sp-d16 -mfloat-abi=hard -mthumb -o "Drivers/STM32F3xx_HAL_Driver/Src/stm32f3xx_ll_utils.o"
arm-none-eabi-gcc "../Application/Src/gpio_app.c" -mcpu=cortex-m4 -std=gnu11 -g3 -DDEBUG -DSTM32F303x8 -DUSE_HAL_DRIVER -c -I../Inc -I/home/lodracir/Documentos/Proyectos/MCD_Controller/DCMotor_Controller/Drivers/CMSIS/Include -I/home/lodracir/Documentos/Proyectos/MCD_Controller/DCMotor_Controller/Drivers/STM32F3xx_HAL_Driver/Inc -I/home/lodracir/Documentos/Proyectos/MCD_Controller/DCMotor_Controller/Drivers/STM32F3xx_HAL_Driver/Inc/Legacy -I/home/lodracir/Documentos/Proyectos/MCD_Controller/DCMotor_Controller/Drivers/CMSIS/Device/ST/STM32F3xx/Include -I/home/lodracir/Documentos/Proyectos/MCD_Controller/DCMotor_Controller/Application/Inc -I/home/lodracir/Documentos/Proyectos/MCD_Controller/DCMotor_Controller/Application/Driver/Inc -O0 -ffunction-sections -fdata-sections -Wall -fstack-usage -MMD -MP -MF"Application/Src/gpio_app.d" -MT"Application/Src/gpio_app.o" --specs=nano.specs -mfpu=fpv4-sp-d16 -mfloat-abi=hard -mthumb -o "Application/Src/gpio_app.o"
arm-none-eabi-gcc "../Application/Src/main_app.c" -mcpu=cortex-m4 -std=gnu11 -g3 -DDEBUG -DSTM32F303x8 -DUSE_HAL_DRIVER -c -I../Inc -I/home/lodracir/Documentos/Proyectos/MCD_Controller/DCMotor_Controller/Drivers/CMSIS/Include -I/home/lodracir/Documentos/Proyectos/MCD_Controller/DCMotor_Controller/Drivers/STM32F3xx_HAL_Driver/Inc -I/home/lodracir/Documentos/Proyectos/MCD_Controller/DCMotor_Controller/Drivers/STM32F3xx_HAL_Driver/Inc/Legacy -I/home/lodracir/Documentos/Proyectos/MCD_Controller/DCMotor_Controller/Drivers/CMSIS/Device/ST/STM32F3xx/Include -I/home/lodracir/Documentos/Proyectos/MCD_Controller/DCMotor_Controller/Application/Inc -I/home/lodracir/Documentos/Proyectos/MCD_Controller/DCMotor_Controller/Application/Driver/Inc -O0 -ffunction-sections -fdata-sections -Wall -fstack-usage -MMD -MP -MF"Application/Src/main_app.d" -MT"Application/Src/main_app.o" --specs=nano.specs -mfpu=fpv4-sp-d16 -mfloat-abi=hard -mthumb -o "Application/Src/main_app.o"
arm-none-eabi-gcc "../Application/Src/tim_app.c" -mcpu=cortex-m4 -std=gnu11 -g3 -DDEBUG -DSTM32F303x8 -DUSE_HAL_DRIVER -c -I../Inc -I/home/lodracir/Documentos/Proyectos/MCD_Controller/DCMotor_Controller/Drivers/CMSIS/Include -I/home/lodracir/Documentos/Proyectos/MCD_Controller/DCMotor_Controller/Drivers/STM32F3xx_HAL_Driver/Inc -I/home/lodracir/Documentos/Proyectos/MCD_Controller/DCMotor_Controller/Drivers/STM32F3xx_HAL_Driver/Inc/Legacy -I/home/lodracir/Documentos/Proyectos/MCD_Controller/DCMotor_Controller/Drivers/CMSIS/Device/ST/STM32F3xx/Include -I/home/lodracir/Documentos/Proyectos/MCD_Controller/DCMotor_Controller/Application/Inc -I/home/lodracir/Documentos/Proyectos/MCD_Controller/DCMotor_Controller/Application/Driver/Inc -O0 -ffunction-sections -fdata-sections -Wall -fstack-usage -MMD -MP -MF"Application/Src/tim_app.d" -MT"Application/Src/tim_app.o" --specs=nano.specs -mfpu=fpv4-sp-d16 -mfloat-abi=hard -mthumb -o "Application/Src/tim_app.o"
arm-none-eabi-gcc "../Application/Src/uart_app.c" -mcpu=cortex-m4 -std=gnu11 -g3 -DDEBUG -DSTM32F303x8 -DUSE_HAL_DRIVER -c -I../Inc -I/home/lodracir/Documentos/Proyectos/MCD_Controller/DCMotor_Controller/Drivers/CMSIS/Include -I/home/lodracir/Documentos/Proyectos/MCD_Controller/DCMotor_Controller/Drivers/STM32F3xx_HAL_Driver/Inc -I/home/lodracir/Documentos/Proyectos/MCD_Controller/DCMotor_Controller/Drivers/STM32F3xx_HAL_Driver/Inc/Legacy -I/home/lodracir/Documentos/Proyectos/MCD_Controller/DCMotor_Controller/Drivers/CMSIS/Device/ST/STM32F3xx/Include -I/home/lodracir/Documentos/Proyectos/MCD_Controller/DCMotor_Controller/Application/Inc -I/home/lodracir/Documentos/Proyectos/MCD_Controller/DCMotor_Controller/Application/Driver/Inc -O0 -ffunction-sections -fdata-sections -Wall -fstack-usage -MMD -MP -MF"Application/Src/uart_app.d" -MT"Application/Src/uart_app.o" --specs=nano.specs -mfpu=fpv4-sp-d16 -mfloat-abi=hard -mthumb -o "Application/Src/uart_app.o"
arm-none-eabi-gcc -o "DCMotor_Controller.elf" @"objects.list"   -mcpu=cortex-m4 -T"/home/lodracir/Documentos/Proyectos/MCD_Controller/DCMotor_Controller/STM32F303K8TX_FLASH.ld" --specs=nosys.specs -Wl,-Map="DCMotor_Controller.map" -Wl,--gc-sections -static --specs=nano.specs -mfpu=fpv4-sp-d16 -mfloat-abi=hard -mthumb -Wl,--start-group -lc -lm -Wl,--end-group
Finished building target: DCMotor_Controller.elf
 
arm-none-eabi-size   DCMotor_Controller.elf 
arm-none-eabi-objdump -h -S  DCMotor_Controller.elf  > "DCMotor_Controller.list"
   text	   data	    bss	    dec	    hex	filename
   9876	     20	   1700	  11596	   2d4c	DCMotor_Controller.elf
Finished building: default.size.stdout
 
Finished building: DCMotor_Controller.list
 

11:32:58 Build Finished. 0 errors, 0 warnings. (took 1s.720ms)

