21:21:03 **** Incremental Build of configuration Debug for project MCD_Controller ****
make -j12 all 
arm-none-eabi-g++ "../Src/app_drv.cpp" -mcpu=cortex-m4 -std=gnu++14 -g3 -DDEBUG -DSTM32 -DSTM32F303K8Tx -DNUCLEO_F303K8 -DSTM32F3 -DSTM32F303x8 -c -I../Inc -I"C:/Users/ric_e/Documents/MCU_Workspace/Public_Projects/MCD_Controller/MCD_Controller/Drivers/CMSIS/Include" -I"C:/Users/ric_e/Documents/MCU_Workspace/Public_Projects/MCD_Controller/MCD_Controller/Drivers/CMSIS/Device/ST/STM32F3xx/Include" -O0 -ffunction-sections -fdata-sections -fno-exceptions -fno-rtti -fno-use-cxa-atexit -Wall -fstack-usage -MMD -MP -MF"Src/app_drv.d" -MT"Src/app_drv.o" --specs=nano.specs -mfpu=fpv4-sp-d16 -mfloat-abi=hard -mthumb -o "Src/app_drv.o"
arm-none-eabi-g++ -o "MCD_Controller.elf" @"objects.list"   -mcpu=cortex-m4 -T"C:\Users\ric_e\Documents\MCU_Workspace\Public_Projects\MCD_Controller\MCD_Controller\STM32F303K8TX_FLASH.ld" --specs=nosys.specs -Wl,-Map="MCD_Controller.map" -Wl,--gc-sections -static --specs=nano.specs -mfpu=fpv4-sp-d16 -mfloat-abi=hard -mthumb -Wl,--start-group -lc -lm -lstdc++ -lsupc++ -Wl,--end-group
Finished building target: MCD_Controller.elf
 
arm-none-eabi-size   MCD_Controller.elf 
arm-none-eabi-objdump -h -S  MCD_Controller.elf  > "MCD_Controller.list"
   text	   data	    bss	    dec	    hex	filename
   2408	      8	   1576	   3992	    f98	MCD_Controller.elf
Finished building: default.size.stdout
 
Finished building: MCD_Controller.list
 

21:21:03 Build Finished. 0 errors, 0 warnings. (took 756ms)

