13:54:43 **** Build of configuration Debug for project MCD_Controller ****
make -j12 all 
arm-none-eabi-gcc -mcpu=cortex-m4 -g3 -DDEBUG -c -x assembler-with-cpp -MMD -MP -MF"Startup/startup_stm32f303k8tx.d" -MT"Startup/startup_stm32f303k8tx.o" --specs=nano.specs -mfpu=fpv4-sp-d16 -mfloat-abi=hard -mthumb -o "Startup/startup_stm32f303k8tx.o" "../Startup/startup_stm32f303k8tx.s"
arm-none-eabi-g++ "../Src/main.cpp" -mcpu=cortex-m4 -std=gnu++14 -g3 -DDEBUG -DSTM32 -DSTM32F303K8Tx -DNUCLEO_F303K8 -DSTM32F3 -c -I../Inc -O0 -ffunction-sections -fdata-sections -fno-exceptions -fno-rtti -fno-use-cxa-atexit -Wall -fstack-usage -MMD -MP -MF"Src/main.d" -MT"Src/main.o" --specs=nano.specs -mfpu=fpv4-sp-d16 -mfloat-abi=hard -mthumb -o "Src/main.o"
arm-none-eabi-gcc "../Src/syscalls.c" -mcpu=cortex-m4 -std=gnu11 -g3 -DDEBUG -DSTM32 -DSTM32F303K8Tx -DNUCLEO_F303K8 -DSTM32F3 -c -I../Inc -O0 -ffunction-sections -fdata-sections -Wall -fstack-usage -MMD -MP -MF"Src/syscalls.d" -MT"Src/syscalls.o" --specs=nano.specs -mfpu=fpv4-sp-d16 -mfloat-abi=hard -mthumb -o "Src/syscalls.o"
arm-none-eabi-gcc "../Src/sysmem.c" -mcpu=cortex-m4 -std=gnu11 -g3 -DDEBUG -DSTM32 -DSTM32F303K8Tx -DNUCLEO_F303K8 -DSTM32F3 -c -I../Inc -O0 -ffunction-sections -fdata-sections -Wall -fstack-usage -MMD -MP -MF"Src/sysmem.d" -MT"Src/sysmem.o" --specs=nano.specs -mfpu=fpv4-sp-d16 -mfloat-abi=hard -mthumb -o "Src/sysmem.o"
arm-none-eabi-g++ -o "MCD_Controller.elf" @"objects.list"   -mcpu=cortex-m4 -T"C:\Users\ric_e\Documents\MCU_Workspace\Public_Projects\MCD_Controller\MCD_Controller\STM32F303K8TX_FLASH.ld" --specs=nosys.specs -Wl,-Map="MCD_Controller.map" -Wl,--gc-sections -static --specs=nano.specs -mfpu=fpv4-sp-d16 -mfloat-abi=hard -mthumb -Wl,--start-group -lc -lm -lstdc++ -lsupc++ -Wl,--end-group
Finished building target: MCD_Controller.elf
 
arm-none-eabi-size   MCD_Controller.elf 
arm-none-eabi-objdump -h -S  MCD_Controller.elf  > "MCD_Controller.list"
   text	   data	    bss	    dec	    hex	filename
    656	      8	   1568	   2232	    8b8	MCD_Controller.elf
Finished building: default.size.stdout
 
Finished building: MCD_Controller.list
 

13:54:45 Build Finished. 0 errors, 0 warnings. (took 2s.193ms)

